Archive member included to satisfy reference by file (symbol)

Z:\Documents\Git\motoractuatedvalve-controller\build/core\core.a(SERCOM.cpp.o)
                              Z:\Documents\Git\motoractuatedvalve-controller\build\core\variant.cpp.o (SERCOM::SERCOM(Sercom*))
Z:\Documents\Git\motoractuatedvalve-controller\build/core\core.a(CDC.cpp.o)
                              Z:\Documents\Git\motoractuatedvalve-controller\build\sketch\Controller.ino.cpp.o (Serial_::begin(unsigned long))
Z:\Documents\Git\motoractuatedvalve-controller\build/core\core.a(USBCore.cpp.o)
                              Z:\Documents\Git\motoractuatedvalve-controller\build/core\core.a(CDC.cpp.o) (usbd)
Z:\Documents\Git\motoractuatedvalve-controller\build/core\core.a(Uart.cpp.o)
                              Z:\Documents\Git\motoractuatedvalve-controller\build\sketch\Controller.ino.cpp.o (Uart::begin(unsigned long))
Z:\Documents\Git\motoractuatedvalve-controller\build/core\core.a(PluggableUSB.cpp.o)
                              Z:\Documents\Git\motoractuatedvalve-controller\build/core\core.a(USBCore.cpp.o) (arduino::PluggableUSB_::getInterface(unsigned char*))
Z:\Documents\Git\motoractuatedvalve-controller\build/core\core.a(Print.cpp.o)
                              Z:\Documents\Git\motoractuatedvalve-controller\build/core\core.a(Uart.cpp.o) (arduino::Print::write(unsigned char const*, unsigned int))
Z:\Documents\Git\motoractuatedvalve-controller\build/core\core.a(cortex_handlers.c.o)
                              (Reset_Handler)
Z:\Documents\Git\motoractuatedvalve-controller\build/core\core.a(delay.c.o)
                              Z:\Documents\Git\motoractuatedvalve-controller\build/core\core.a(CDC.cpp.o) (millis)
Z:\Documents\Git\motoractuatedvalve-controller\build/core\core.a(hooks.c.o)
                              Z:\Documents\Git\motoractuatedvalve-controller\build/core\core.a(delay.c.o) (yield)
Z:\Documents\Git\motoractuatedvalve-controller\build/core\core.a(main.cpp.o)
                              c:/users/xsegg/appdata/local/arduino15/packages/arduino/tools/arm-none-eabi-gcc/7-2017q4/bin/../lib/gcc/arm-none-eabi/7.2.1/../../../../arm-none-eabi/lib/thumb/v6-m/crt0.o (main)
Z:\Documents\Git\motoractuatedvalve-controller\build/core\core.a(new.cpp.o)
                              Z:\Documents\Git\motoractuatedvalve-controller\build/core\core.a(USBCore.cpp.o) (operator new(unsigned int))
Z:\Documents\Git\motoractuatedvalve-controller\build/core\core.a(startup.c.o)
                              Z:\Documents\Git\motoractuatedvalve-controller\build/core\core.a(cortex_handlers.c.o) (SystemInit)
Z:\Documents\Git\motoractuatedvalve-controller\build/core\core.a(wiring.c.o)
                              Z:\Documents\Git\motoractuatedvalve-controller\build/core\core.a(main.cpp.o) (init)
Z:\Documents\Git\motoractuatedvalve-controller\build/core\core.a(wiring_analog.c.o)
                              Z:\Documents\Git\motoractuatedvalve-controller\build/core\core.a(wiring.c.o) (analogReference)
Z:\Documents\Git\motoractuatedvalve-controller\build/core\core.a(wiring_digital.c.o)
                              Z:\Documents\Git\motoractuatedvalve-controller\build\core\variant.cpp.o (pinMode)
Z:\Documents\Git\motoractuatedvalve-controller\build/core\core.a(wiring_private.c.o)
                              Z:\Documents\Git\motoractuatedvalve-controller\build/core\core.a(Uart.cpp.o) (pinPeripheral)
Z:\Documents\Git\motoractuatedvalve-controller\build/core\core.a(Reset.cpp.o)
                              Z:\Documents\Git\motoractuatedvalve-controller\build/core\core.a(CDC.cpp.o) (initiateReset)
Z:\Documents\Git\motoractuatedvalve-controller\build/core\core.a(abi.cpp.o)
                              Z:\Documents\Git\motoractuatedvalve-controller\build/core\core.a(Print.cpp.o) (__cxa_pure_virtual)
c:/users/xsegg/appdata/local/arduino15/packages/arduino/tools/arm-none-eabi-gcc/7-2017q4/bin/../lib/gcc/arm-none-eabi/7.2.1/thumb/v6-m\libgcc.a(_thumb1_case_uqi.o)
                              Z:\Documents\Git\motoractuatedvalve-controller\build\sketch\Controller.ino.cpp.o (__gnu_thumb1_case_uqi)
c:/users/xsegg/appdata/local/arduino15/packages/arduino/tools/arm-none-eabi-gcc/7-2017q4/bin/../lib/gcc/arm-none-eabi/7.2.1/thumb/v6-m\libgcc.a(_udivsi3.o)
                              Z:\Documents\Git\motoractuatedvalve-controller\build/core\core.a(SERCOM.cpp.o) (__aeabi_uidiv)
c:/users/xsegg/appdata/local/arduino15/packages/arduino/tools/arm-none-eabi-gcc/7-2017q4/bin/../lib/gcc/arm-none-eabi/7.2.1/thumb/v6-m\libgcc.a(_divsi3.o)
                              Z:\Documents\Git\motoractuatedvalve-controller\build/core\core.a(SERCOM.cpp.o) (__aeabi_idiv)
c:/users/xsegg/appdata/local/arduino15/packages/arduino/tools/arm-none-eabi-gcc/7-2017q4/bin/../lib/gcc/arm-none-eabi/7.2.1/thumb/v6-m\libgcc.a(_dvmd_tls.o)
[...]
Memory Configuration

Name             Origin             Length             Attributes
FLASH            0x00002000         0x0003e000         xr
RAM              0x20000000         0x00008000         xrw
*default*        0x00000000         0xffffffff

Linker script and memory map

LOAD c:/users/xsegg/appdata/local/arduino15/packages/arduino/tools/arm-none-eabi-gcc/7-2017q4/bin/../lib/gcc/arm-none-eabi/7.2.1/thumb/v6-m/crti.o
LOAD c:/users/xsegg/appdata/local/arduino15/packages/arduino/tools/arm-none-eabi-gcc/7-2017q4/bin/../lib/gcc/arm-none-eabi/7.2.1/thumb/v6-m/crtbegin.o
LOAD c:/users/xsegg/appdata/local/arduino15/packages/arduino/tools/arm-none-eabi-gcc/7-2017q4/bin/../lib/gcc/arm-none-eabi/7.2.1/../../../../arm-none-eabi/lib/thumb/v6-m/crt0.o
LOAD Z:\Documents\Git\motoractuatedvalve-controller\build\sketch\Controller.ino.cpp.o
LOAD Z:\Documents\Git\motoractuatedvalve-controller\build\core\variant.cpp.o
START GROUP
LOAD C:\Users\xsegg\AppData\Local\Arduino15\packages\arduino\tools\CMSIS\4.5.0/CMSIS/Lib/GCC/\libarm_cortexM0l_math.a
LOAD Z:\Documents\Git\motoractuatedvalve-controller\build/core\core.a
END GROUP
LOAD c:/users/xsegg/appdata/local/arduino15/packages/arduino/tools/arm-none-eabi-gcc/7-2017q4/bin/../lib/gcc/arm-none-eabi/7.2.1/../../../../arm-none-eabi/lib/thumb/v6-m\libstdc++_nano.a
LOAD c:/users/xsegg/appdata/local/arduino15/packages/arduino/tools/arm-none-eabi-gcc/7-2017q4/bin/../lib/gcc/arm-none-eabi/7.2.1/../../../../arm-none-eabi/lib/thumb/v6-m\libm.a
START GROUP
LOAD c:/users/xsegg/appdata/local/arduino15/packages/arduino/tools/arm-none-eabi-gcc/7-2017q4/bin/../lib/gcc/arm-none-eabi/7.2.1/thumb/v6-m\libgcc.a
LOAD c:/users/xsegg/appdata/local/arduino15/packages/arduino/tools/arm-none-eabi-gcc/7-2017q4/bin/../lib/gcc/arm-none-eabi/7.2.1/../../../../arm-none-eabi/lib/thumb/v6-m\libc_nano.a
END GROUP
START GROUP
LOAD c:/users/xsegg/appdata/local/arduino15/packages/arduino/tools/arm-none-eabi-gcc/7-2017q4/bin/../lib/gcc/arm-none-eabi/7.2.1/thumb/v6-m\libgcc.a
LOAD c:/users/xsegg/appdata/local/arduino15/packages/arduino/tools/arm-none-eabi-gcc/7-2017q4/bin/../lib/gcc/arm-none-eabi/7.2.1/../../../../arm-none-eabi/lib/thumb/v6-m\libc_nano.a
LOAD c:/users/xsegg/appdata/local/arduino15/packages/arduino/tools/arm-none-eabi-gcc/7-2017q4/bin/../lib/gcc/arm-none-eabi/7.2.1/../../../../arm-none-eabi/lib/thumb/v6-m\libnosys.a
END GROUP
START GROUP
LOAD c:/users/xsegg/appdata/local/arduino15/packages/arduino/tools/arm-none-eabi-gcc/7-2017q4/bin/../lib/gcc/arm-none-eabi/7.2.1/thumb/v6-m\libgcc.a
LOAD c:/users/xsegg/appdata/local/arduino15/packages/arduino/tools/arm-none-eabi-gcc/7-2017q4/bin/../lib/gcc/arm-none-eabi/7.2.1/../../../../arm-none-eabi/lib/thumb/v6-m\libc_nano.a
LOAD c:/users/xsegg/appdata/local/arduino15/packages/arduino/tools/arm-none-eabi-gcc/7-2017q4/bin/../lib/gcc/arm-none-eabi/7.2.1/../../../../arm-none-eabi/lib/thumb/v6-m\libnosys.a
END GROUP
LOAD c:/users/xsegg/appdata/local/arduino15/packages/arduino/tools/arm-none-eabi-gcc/7-2017q4/bin/../lib/gcc/arm-none-eabi/7.2.1/thumb/v6-m/crtend.o
LOAD c:/users/xsegg/appdata/local/arduino15/packages/arduino/tools/arm-none-eabi-gcc/7-2017q4/bin/../lib/gcc/arm-none-eabi/7.2.1/thumb/v6-m/crtn.o

.text           0x00002000     0x4b24
                0x00002000                __text_start__ = .
 *(.sketch_boot)
                0x00002000                . = ALIGN (0x2000)
 *(.isr_vector)
 .isr_vector    0x00002000       0xb4 Z:\Documents\Git\motoractuatedvalve-controller\build/core\core.a(cortex_handlers.c.o)
                0x00002000                exception_table
 *(.text*)
 .text          0x000020b4       0x48 c:/users/xsegg/appdata/local/arduino15/packages/arduino/tools/arm-none-eabi-gcc/7-2017q4/bin/../lib/gcc/arm-none-eabi/7.2.1/thumb/v6-m/crtbegin.o
 .text._Z13configureGPIOhhbbbbb
                0x000020fc       0x60 Z:\Documents\Git\motoractuatedvalve-controller\build\sketch\Controller.ino.cpp.o
                0x000020fc                configureGPIO(unsigned char, unsigned char, bool, bool, bool, bool, bool)
 .text._Z15configureClocksv
                0x0000215c       0x80 Z:\Documents\Git\motoractuatedvalve-controller\build\sketch\Controller.ino.cpp.o
                0x0000215c                configureClocks()
 .text.startup._GLOBAL__sub_I_Fuel
                0x000021dc       0x4c Z:\Documents\Git\motoractuatedvalve-controller\build\sketch\Controller.ino.cpp.o
 .text._Z6sPrintih
                0x00002228       0x1c Z:\Documents\Git\motoractuatedvalve-controller\build\sketch\Controller.ino.cpp.o
                0x00002228                sPrint(int, unsigned char)
 .text._Z6sPrintPKc
                0x00002244       0x18 Z:\Documents\Git\motoractuatedvalve-controller\build\sketch\Controller.ino.cpp.o
                0x00002244                sPrint(char const*)
 .text._Z8sPrintlnv
                0x0000225c       0x10 Z:\Documents\Git\motoractuatedvalve-controller\build\sketch\Controller.ino.cpp.o
                0x0000225c                sPrintln()
 .text._Z8sPrintlnih
                0x0000226c        0xc Z:\Documents\Git\motoractuatedvalve-controller\build\sketch\Controller.ino.cpp.o
                0x0000226c                sPrintln(int, unsigned char)
 .text._Z8sPrintlnb
                0x00002278        0xe Z:\Documents\Git\motoractuatedvalve-controller\build\sketch\Controller.ino.cpp.o
                0x00002278                sPrintln(bool)
 .text._Z8sPrintlnPKc
                0x00002286        0xc Z:\Documents\Git\motoractuatedvalve-controller\build\sketch\Controller.ino.cpp.o
                0x00002286                sPrintln(char const*)
 *fill*         0x00002292        0x2 
 .text._Z5errorb
                0x00002294       0x74 Z:\Documents\Git\motoractuatedvalve-controller\build\sketch\Controller.ino.cpp.o
                0x00002294                error(bool)
 .text._Z14readRawEncData7Encoder
                0x00002308       0x60 Z:\Documents\Git\motoractuatedvalve-controller\build\sketch\Controller.ino.cpp.o
                0x00002308                readRawEncData(Encoder)
 .text._Z6getPos7Encoder
                0x00002368       0xbc Z:\Documents\Git\motoractuatedvalve-controller\build\sketch\Controller.ino.cpp.o
                0x00002368                getPos(Encoder)
 .text._Z6update7Encoder
                0x00002424      0x144 Z:\Documents\Git\motoractuatedvalve-controller\build\sketch\Controller.ino.cpp.o
                0x00002424                update(Encoder)
 .text._Z10attachPinsv
                0x00002568      0x4f8 Z:\Documents\Git\motoractuatedvalve-controller\build\sketch\Controller.ino.cpp.o
                0x00002568                attachPins()
 .text.loop     0x00002a60      0x228 Z:\Documents\Git\motoractuatedvalve-controller\build\sketch\Controller.ino.cpp.o
                0x00002a60                loop
 .text.setup    0x00002c88      0x22c Z:\Documents\Git\motoractuatedvalve-controller\build\sketch\Controller.ino.cpp.o
                0x00002c88                setup
 .text.initVariant
                0x00002eb4       0x24 Z:\Documents\Git\motoractuatedvalve-controller\build\core\variant.cpp.o
                0x00002eb4                initVariant
 .text.SERCOM5_Handler
                0x00002ed8       0x10 Z:\Documents\Git\motoractuatedvalve-controller\build\core\variant.cpp.o
                0x00002ed8                SERCOM5_Handler
 .text.SERCOM3_Handler
                0x00002ee8       0x10 Z:\Documents\Git\motoractuatedvalve-controller\build\core\variant.cpp.o
                0x00002ee8                SERCOM3_Handler
 .text.SERCOM2_Handler
                0x00002ef8       0x10 Z:\Documents\Git\motoractuatedvalve-controller\build\core\variant.cpp.o
                0x00002ef8                SERCOM2_Handler
 .text.startup._GLOBAL__sub_I_g_APinDescription
                0x00002f08       0xbc Z:\Documents\Git\motoractuatedvalve-controller\build\core\variant.cpp.o
 .text._ZN6SERCOMC2EP6Sercom
                0x00002fc4        0x8 Z:\Documents\Git\motoractuatedvalve-controller\build/core\core.a(SERCOM.cpp.o)
                0x00002fc4                SERCOM::SERCOM(Sercom*)
                0x00002fc4                SERCOM::SERCOM(Sercom*)
 .text._ZN6SERCOM9initFrameE18SercomUartCharSize15SercomDataOrder16SercomParityMode19SercomNumberStopBit
                0x00002fcc       0x3a Z:\Documents\Git\motoractuatedvalve-controller\build/core\core.a(SERCOM.cpp.o)
                0x00002fcc                SERCOM::initFrame(SercomUartCharSize, SercomDataOrder, SercomParityMode, SercomNumberStopBit)
 .text._ZN6SERCOM8initPadsE15SercomUartTXPad11SercomRXPad
                0x00003006       0x26 Z:\Documents\Git\motoractuatedvalve-controller\build/core\core.a(SERCOM.cpp.o)
                0x00003006                SERCOM::initPads(SercomUartTXPad, SercomRXPad)
 .text._ZN6SERCOM9resetUARTEv
                0x0000302c       0x1a Z:\Documents\Git\motoractuatedvalve-controller\build/core\core.a(SERCOM.cpp.o)
                0x0000302c                SERCOM::resetUART()
 .text._ZN6SERCOM10enableUARTEv
                0x00003046       0x14 Z:\Documents\Git\motoractuatedvalve-controller\build/core\core.a(SERCOM.cpp.o)
                0x00003046                SERCOM::enableUART()
 .text._ZN6SERCOM9flushUARTEv
                0x0000305a       0x14 Z:\Documents\Git\motoractuatedvalve-controller\build/core\core.a(SERCOM.cpp.o)
                0x0000305a                SERCOM::flushUART()
 .text._ZN6SERCOM15clearStatusUARTEv
                0x0000306e        0x8 Z:\Documents\Git\motoractuatedvalve-controller\build/core\core.a(SERCOM.cpp.o)
                0x0000306e                SERCOM::clearStatusUART()
 .text._ZN6SERCOM17availableDataUARTEv
                0x00003076        0xa Z:\Documents\Git\motoractuatedvalve-controller\build/core\core.a(SERCOM.cpp.o)
                0x00003076                SERCOM::availableDataUART()
 .text._ZN6SERCOM11isUARTErrorEv
                0x00003080        0x8 Z:\Documents\Git\motoractuatedvalve-controller\build/core\core.a(SERCOM.cpp.o)
                0x00003080                SERCOM::isUARTError()
 .text._ZN6SERCOM20acknowledgeUARTErrorEv
                0x00003088        0xe Z:\Documents\Git\motoractuatedvalve-controller\build/core\core.a(SERCOM.cpp.o)
                0x00003088                SERCOM::acknowledgeUARTError()
 .text._ZN6SERCOM16isFrameErrorUARTEv
                0x00003096        0xa Z:\Documents\Git\motoractuatedvalve-controller\build/core\core.a(SERCOM.cpp.o)
                0x00003096                SERCOM::isFrameErrorUART()
 .text._ZN6SERCOM19clearFrameErrorUARTEv
                0x000030a0        0xc Z:\Documents\Git\motoractuatedvalve-controller\build/core\core.a(SERCOM.cpp.o)
                0x000030a0                SERCOM::clearFrameErrorUART()
 .text._ZN6SERCOM23isDataRegisterEmptyUARTEv
                0x000030ac        0xa Z:\Documents\Git\motoractuatedvalve-controller\build/core\core.a(SERCOM.cpp.o)
                0x000030ac                SERCOM::isDataRegisterEmptyUART()
 .text._ZN6SERCOM12readDataUARTEv
                0x000030b6        0x8 Z:\Documents\Git\motoractuatedvalve-controller\build/core\core.a(SERCOM.cpp.o)
                0x000030b6                SERCOM::readDataUART()
 .text._ZN6SERCOM13writeDataUARTEh
                0x000030be       0x14 Z:\Documents\Git\motoractuatedvalve-controller\build/core\core.a(SERCOM.cpp.o)
                0x000030be                SERCOM::writeDataUART(unsigned char)
 .text._ZN6SERCOM36enableDataRegisterEmptyInterruptUARTEv
                0x000030d2        0x8 Z:\Documents\Git\motoractuatedvalve-controller\build/core\core.a(SERCOM.cpp.o)
                0x000030d2                SERCOM::enableDataRegisterEmptyInterruptUART()
 .text._ZN6SERCOM37disableDataRegisterEmptyInterruptUARTEv
                0x000030da        0x8 Z:\Documents\Git\motoractuatedvalve-controller\build/core\core.a(SERCOM.cpp.o)
                0x000030da                SERCOM::disableDataRegisterEmptyInterruptUART()
 *fill*         0x000030e2        0x2 
 .text._ZN6SERCOM13initClockNVICEv
                0x000030e4       0xa8 Z:\Documents\Git\motoractuatedvalve-controller\build/core\core.a(SERCOM.cpp.o)
                0x000030e4                SERCOM::initClockNVIC()
 .text._ZN6SERCOM8initUARTE14SercomUartMode20SercomUartSampleRatem
                0x0000318c       0x6c Z:\Documents\Git\motoractuatedvalve-controller\build/core\core.a(SERCOM.cpp.o)
                0x0000318c                SERCOM::initUART(SercomUartMode, SercomUartSampleRate, unsigned long)
 .text._ZN7Serial_13getDescriptorERN7arduino8USBSetupE
                0x000031f8        0x4 Z:\Documents\Git\motoractuatedvalve-controller\build/core\core.a(CDC.cpp.o)
                0x000031f8                Serial_::getDescriptor(arduino::USBSetup&)
 .text._ZL5utox8mPc
                0x000031fc       0x24 Z:\Documents\Git\motoractuatedvalve-controller\build/core\core.a(CDC.cpp.o)
 .text._ZN7Serial_12getShortNameEPc
                0x00003220       0x44 Z:\Documents\Git\motoractuatedvalve-controller\build/core\core.a(CDC.cpp.o)
                0x00003220                Serial_::getShortName(char*)
 .text._ZThn16_N7Serial_12getShortNameEPc
                0x00003264       0x10 Z:\Documents\Git\motoractuatedvalve-controller\build/core\core.a(CDC.cpp.o)
                0x00003264                non-virtual thunk to Serial_::getShortName(char*)
 .text._ZN7Serial_5beginEm
                0x00003274        0x2 Z:\Documents\Git\motoractuatedvalve-controller\build/core\core.a(CDC.cpp.o)
                0x00003274                Serial_::begin(unsigned long)
 .text._ZN7Serial_5beginEmt
                0x00003276        0x2 Z:\Documents\Git\motoractuatedvalve-controller\build/core\core.a(CDC.cpp.o)
                0x00003276                Serial_::begin(unsigned long, unsigned short)
 .text._ZN7Serial_17availableForWriteEv
                0x00003278        0x4 Z:\Documents\Git\motoractuatedvalve-controller\build/core\core.a(CDC.cpp.o)
                0x00003278                Serial_::availableForWrite()
 .text._ZN7Serial_5writeEh
                0x0000327c       0x14 Z:\Documents\Git\motoractuatedvalve-controller\build/core\core.a(CDC.cpp.o)
                0x0000327c                Serial_::write(unsigned char)
 .text._ZN7Serial_12getInterfaceEPh
                0x00003290      0x11c Z:\Documents\Git\motoractuatedvalve-controller\build/core\core.a(CDC.cpp.o)
                0x00003290                Serial_::getInterface(unsigned char*)
 .text._ZThn16_N7Serial_12getInterfaceEPh
                0x000033ac       0x10 Z:\Documents\Git\motoractuatedvalve-controller\build/core\core.a(CDC.cpp.o)
                0x000033ac                non-virtual thunk to Serial_::getInterface(unsigned char*)
 .text._ZN7Serial_5setupERN7arduino8USBSetupE
                0x000033bc       0x98 Z:\Documents\Git\motoractuatedvalve-controller\build/core\core.a(CDC.cpp.o)
                0x000033bc                Serial_::setup(arduino::USBSetup&)
 .text._ZThn16_N7Serial_5setupERN7arduino8USBSetupE
                0x00003454       0x10 Z:\Documents\Git\motoractuatedvalve-controller\build/core\core.a(CDC.cpp.o)
                0x00003454                non-virtual thunk to Serial_::setup(arduino::USBSetup&)
 .text._ZN7Serial_3endEv
                0x00003464       0x14 Z:\Documents\Git\motoractuatedvalve-controller\build/core\core.a(CDC.cpp.o)
                0x00003464                Serial_::end()
 .text._ZN7Serial_9availableEv
                0x00003478       0x20 Z:\Documents\Git\motoractuatedvalve-controller\build/core\core.a(CDC.cpp.o)
                0x00003478                Serial_::available()
 .text._ZN7Serial_5flushEv
                0x00003498        0xe Z:\Documents\Git\motoractuatedvalve-controller\build/core\core.a(CDC.cpp.o)
                0x00003498                Serial_::flush()
 .text._ZN7Serial_5clearEv
                0x000034a6        0xe Z:\Documents\Git\motoractuatedvalve-controller\build/core\core.a(CDC.cpp.o)
                0x000034a6                Serial_::clear()
 .text._ZN7Serial_5writeEPKhj
                0x000034b4       0x1e Z:\Documents\Git\motoractuatedvalve-controller\build/core\core.a(CDC.cpp.o)
                0x000034b4                Serial_::write(unsigned char const*, unsigned int)
 *fill*         0x000034d2        0x2 
 .text._ZN7Serial_4peekEv
                0x000034d4       0x1c Z:\Documents\Git\motoractuatedvalve-controller\build/core\core.a(CDC.cpp.o)
                0x000034d4                Serial_::peek()
 .text._ZN7Serial_4readEv
                0x000034f0       0x24 Z:\Documents\Git\motoractuatedvalve-controller\build/core\core.a(CDC.cpp.o)
                0x000034f0                Serial_::read()
 .text._ZN7Serial_cvbEv
                0x00003514       0x28 Z:\Documents\Git\motoractuatedvalve-controller\build/core\core.a(CDC.cpp.o)
                0x00003514                Serial_::operator bool()
 .text._ZThn16_N7Serial_13getDescriptorERN7arduino8USBSetupE
                0x0000353c        0x4 Z:\Documents\Git\motoractuatedvalve-controller\build/core\core.a(CDC.cpp.o)
                0x0000353c                non-virtual thunk to Serial_::getDescriptor(arduino::USBSetup&)
 .text.resetExternalChip
                0x00003540        0x2 Z:\Documents\Git\motoractuatedvalve-controller\build/core\core.a(CDC.cpp.o)
                0x00003540                resetExternalChip
 .text._ZN7Serial_14handleEndpointEi
                0x00003542        0x2 Z:\Documents\Git\motoractuatedvalve-controller\build/core\core.a(CDC.cpp.o)
                0x00003542                Serial_::handleEndpoint(int)
 .text._ZN7Serial_C2ER14USBDeviceClass
                0x00003544       0x50 Z:\Documents\Git\motoractuatedvalve-controller\build/core\core.a(CDC.cpp.o)
                0x00003544                Serial_::Serial_(USBDeviceClass&)
                0x00003544                Serial_::Serial_(USBDeviceClass&)
 .text._ZN7Serial_15enableInterruptEv
                0x00003594       0x30 Z:\Documents\Git\motoractuatedvalve-controller\build/core\core.a(CDC.cpp.o)
                0x00003594                Serial_::enableInterrupt()
 .text.startup._GLOBAL__sub_I__ZN7Serial_12getInterfaceEPh
                0x000035c4       0x14 Z:\Documents\Git\motoractuatedvalve-controller\build/core\core.a(CDC.cpp.o)
 .text._ZN26DoubleBufferedEPOutHandlerD2Ev
                0x000035d8        0x2 Z:\Documents\Git\motoractuatedvalve-controller\build/core\core.a(USBCore.cpp.o)
                0x000035d8                DoubleBufferedEPOutHandler::~DoubleBufferedEPOutHandler()
                0x000035d8                DoubleBufferedEPOutHandler::~DoubleBufferedEPOutHandler()
 .text._ZN26DoubleBufferedEPOutHandlerD0Ev
                0x000035da        0xc Z:\Documents\Git\motoractuatedvalve-controller\build/core\core.a(USBCore.cpp.o)
                0x000035da                DoubleBufferedEPOutHandler::~DoubleBufferedEPOutHandler()
 *fill*         0x000035e6        0x2 
 .text._ZN14USBDeviceClass6initEPEmm.part.7
                0x000035e8       0xc4 Z:\Documents\Git\motoractuatedvalve-controller\build/core\core.a(USBCore.cpp.o)
 .text._ZN7__GuardC2Ev
                0x000036ac        0xe Z:\Documents\Git\motoractuatedvalve-controller\build/core\core.a(USBCore.cpp.o)
                0x000036ac                __Guard::__Guard()
                0x000036ac                __Guard::__Guard()
 .text._ZN7__GuardD2Ev
                0x000036ba        0xe Z:\Documents\Git\motoractuatedvalve-controller\build/core\core.a(USBCore.cpp.o)
                0x000036ba                __Guard::~__Guard()
                0x000036ba                __Guard::~__Guard()
 .text._ZNK26DoubleBufferedEPOutHandler10_availableEv
                0x000036c8       0x70 Z:\Documents\Git\motoractuatedvalve-controller\build/core\core.a(USBCore.cpp.o)
                0x000036c8                DoubleBufferedEPOutHandler::_available() const
 .text._ZN26DoubleBufferedEPOutHandler7releaseEv
                0x00003738       0x38 Z:\Documents\Git\motoractuatedvalve-controller\build/core\core.a(USBCore.cpp.o)
                0x00003738                DoubleBufferedEPOutHandler::release()
 .text._ZN26DoubleBufferedEPOutHandler14handleEndpointEv
                0x00003770       0xe2 Z:\Documents\Git\motoractuatedvalve-controller\build/core\core.a(USBCore.cpp.o)
                0x00003770                DoubleBufferedEPOutHandler::handleEndpoint()
 .text._ZN14USBDeviceClass14SendInterfacesEPm
                0x00003852       0x20 Z:\Documents\Git\motoractuatedvalve-controller\build/core\core.a(USBCore.cpp.o)
                0x00003852                USBDeviceClass::SendInterfaces(unsigned long*)
 *fill*         0x00003872        0x2 
 .text._ZN14USBDeviceClass6attachEv
                0x00003874       0x34 Z:\Documents\Git\motoractuatedvalve-controller\build/core\core.a(USBCore.cpp.o)
                0x00003874                USBDeviceClass::attach()
 .text._ZN14USBDeviceClass10setAddressEm
                0x000038a8       0x48 Z:\Documents\Git\motoractuatedvalve-controller\build/core\core.a(USBCore.cpp.o)
                0x000038a8                USBDeviceClass::setAddress(unsigned long)
 .text._ZN14USBDeviceClass25handleClassInterfaceSetupERN7arduino8USBSetupE
                0x000038f0       0x24 Z:\Documents\Git\motoractuatedvalve-controller\build/core\core.a(USBCore.cpp.o)
                0x000038f0                USBDeviceClass::handleClassInterfaceSetup(arduino::USBSetup&)
 .text._ZN14USBDeviceClass6initEPEmm
                0x00003914      0x10c Z:\Documents\Git\motoractuatedvalve-controller\build/core\core.a(USBCore.cpp.o)
                0x00003914                USBDeviceClass::initEP(unsigned long, unsigned long)
 .text._ZN14USBDeviceClass13initEndpointsEv
                0x00003a20       0x24 Z:\Documents\Git\motoractuatedvalve-controller\build/core\core.a(USBCore.cpp.o)
                0x00003a20                USBDeviceClass::initEndpoints()
 .text._ZN14USBDeviceClass5clearEm
                0x00003a44       0x38 Z:\Documents\Git\motoractuatedvalve-controller\build/core\core.a(USBCore.cpp.o)
                0x00003a44                USBDeviceClass::clear(unsigned long)
 .text._ZN14USBDeviceClass9availableEm
                0x00003a7c       0x2c Z:\Documents\Git\motoractuatedvalve-controller\build/core\core.a(USBCore.cpp.o)
                0x00003a7c                USBDeviceClass::available(unsigned long)
 .text._ZN14USBDeviceClass5flushEm
                0x00003aa8       0x2c Z:\Documents\Git\motoractuatedvalve-controller\build/core\core.a(USBCore.cpp.o)
                0x00003aa8                USBDeviceClass::flush(unsigned long)
 .text._ZN14USBDeviceClass4recvEmPvm
                0x00003ad4       0xc0 Z:\Documents\Git\motoractuatedvalve-controller\build/core\core.a(USBCore.cpp.o)
                0x00003ad4                USBDeviceClass::recv(unsigned long, void*, unsigned long)
 .text._ZN14USBDeviceClass4recvEm
                0x00003b94       0x1c Z:\Documents\Git\motoractuatedvalve-controller\build/core\core.a(USBCore.cpp.o)
                0x00003b94                USBDeviceClass::recv(unsigned long)
 .text._ZN14USBDeviceClass14armRecvCtrlOUTEm
                0x00003bb0       0x5c Z:\Documents\Git\motoractuatedvalve-controller\build/core\core.a(USBCore.cpp.o)
                0x00003bb0                USBDeviceClass::armRecvCtrlOUT(unsigned long)
 .text._ZN14USBDeviceClass11recvControlEPvm
                0x00003c0c       0x28 Z:\Documents\Git\motoractuatedvalve-controller\build/core\core.a(USBCore.cpp.o)
                0x00003c0c                USBDeviceClass::recvControl(void*, unsigned long)
 .text._ZN14USBDeviceClass4sendEmPKvm
                0x00003c34      0x10c Z:\Documents\Git\motoractuatedvalve-controller\build/core\core.a(USBCore.cpp.o)
                0x00003c34                USBDeviceClass::send(unsigned long, void const*, unsigned long)
 .text._ZN14USBDeviceClass7armSendEmPKvm
                0x00003d40       0x48 Z:\Documents\Git\motoractuatedvalve-controller\build/core\core.a(USBCore.cpp.o)
                0x00003d40                USBDeviceClass::armSend(unsigned long, void const*, unsigned long)
 .text._ZN14USBDeviceClass11sendControlEPKvm
                0x00003d88       0x54 Z:\Documents\Git\motoractuatedvalve-controller\build/core\core.a(USBCore.cpp.o)
                0x00003d88                USBDeviceClass::sendControl(void const*, unsigned long)
 .text._ZN14USBDeviceClass20sendStringDescriptorEPKhm
                0x00003ddc       0x64 Z:\Documents\Git\motoractuatedvalve-controller\build/core\core.a(USBCore.cpp.o)
                0x00003ddc                USBDeviceClass::sendStringDescriptor(unsigned char const*, unsigned long)
 .text._ZN14USBDeviceClass17sendConfigurationEm
                0x00003e40       0x80 Z:\Documents\Git\motoractuatedvalve-controller\build/core\core.a(USBCore.cpp.o)
                0x00003e40                USBDeviceClass::sendConfiguration(unsigned long)
 .text._ZN14USBDeviceClass14sendDescriptorERN7arduino8USBSetupE
                0x00003ec0       0xd8 Z:\Documents\Git\motoractuatedvalve-controller\build/core\core.a(USBCore.cpp.o)
                0x00003ec0                USBDeviceClass::sendDescriptor(arduino::USBSetup&)
 .text._ZN14USBDeviceClass7sendZlpEm
                0x00003f98       0x18 Z:\Documents\Git\motoractuatedvalve-controller\build/core\core.a(USBCore.cpp.o)
                0x00003f98                USBDeviceClass::sendZlp(unsigned long)
 .text._ZN14USBDeviceClass19handleStandardSetupERN7arduino8USBSetupE
                0x00003fb0       0xf0 Z:\Documents\Git\motoractuatedvalve-controller\build/core\core.a(USBCore.cpp.o)
                0x00003fb0                USBDeviceClass::handleStandardSetup(arduino::USBSetup&)
 .text._ZN14USBDeviceClass10ISRHandlerEv
                0x000040a0      0x108 Z:\Documents\Git\motoractuatedvalve-controller\build/core\core.a(USBCore.cpp.o)
                0x000040a0                USBDeviceClass::ISRHandler()
 .text.UDD_Handler
                0x000041a8       0x10 Z:\Documents\Git\motoractuatedvalve-controller\build/core\core.a(USBCore.cpp.o)
                0x000041a8                UDD_Handler
 .text._ZN7arduino13PluggableUSB_C2Ev
                0x000041b8       0x10 Z:\Documents\Git\motoractuatedvalve-controller\build/core\core.a(USBCore.cpp.o)
                0x000041b8                arduino::PluggableUSB_::PluggableUSB_()
                0x000041b8                arduino::PluggableUSB_::PluggableUSB_()
 .text._Z8epBufferj
                0x000041c8        0xc Z:\Documents\Git\motoractuatedvalve-controller\build/core\core.a(USBCore.cpp.o)
                0x000041c8                epBuffer(unsigned int)
 .text._ZN7arduino11RingBufferNILi64EE10store_charEh
                0x000041d4       0x1c Z:\Documents\Git\motoractuatedvalve-controller\build/core\core.a(USBCore.cpp.o)
                0x000041d4                arduino::RingBufferN<64>::store_char(unsigned char)
 .text._ZN26DoubleBufferedEPOutHandler5_recvEv
                0x000041f0      0x15e Z:\Documents\Git\motoractuatedvalve-controller\build/core\core.a(USBCore.cpp.o)
                0x000041f0                DoubleBufferedEPOutHandler::_recv()
 .text._ZN26DoubleBufferedEPOutHandler9availableEv
                0x0000434e        0xc Z:\Documents\Git\motoractuatedvalve-controller\build/core\core.a(USBCore.cpp.o)
                0x0000434e                DoubleBufferedEPOutHandler::available()
 .text._ZN26DoubleBufferedEPOutHandler4peekEv
                0x0000435a       0x1c Z:\Documents\Git\motoractuatedvalve-controller\build/core\core.a(USBCore.cpp.o)
                0x0000435a                DoubleBufferedEPOutHandler::peek()
 .text._ZN26DoubleBufferedEPOutHandler4recvEPvm
                0x00004376       0x60 Z:\Documents\Git\motoractuatedvalve-controller\build/core\core.a(USBCore.cpp.o)
                0x00004376                DoubleBufferedEPOutHandler::recv(void*, unsigned long)
 *fill*         0x000043d6        0x2 
 .text.startup._GLOBAL__sub_I_usbd
                0x000043d8       0x10 Z:\Documents\Git\motoractuatedvalve-controller\build/core\core.a(USBCore.cpp.o)
 .text._ZN14USBDeviceClass4initEv
                0x000043e8      0x15c Z:\Documents\Git\motoractuatedvalve-controller\build/core\core.a(USBCore.cpp.o)
                0x000043e8                USBDeviceClass::init()
 .text._ZN4UartcvbEv
                0x00004544        0x4 Z:\Documents\Git\motoractuatedvalve-controller\build/core\core.a(Uart.cpp.o)
                0x00004544                Uart::operator bool()
 .text._ZN4Uart5beginEm
                0x00004548       0x10 Z:\Documents\Git\motoractuatedvalve-controller\build/core\core.a(Uart.cpp.o)
                0x00004548                Uart::begin(unsigned long)
 .text._ZN4Uart9availableEv
                0x00004558        0x6 Z:\Documents\Git\motoractuatedvalve-controller\build/core\core.a(Uart.cpp.o)
                0x00004558                Uart::available()
 .text._ZN4Uart17availableForWriteEv
                0x0000455e       0x10 Z:\Documents\Git\motoractuatedvalve-controller\build/core\core.a(Uart.cpp.o)
                0x0000455e                Uart::availableForWrite()
 .text._ZN4Uart4peekEv
                0x0000456e       0x18 Z:\Documents\Git\motoractuatedvalve-controller\build/core\core.a(Uart.cpp.o)
                0x0000456e                Uart::peek()
 .text._ZN4Uart3endEv
                0x00004586       0x24 Z:\Documents\Git\motoractuatedvalve-controller\build/core\core.a(Uart.cpp.o)
                0x00004586                Uart::end()
 .text._ZN4Uart5flushEv
                0x000045aa       0x16 Z:\Documents\Git\motoractuatedvalve-controller\build/core\core.a(Uart.cpp.o)
                0x000045aa                Uart::flush()
 .text._ZN4Uart16extractNbStopBitEt
                0x000045c0        0xc Z:\Documents\Git\motoractuatedvalve-controller\build/core\core.a(Uart.cpp.o)
                0x000045c0                Uart::extractNbStopBit(unsigned short)
 .text._ZN4Uart15extractCharSizeEt
                0x000045cc       0x28 Z:\Documents\Git\motoractuatedvalve-controller\build/core\core.a(Uart.cpp.o)
                0x000045cc                Uart::extractCharSize(unsigned short)
 .text._ZN4Uart13extractParityEt
                0x000045f4       0x14 Z:\Documents\Git\motoractuatedvalve-controller\build/core\core.a(Uart.cpp.o)
                0x000045f4                Uart::extractParity(unsigned short)
 .text._ZN4Uart5beginEmt
                0x00004608       0xf8 Z:\Documents\Git\motoractuatedvalve-controller\build/core\core.a(Uart.cpp.o)
                0x00004608                Uart::begin(unsigned long, unsigned short)
 .text._ZN7arduino11RingBufferNILi256EEC2Ev
                0x00004700       0x1e Z:\Documents\Git\motoractuatedvalve-controller\build/core\core.a(Uart.cpp.o)
                0x00004700                arduino::RingBufferN<256>::RingBufferN()
                0x00004700                arduino::RingBufferN<256>::RingBufferN()
 *fill*         0x0000471e        0x2 
 .text._ZN4UartC2EP6SERCOMhh11SercomRXPad15SercomUartTXPadhh
                0x00004720       0x88 Z:\Documents\Git\motoractuatedvalve-controller\build/core\core.a(Uart.cpp.o)
                0x00004720                Uart::Uart(SERCOM*, unsigned char, unsigned char, SercomRXPad, SercomUartTXPad, unsigned char, unsigned char)
                0x00004720                Uart::Uart(SERCOM*, unsigned char, unsigned char, SercomRXPad, SercomUartTXPad, unsigned char, unsigned char)
 .text._ZN4UartC2EP6SERCOMhh11SercomRXPad15SercomUartTXPad
                0x000047a8       0x74 Z:\Documents\Git\motoractuatedvalve-controller\build/core\core.a(Uart.cpp.o)
                0x000047a8                Uart::Uart(SERCOM*, unsigned char, unsigned char, SercomRXPad, SercomUartTXPad)
                0x000047a8                Uart::Uart(SERCOM*, unsigned char, unsigned char, SercomRXPad, SercomUartTXPad)
 .text._ZN7arduino15SafeRingBufferNILi256EE10store_charEh
                0x0000481c       0x4a Z:\Documents\Git\motoractuatedvalve-controller\build/core\core.a(Uart.cpp.o)
                0x0000481c                arduino::SafeRingBufferN<256>::store_char(unsigned char)
 .text._ZN7arduino15SafeRingBufferNILi256EE9read_charEv
                0x00004866       0x50 Z:\Documents\Git\motoractuatedvalve-controller\build/core\core.a(Uart.cpp.o)
                0x00004866                arduino::SafeRingBufferN<256>::read_char()
 .text._ZN4Uart10IrqHandlerEv
                0x000048b6       0xa4 Z:\Documents\Git\motoractuatedvalve-controller\build/core\core.a(Uart.cpp.o)
                0x000048b6                Uart::IrqHandler()
 *fill*         0x0000495a        0x2 
 .text._ZN4Uart5writeEh
                0x0000495c       0x9c Z:\Documents\Git\motoractuatedvalve-controller\build/core\core.a(Uart.cpp.o)
                0x0000495c                Uart::write(unsigned char)
 .text._ZN4Uart4readEv
                0x000049f8       0x34 Z:\Documents\Git\motoractuatedvalve-controller\build/core\core.a(Uart.cpp.o)
                0x000049f8                Uart::read()
 .text._ZN7arduino13PluggableUSB_12getInterfaceEPh
                0x00004a2c       0x28 Z:\Documents\Git\motoractuatedvalve-controller\build/core\core.a(PluggableUSB.cpp.o)
                0x00004a2c                arduino::PluggableUSB_::getInterface(unsigned char*)
 .text._ZN7arduino13PluggableUSB_13getDescriptorERNS_8USBSetupE
                0x00004a54       0x20 Z:\Documents\Git\motoractuatedvalve-controller\build/core\core.a(PluggableUSB.cpp.o)
                0x00004a54                arduino::PluggableUSB_::getDescriptor(arduino::USBSetup&)
 .text._ZN7arduino13PluggableUSB_12getShortNameEPc
                0x00004a74       0x1e Z:\Documents\Git\motoractuatedvalve-controller\build/core\core.a(PluggableUSB.cpp.o)
                0x00004a74                arduino::PluggableUSB_::getShortName(char*)
 .text._ZN7arduino13PluggableUSB_5setupERNS_8USBSetupE
                0x00004a92       0x20 Z:\Documents\Git\motoractuatedvalve-controller\build/core\core.a(PluggableUSB.cpp.o)
                0x00004a92                arduino::PluggableUSB_::setup(arduino::USBSetup&)
 .text._ZN7arduino13PluggableUSB_4plugEPNS_18PluggableUSBModuleE
                0x00004ab2       0x5c Z:\Documents\Git\motoractuatedvalve-controller\build/core\core.a(PluggableUSB.cpp.o)
                0x00004ab2                arduino::PluggableUSB_::plug(arduino::PluggableUSBModule*)
 *fill*         0x00004b0e        0x2 
 .text._Z12PluggableUSBv
                0x00004b10       0x24 Z:\Documents\Git\motoractuatedvalve-controller\build/core\core.a(PluggableUSB.cpp.o)
                0x00004b10                PluggableUSB()
 .text._ZN7arduino5Print5writeEPKhj
                0x00004b34       0x28 Z:\Documents\Git\motoractuatedvalve-controller\build/core\core.a(Print.cpp.o)
                0x00004b34                arduino::Print::write(unsigned char const*, unsigned int)
 .text._ZN7arduino5Print5writeEPKc.part.2
                0x00004b5c       0x1a Z:\Documents\Git\motoractuatedvalve-controller\build/core\core.a(Print.cpp.o)
 .text._ZN7arduino5Print5writeEPKc
                0x00004b76       0x10 Z:\Documents\Git\motoractuatedvalve-controller\build/core\core.a(Print.cpp.o)
                0x00004b76                arduino::Print::write(char const*)
 .text._ZN7arduino5Print5printEPKc
                0x00004b86        0x8 Z:\Documents\Git\motoractuatedvalve-controller\build/core\core.a(Print.cpp.o)
                0x00004b86                arduino::Print::print(char const*)
 .text._ZN7arduino5Print5printEc
                0x00004b8e        0xa Z:\Documents\Git\motoractuatedvalve-controller\build/core\core.a(Print.cpp.o)
                0x00004b8e                arduino::Print::print(char)
 .text._ZN7arduino5Print7printlnEv
                0x00004b98       0x10 Z:\Documents\Git\motoractuatedvalve-controller\build/core\core.a(Print.cpp.o)
                0x00004b98                arduino::Print::println()
 .text._ZN7arduino5Print7printlnEPKc
                0x00004ba8       0x14 Z:\Documents\Git\motoractuatedvalve-controller\build/core\core.a(Print.cpp.o)
                0x00004ba8                arduino::Print::println(char const*)
 .text._ZN7arduino5Print11printNumberEmh
                0x00004bbc       0x48 Z:\Documents\Git\motoractuatedvalve-controller\build/core\core.a(Print.cpp.o)
                0x00004bbc                arduino::Print::printNumber(unsigned long, unsigned char)
 .text._ZN7arduino5Print5printEli
                0x00004c04       0x3e Z:\Documents\Git\motoractuatedvalve-controller\build/core\core.a(Print.cpp.o)
                0x00004c04                arduino::Print::print(long, int)
 .text._ZN7arduino5Print5printEii
                0x00004c42        0x8 Z:\Documents\Git\motoractuatedvalve-controller\build/core\core.a(Print.cpp.o)
                0x00004c42                arduino::Print::print(int, int)
 .text.Dummy_Handler
                0x00004c4a        0x2 Z:\Documents\Git\motoractuatedvalve-controller\build/core\core.a(cortex_handlers.c.o)
                0x00004c4a                DMAC_Handler
                0x00004c4a                HardFault_Handler
                0x00004c4a                AC_Handler
                0x00004c4a                PendSV_Handler
                0x00004c4a                NMI_Handler
                0x00004c4a                TC7_Handler
                0x00004c4a                SERCOM1_Handler
                0x00004c4a                ADC_Handler
                0x00004c4a                TCC1_Handler
                0x00004c4a                TCC0_Handler
                0x00004c4a                RTC_Handler
                0x00004c4a                EIC_Handler
                0x00004c4a                TC6_Handler
                0x00004c4a                WDT_Handler
                0x00004c4a                TC4_Handler
                0x00004c4a                TC3_Handler
                0x00004c4a                Dummy_Handler
                0x00004c4a                PM_Handler
                0x00004c4a                SVC_Handler
                0x00004c4a                TCC2_Handler
                0x00004c4a                EVSYS_Handler
                0x00004c4a                SERCOM4_Handler
                0x00004c4a                I2S_Handler
                0x00004c4a                NVMCTRL_Handler
                0x00004c4a                SERCOM0_Handler
                0x00004c4a                DAC_Handler
                0x00004c4a                PTC_Handler
                0x00004c4a                SYSCTRL_Handler
 .text.USB_Handler
                0x00004c4c       0x14 Z:\Documents\Git\motoractuatedvalve-controller\build/core\core.a(cortex_handlers.c.o)
                0x00004c4c                USB_Handler
 .text.Reset_Handler
                0x00004c60       0x54 Z:\Documents\Git\motoractuatedvalve-controller\build/core\core.a(cortex_handlers.c.o)
                0x00004c60                Reset_Handler
 .text.SysTick_Handler
                0x00004cb4       0x10 Z:\Documents\Git\motoractuatedvalve-controller\build/core\core.a(cortex_handlers.c.o)
                0x00004cb4                SysTick_Handler
 .text.USB_SetHandler
                0x00004cc4        0xc Z:\Documents\Git\motoractuatedvalve-controller\build/core\core.a(cortex_handlers.c.o)
                0x00004cc4                USB_SetHandler
 .text.millis   0x00004cd0        0xc Z:\Documents\Git\motoractuatedvalve-controller\build/core\core.a(delay.c.o)
                0x00004cd0                millis
 .text.micros   0x00004cdc       0x60 Z:\Documents\Git\motoractuatedvalve-controller\build/core\core.a(delay.c.o)
                0x00004cdc                micros
 .text.delay    0x00004d3c       0x30 Z:\Documents\Git\motoractuatedvalve-controller\build/core\core.a(delay.c.o)
                0x00004d3c                delay
 .text.SysTick_DefaultHandler
                0x00004d6c       0x14 Z:\Documents\Git\motoractuatedvalve-controller\build/core\core.a(delay.c.o)
                0x00004d6c                SysTick_DefaultHandler
 .text.__empty  0x00004d80        0x2 Z:\Documents\Git\motoractuatedvalve-controller\build/core\core.a(hooks.c.o)
                0x00004d80                yield
 .text.__false  0x00004d82        0x4 Z:\Documents\Git\motoractuatedvalve-controller\build/core\core.a(hooks.c.o)
                0x00004d82                sysTickHook
 *fill*         0x00004d86        0x2 
 .text.startup.main
                0x00004d88       0x40 Z:\Documents\Git\motoractuatedvalve-controller\build/core\core.a(main.cpp.o)
                0x00004d88                main
 .text._Znwj    0x00004dc8        0x8 Z:\Documents\Git\motoractuatedvalve-controller\build/core\core.a(new.cpp.o)
                0x00004dc8                operator new(unsigned int)
 .text._ZdlPv   0x00004dd0        0x8 Z:\Documents\Git\motoractuatedvalve-controller\build/core\core.a(new.cpp.o)
                0x00004dd0                operator delete(void*)
 .text.SystemInit
                0x00004dd8      0x194 Z:\Documents\Git\motoractuatedvalve-controller\build/core\core.a(startup.c.o)
                0x00004dd8                SystemInit
 .text.init     0x00004f6c       0xf0 Z:\Documents\Git\motoractuatedvalve-controller\build/core\core.a(wiring.c.o)
                0x00004f6c                init
 .text.analogReference
                0x0000505c       0x64 Z:\Documents\Git\motoractuatedvalve-controller\build/core\core.a(wiring_analog.c.o)
                0x0000505c                analogReference
 .text.pinMode  0x000050c0       0x98 Z:\Documents\Git\motoractuatedvalve-controller\build/core\core.a(wiring_digital.c.o)
                0x000050c0                pinMode
 .text.digitalWrite
                0x00005158       0x58 Z:\Documents\Git\motoractuatedvalve-controller\build/core\core.a(wiring_digital.c.o)
                0x00005158                digitalWrite
 .text.pinPeripheral
                0x000051b0       0xc0 Z:\Documents\Git\motoractuatedvalve-controller\build/core\core.a(wiring_private.c.o)
                0x000051b0                pinPeripheral
 .text.initiateReset
                0x00005270       0x14 Z:\Documents\Git\motoractuatedvalve-controller\build/core\core.a(Reset.cpp.o)
                0x00005270                initiateReset
 .text.cancelReset
                0x00005284       0x10 Z:\Documents\Git\motoractuatedvalve-controller\build/core\core.a(Reset.cpp.o)
                0x00005284                cancelReset
 .text.tickReset
                0x00005294       0x78 Z:\Documents\Git\motoractuatedvalve-controller\build/core\core.a(Reset.cpp.o)
                0x00005294                tickReset
 .text          0x0000530c       0x14 c:/users/xsegg/appdata/local/arduino15/packages/arduino/tools/arm-none-eabi-gcc/7-2017q4/bin/../lib/gcc/arm-none-eabi/7.2.1/thumb/v6-m\libgcc.a(_thumb1_case_uqi.o)
                0x0000530c                __gnu_thumb1_case_uqi
 .text          0x00005320      0x114 c:/users/xsegg/appdata/local/arduino15/packages/arduino/tools/arm-none-eabi-gcc/7-2017q4/bin/../lib/gcc/arm-none-eabi/7.2.1/thumb/v6-m\libgcc.a(_udivsi3.o)
                0x00005320                __aeabi_uidiv
                0x00005320                __udivsi3
                0x0000542c                __aeabi_uidivmod
 .text          0x00005434        0x4 c:/users/xsegg/appdata/local/arduino15/packages/arduino/tools/arm-none-eabi-gcc/7-2017q4/bin/../lib/gcc/arm-none-eabi/7.2.1/thumb/v6-m\libgcc.a(_dvmd_tls.o)
                0x00005434                __aeabi_idiv0
                0x00005434                __aeabi_ldiv0
 .text          0x00005438       0x74 c:/users/xsegg/appdata/local/arduino15/packages/arduino/tools/arm-none-eabi-gcc/7-2017q4/bin/../lib/gcc/arm-none-eabi/7.2.1/thumb/v6-m\libgcc.a(_arm_cmpsf2.o)
                0x00005438                __aeabi_cfrcmple
                0x00005440                __aeabi_cfcmpeq
                0x00005440                __aeabi_cfcmple
                0x00005450                __aeabi_fcmpeq
                0x0000545c                __aeabi_fcmplt
                0x00005470                __aeabi_fcmple
                0x00005484                __aeabi_fcmpgt
                0x00005498                __aeabi_fcmpge
 .text          0x000054ac       0x30 c:/users/xsegg/appdata/local/arduino15/packages/arduino/tools/arm-none-eabi-gcc/7-2017q4/bin/../lib/gcc/arm-none-eabi/7.2.1/thumb/v6-m\libgcc.a(_fixunssfsi.o)
                0x000054ac                __fixunssfsi
                0x000054ac                __aeabi_f2uiz
 .text          0x000054dc      0x334 c:/users/xsegg/appdata/local/arduino15/packages/arduino/tools/arm-none-eabi-gcc/7-2017q4/bin/../lib/gcc/arm-none-eabi/7.2.1/thumb/v6-m\libgcc.a(addsf3.o)
                0x000054dc                __aeabi_fadd
 .text          0x00005810      0x224 c:/users/xsegg/appdata/local/arduino15/packages/arduino/tools/arm-none-eabi-gcc/7-2017q4/bin/../lib/gcc/arm-none-eabi/7.2.1/thumb/v6-m\libgcc.a(divsf3.o)
                0x00005810                __aeabi_fdiv
 .text          0x00005a34       0x50 c:/users/xsegg/appdata/local/arduino15/packages/arduino/tools/arm-none-eabi-gcc/7-2017q4/bin/../lib/gcc/arm-none-eabi/7.2.1/thumb/v6-m\libgcc.a(eqsf2.o)
                0x00005a34                __eqsf2
                0x00005a34                __nesf2
 .text          0x00005a84       0x9c c:/users/xsegg/appdata/local/arduino15/packages/arduino/tools/arm-none-eabi-gcc/7-2017q4/bin/../lib/gcc/arm-none-eabi/7.2.1/thumb/v6-m\libgcc.a(gesf2.o)
                0x00005a84                __gesf2
                0x00005a84                __gtsf2
 .text          0x00005b20       0xa0 c:/users/xsegg/appdata/local/arduino15/packages/arduino/tools/arm-none-eabi-gcc/7-2017q4/bin/../lib/gcc/arm-none-eabi/7.2.1/thumb/v6-m\libgcc.a(lesf2.o)
                0x00005b20                __ltsf2
                0x00005b20                __lesf2
 .text          0x00005bc0      0x264 c:/users/xsegg/appdata/local/arduino15/packages/arduino/tools/arm-none-eabi-gcc/7-2017q4/bin/../lib/gcc/arm-none-eabi/7.2.1/thumb/v6-m\libgcc.a(mulsf3.o)
                0x00005bc0                __aeabi_fmul
 .text          0x00005e24      0x388 c:/users/xsegg/appdata/local/arduino15/packages/arduino/tools/arm-none-eabi-gcc/7-2017q4/bin/../lib/gcc/arm-none-eabi/7.2.1/thumb/v6-m\libgcc.a(subsf3.o)
                0x00005e24                __aeabi_fsub
 .text          0x000061ac       0x40 c:/users/xsegg/appdata/local/arduino15/packages/arduino/tools/arm-none-eabi-gcc/7-2017q4/bin/../lib/gcc/arm-none-eabi/7.2.1/thumb/v6-m\libgcc.a(fixsfsi.o)
                0x000061ac                __aeabi_f2iz
 .text          0x000061ec       0x94 c:/users/xsegg/appdata/local/arduino15/packages/arduino/tools/arm-none-eabi-gcc/7-2017q4/bin/../lib/gcc/arm-none-eabi/7.2.1/thumb/v6-m\libgcc.a(floatsisf.o)
                0x000061ec                __aeabi_i2f
 .text          0x00006280       0x80 c:/users/xsegg/appdata/local/arduino15/packages/arduino/tools/arm-none-eabi-gcc/7-2017q4/bin/../lib/gcc/arm-none-eabi/7.2.1/thumb/v6-m\libgcc.a(floatunsisf.o)
                0x00006280                __aeabi_ui2f
 .text          0x00006300       0x3c c:/users/xsegg/appdata/local/arduino15/packages/arduino/tools/arm-none-eabi-gcc/7-2017q4/bin/../lib/gcc/arm-none-eabi/7.2.1/thumb/v6-m\libgcc.a(_clzsi2.o)
                0x00006300                __clzsi2
 .text.__libc_init_array
                0x0000633c       0x48 c:/users/xsegg/appdata/local/arduino15/packages/arduino/tools/arm-none-eabi-gcc/7-2017q4/bin/../lib/gcc/arm-none-eabi/7.2.1/../../../../arm-none-eabi/lib/thumb/v6-m\libc_nano.a(lib_a-init.o)
                0x0000633c                __libc_init_array
 .text.malloc   0x00006384       0x14 c:/users/xsegg/appdata/local/arduino15/packages/arduino/tools/arm-none-eabi-gcc/7-2017q4/bin/../lib/gcc/arm-none-eabi/7.2.1/../../../../arm-none-eabi/lib/thumb/v6-m\libc_nano.a(lib_a-malloc.o)
                0x00006384                malloc
 .text.free     0x00006398       0x14 c:/users/xsegg/appdata/local/arduino15/packages/arduino/tools/arm-none-eabi-gcc/7-2017q4/bin/../lib/gcc/arm-none-eabi/7.2.1/../../../../arm-none-eabi/lib/thumb/v6-m\libc_nano.a(lib_a-malloc.o)
                0x00006398                free
 .text.memcpy   0x000063ac       0x12 c:/users/xsegg/appdata/local/arduino15/packages/arduino/tools/arm-none-eabi-gcc/7-2017q4/bin/../lib/gcc/arm-none-eabi/7.2.1/../../../../arm-none-eabi/lib/thumb/v6-m\libc_nano.a(lib_a-memcpy-stub.o)
                0x000063ac                memcpy
 .text.memset   0x000063be       0x10 c:/users/xsegg/appdata/local/arduino15/packages/arduino/tools/arm-none-eabi-gcc/7-2017q4/bin/../lib/gcc/arm-none-eabi/7.2.1/../../../../arm-none-eabi/lib/thumb/v6-m\libc_nano.a(lib_a-memset.o)
                0x000063be                memset
 *fill*         0x000063ce        0x2 
 .text._free_r  0x000063d0       0x94 c:/users/xsegg/appdata/local/arduino15/packages/arduino/tools/arm-none-eabi-gcc/7-2017q4/bin/../lib/gcc/arm-none-eabi/7.2.1/../../../../arm-none-eabi/lib/thumb/v6-m\libc_nano.a(lib_a-nano-freer.o)
                0x000063d0                _free_r
 .text._malloc_r
                0x00006464       0xbc c:/users/xsegg/appdata/local/arduino15/packages/arduino/tools/arm-none-eabi-gcc/7-2017q4/bin/../lib/gcc/arm-none-eabi/7.2.1/../../../../arm-none-eabi/lib/thumb/v6-m\libc_nano.a(lib_a-nano-mallocr.o)
                0x00006464                _malloc_r
 .text._sbrk_r  0x00006520       0x24 c:/users/xsegg/appdata/local/arduino15/packages/arduino/tools/arm-none-eabi-gcc/7-2017q4/bin/../lib/gcc/arm-none-eabi/7.2.1/../../../../arm-none-eabi/lib/thumb/v6-m\libc_nano.a(lib_a-sbrkr.o)
                0x00006520                _sbrk_r
 .text          0x00006544        0xe c:/users/xsegg/appdata/local/arduino15/packages/arduino/tools/arm-none-eabi-gcc/7-2017q4/bin/../lib/gcc/arm-none-eabi/7.2.1/../../../../arm-none-eabi/lib/thumb/v6-m\libc_nano.a(lib_a-strlen.o)
                0x00006544                strlen
 .text.__malloc_lock
                0x00006552        0x2 c:/users/xsegg/appdata/local/arduino15/packages/arduino/tools/arm-none-eabi-gcc/7-2017q4/bin/../lib/gcc/arm-none-eabi/7.2.1/../../../../arm-none-eabi/lib/thumb/v6-m\libc_nano.a(lib_a-mlock.o)
                0x00006552                __malloc_lock
 .text.__malloc_unlock
                0x00006554        0x2 c:/users/xsegg/appdata/local/arduino15/packages/arduino/tools/arm-none-eabi-gcc/7-2017q4/bin/../lib/gcc/arm-none-eabi/7.2.1/../../../../arm-none-eabi/lib/thumb/v6-m\libc_nano.a(lib_a-mlock.o)
                0x00006554                __malloc_unlock
 *fill*         0x00006556        0x2 
 .text._sbrk    0x00006558       0x1c c:/users/xsegg/appdata/local/arduino15/packages/arduino/tools/arm-none-eabi-gcc/7-2017q4/bin/../lib/gcc/arm-none-eabi/7.2.1/../../../../arm-none-eabi/lib/thumb/v6-m\libnosys.a(sbrk.o)
                0x00006558                _sbrk
 *(.init)
 .init          0x00006574        0x4 c:/users/xsegg/appdata/local/arduino15/packages/arduino/tools/arm-none-eabi-gcc/7-2017q4/bin/../lib/gcc/arm-none-eabi/7.2.1/thumb/v6-m/crti.o
                0x00006574                _init
 .init          0x00006578        0x8 c:/users/xsegg/appdata/local/arduino15/packages/arduino/tools/arm-none-eabi-gcc/7-2017q4/bin/../lib/gcc/arm-none-eabi/7.2.1/thumb/v6-m/crtn.o
 *(.fini)
 .fini          0x00006580        0x4 c:/users/xsegg/appdata/local/arduino15/packages/arduino/tools/arm-none-eabi-gcc/7-2017q4/bin/../lib/gcc/arm-none-eabi/7.2.1/thumb/v6-m/crti.o
                0x00006580                _fini
 .fini          0x00006584        0x8 c:/users/xsegg/appdata/local/arduino15/packages/arduino/tools/arm-none-eabi-gcc/7-2017q4/bin/../lib/gcc/arm-none-eabi/7.2.1/thumb/v6-m/crtn.o
 *crtbegin.o(.ctors)
 *crtbegin?.o(.ctors)
 *(EXCLUDE_FILE(*crtend.o *crtend?.o) .ctors)
 *(SORT_BY_NAME(.ctors.*))
 *(.ctors)
 *crtbegin.o(.dtors)
 *crtbegin?.o(.dtors)
 *(EXCLUDE_FILE(*crtend.o *crtend?.o) .dtors)
 *(SORT_BY_NAME(.dtors.*))
 *(.dtors)
 *(.rodata*)
 .rodata._Z10attachPinsv.str1.1
                0x0000658c       0x2c Z:\Documents\Git\motoractuatedvalve-controller\build\sketch\Controller.ino.cpp.o
 .rodata._Z5errorb.str1.1
                0x000065b8       0x2e Z:\Documents\Git\motoractuatedvalve-controller\build\sketch\Controller.ino.cpp.o
 .rodata._Z8sPrintlnv.str1.1
                0x000065e6        0x3 Z:\Documents\Git\motoractuatedvalve-controller\build\sketch\Controller.ino.cpp.o
 .rodata.loop.str1.1
                0x000065e9       0x3f Z:\Documents\Git\motoractuatedvalve-controller\build\sketch\Controller.ino.cpp.o
 .rodata.setup.str1.1
                0x00006628       0x2d Z:\Documents\Git\motoractuatedvalve-controller\build\sketch\Controller.ino.cpp.o
 *fill*         0x00006655        0x3 
 .rodata.g_APinDescription
                0x00006658      0x318 Z:\Documents\Git\motoractuatedvalve-controller\build\core\variant.cpp.o
                0x00006658                g_APinDescription
 .rodata._ZTV7Serial_
                0x00006970       0x60 Z:\Documents\Git\motoractuatedvalve-controller\build/core\core.a(CDC.cpp.o)
                0x00006970                vtable for Serial_
 .rodata._ZTV26DoubleBufferedEPOutHandler
                0x000069d0       0x24 Z:\Documents\Git\motoractuatedvalve-controller\build/core\core.a(USBCore.cpp.o)
                0x000069d0                vtable for DoubleBufferedEPOutHandler
 .rodata._ZL14STRING_PRODUCT
                0x000069f4       0x14 Z:\Documents\Git\motoractuatedvalve-controller\build/core\core.a(USBCore.cpp.o)
 .rodata._ZL15STRING_LANGUAGE
                0x00006a08        0x4 Z:\Documents\Git\motoractuatedvalve-controller\build/core\core.a(USBCore.cpp.o)
 .rodata._ZL19STRING_MANUFACTURER
                0x00006a0c        0xc Z:\Documents\Git\motoractuatedvalve-controller\build/core\core.a(USBCore.cpp.o)
 .rodata._ZL21USB_DeviceDescriptorB
                0x00006a18       0x12 Z:\Documents\Git\motoractuatedvalve-controller\build/core\core.a(USBCore.cpp.o)
 *fill*         0x00006a2a        0x2 
 .rodata._ZTV4Uart
                0x00006a2c       0x34 Z:\Documents\Git\motoractuatedvalve-controller\build/core\core.a(Uart.cpp.o)
                0x00006a2c                vtable for Uart
 .rodata._ZN7arduino5Print7printlnEv.str1.1
                0x00006a60        0x3 Z:\Documents\Git\motoractuatedvalve-controller\build/core\core.a(Print.cpp.o)
 .rodata        0x00006a60       0x80 c:/users/xsegg/appdata/local/arduino15/packages/arduino/tools/arm-none-eabi-gcc/7-2017q4/bin/../lib/gcc/arm-none-eabi/7.2.1/thumb/v6-m\libgcc.a(divsf3.o)
 .rodata        0x00006ae0       0x40 c:/users/xsegg/appdata/local/arduino15/packages/arduino/tools/arm-none-eabi-gcc/7-2017q4/bin/../lib/gcc/arm-none-eabi/7.2.1/thumb/v6-m\libgcc.a(mulsf3.o)
 *(.eh_frame*)
 .eh_frame      0x00006b20        0x0 c:/users/xsegg/appdata/local/arduino15/packages/arduino/tools/arm-none-eabi-gcc/7-2017q4/bin/../lib/gcc/arm-none-eabi/7.2.1/thumb/v6-m/crtbegin.o
 .eh_frame      0x00006b20        0x4 c:/users/xsegg/appdata/local/arduino15/packages/arduino/tools/arm-none-eabi-gcc/7-2017q4/bin/../lib/gcc/arm-none-eabi/7.2.1/thumb/v6-m/crtend.o

.glue_7         0x00006b24        0x0
 .glue_7        0x00006b24        0x0 linker stubs

.glue_7t        0x00006b24        0x0
 .glue_7t       0x00006b24        0x0 linker stubs

.vfp11_veneer   0x00006b24        0x0
 .vfp11_veneer  0x00006b24        0x0 linker stubs

.v4_bx          0x00006b24        0x0
 .v4_bx         0x00006b24        0x0 linker stubs

.iplt           0x00006b24        0x0
 .iplt          0x00006b24        0x0 c:/users/xsegg/appdata/local/arduino15/packages/arduino/tools/arm-none-eabi-gcc/7-2017q4/bin/../lib/gcc/arm-none-eabi/7.2.1/thumb/v6-m/crtbegin.o

.rel.dyn        0x00006b24        0x0
 .rel.iplt      0x00006b24        0x0 c:/users/xsegg/appdata/local/arduino15/packages/arduino/tools/arm-none-eabi-gcc/7-2017q4/bin/../lib/gcc/arm-none-eabi/7.2.1/thumb/v6-m/crtbegin.o

.ARM.extab
 *(.ARM.extab* .gnu.linkonce.armextab.*)
                0x00006b24                __exidx_start = .

.ARM.exidx
 *(.ARM.exidx* .gnu.linkonce.armexidx.*)
                0x00006b24                __exidx_end = .
                0x00006b24                __etext = .

.data           0x20000000       0x94 load address 0x00006b24
                0x20000000                __data_start__ = .
 *(vtable)
 *(.data*)
 .data._ZL10breakValue
                0x20000000        0x4 Z:\Documents\Git\motoractuatedvalve-controller\build/core\core.a(CDC.cpp.o)
 .data._ZL12_usbLineInfo
                0x20000004        0x8 Z:\Documents\Git\motoractuatedvalve-controller\build/core\core.a(CDC.cpp.o)
 .data._serialPeek
                0x2000000c        0x4 Z:\Documents\Git\motoractuatedvalve-controller\build/core\core.a(CDC.cpp.o)
                0x2000000c                _serialPeek
 .data.SystemCoreClock
                0x20000010        0x4 Z:\Documents\Git\motoractuatedvalve-controller\build/core\core.a(wiring.c.o)
                0x20000010                SystemCoreClock
 .data._ZL5ticks
                0x20000014        0x4 Z:\Documents\Git\motoractuatedvalve-controller\build/core\core.a(Reset.cpp.o)
 .data._impure_ptr
                0x20000018        0x4 c:/users/xsegg/appdata/local/arduino15/packages/arduino/tools/arm-none-eabi-gcc/7-2017q4/bin/../lib/gcc/arm-none-eabi/7.2.1/../../../../arm-none-eabi/lib/thumb/v6-m\libc_nano.a(lib_a-impure.o)
                0x20000018                _impure_ptr
 .data.impure_data
                0x2000001c       0x60 c:/users/xsegg/appdata/local/arduino15/packages/arduino/tools/arm-none-eabi-gcc/7-2017q4/bin/../lib/gcc/arm-none-eabi/7.2.1/../../../../arm-none-eabi/lib/thumb/v6-m\libc_nano.a(lib_a-impure.o)
                0x2000007c                . = ALIGN (0x4)
                0x2000007c                PROVIDE (__preinit_array_start, .)
 *(.preinit_array)
                0x2000007c                PROVIDE (__preinit_array_end, .)
                0x2000007c                . = ALIGN (0x4)
                0x2000007c                PROVIDE (__init_array_start, .)
 *(SORT_BY_NAME(.init_array.*))
 *(.init_array)
 .init_array    0x2000007c        0x4 c:/users/xsegg/appdata/local/arduino15/packages/arduino/tools/arm-none-eabi-gcc/7-2017q4/bin/../lib/gcc/arm-none-eabi/7.2.1/thumb/v6-m/crtbegin.o
 .init_array    0x20000080        0x4 Z:\Documents\Git\motoractuatedvalve-controller\build\sketch\Controller.ino.cpp.o
 .init_array    0x20000084        0x4 Z:\Documents\Git\motoractuatedvalve-controller\build\core\variant.cpp.o
 .init_array    0x20000088        0x4 Z:\Documents\Git\motoractuatedvalve-controller\build/core\core.a(CDC.cpp.o)
 .init_array    0x2000008c        0x4 Z:\Documents\Git\motoractuatedvalve-controller\build/core\core.a(USBCore.cpp.o)
                0x20000090                PROVIDE (__init_array_end, .)
                0x20000090                . = ALIGN (0x4)
                [!provide]                PROVIDE (__fini_array_start, .)
 *(SORT_BY_NAME(.fini_array.*))
 *(.fini_array)
 .fini_array    0x20000090        0x4 c:/users/xsegg/appdata/local/arduino15/packages/arduino/tools/arm-none-eabi-gcc/7-2017q4/bin/../lib/gcc/arm-none-eabi/7.2.1/thumb/v6-m/crtbegin.o
                [!provide]                PROVIDE (__fini_array_end, .)
 *(.jcr*)
                0x20000094                . = ALIGN (0x4)
                0x20000094                __data_end__ = .

.igot.plt       0x20000094        0x0 load address 0x00006bb8
 .igot.plt      0x20000094        0x0 c:/users/xsegg/appdata/local/arduino15/packages/arduino/tools/arm-none-eabi-gcc/7-2017q4/bin/../lib/gcc/arm-none-eabi/7.2.1/thumb/v6-m/crtbegin.o

.bss            0x20000094      0xdec load address 0x00006bb8
                0x20000094                . = ALIGN (0x4)
                0x20000094                __bss_start__ = .
 *(.bss*)
 .bss           0x20000094       0x1c c:/users/xsegg/appdata/local/arduino15/packages/arduino/tools/arm-none-eabi-gcc/7-2017q4/bin/../lib/gcc/arm-none-eabi/7.2.1/thumb/v6-m/crtbegin.o
 .bss.EXT       0x200000b0        0xa Z:\Documents\Git\motoractuatedvalve-controller\build\sketch\Controller.ino.cpp.o
 *fill*         0x200000ba        0x2 
 .bss.Fuel      0x200000bc       0x40 Z:\Documents\Git\motoractuatedvalve-controller\build\sketch\Controller.ino.cpp.o
                0x200000bc                Fuel
 .bss.Ox        0x200000fc       0x40 Z:\Documents\Git\motoractuatedvalve-controller\build\sketch\Controller.ino.cpp.o
                0x200000fc                Ox
 .bss.enc       0x2000013c        0x4 Z:\Documents\Git\motoractuatedvalve-controller\build\sketch\Controller.ino.cpp.o
                0x2000013c                enc
 .bss.serEn     0x20000140        0x1 Z:\Documents\Git\motoractuatedvalve-controller\build\sketch\Controller.ino.cpp.o
                0x20000140                serEn
 *fill*         0x20000141        0x3 
 .bss.Serial1   0x20000144      0x244 Z:\Documents\Git\motoractuatedvalve-controller\build\core\variant.cpp.o
                0x20000144                Serial1
 .bss.Serial2   0x20000388      0x244 Z:\Documents\Git\motoractuatedvalve-controller\build\core\variant.cpp.o
                0x20000388                Serial2
 .bss.SerialHCI
                0x200005cc      0x244 Z:\Documents\Git\motoractuatedvalve-controller\build\core\variant.cpp.o
                0x200005cc                SerialHCI
 .bss.sercom0   0x20000810        0x8 Z:\Documents\Git\motoractuatedvalve-controller\build\core\variant.cpp.o
                0x20000810                sercom0
 .bss.sercom1   0x20000818        0x8 Z:\Documents\Git\motoractuatedvalve-controller\build\core\variant.cpp.o
                0x20000818                sercom1
 .bss.sercom2   0x20000820        0x8 Z:\Documents\Git\motoractuatedvalve-controller\build\core\variant.cpp.o
                0x20000820                sercom2
 .bss.sercom3   0x20000828        0x8 Z:\Documents\Git\motoractuatedvalve-controller\build\core\variant.cpp.o
                0x20000828                sercom3
 .bss.sercom4   0x20000830        0x8 Z:\Documents\Git\motoractuatedvalve-controller\build\core\variant.cpp.o
                0x20000830                sercom4
 .bss.sercom5   0x20000838        0x8 Z:\Documents\Git\motoractuatedvalve-controller\build\core\variant.cpp.o
                0x20000838                sercom5
 .bss.SerialUSB
                0x20000840       0x34 Z:\Documents\Git\motoractuatedvalve-controller\build/core\core.a(CDC.cpp.o)
                0x20000840                SerialUSB
 .bss.EndPoints
                0x20000874       0x28 Z:\Documents\Git\motoractuatedvalve-controller\build/core\core.a(USBCore.cpp.o)
                0x20000874                EndPoints
 .bss.USBDevice
                0x2000089c        0x1 Z:\Documents\Git\motoractuatedvalve-controller\build/core\core.a(USBCore.cpp.o)
                0x2000089c                USBDevice
 *fill*         0x2000089d        0x3 
 .bss._ZL10epHandlers
                0x200008a0       0x1c Z:\Documents\Git\motoractuatedvalve-controller\build/core\core.a(USBCore.cpp.o)
 .bss._ZL14isEndpointHalt
                0x200008bc        0x1 Z:\Documents\Git\motoractuatedvalve-controller\build/core\core.a(USBCore.cpp.o)
 .bss._ZL20LastTransmitTimedOut
                0x200008bd        0x7 Z:\Documents\Git\motoractuatedvalve-controller\build/core\core.a(USBCore.cpp.o)
 .bss._ZL21isRemoteWakeUpEnabled
                0x200008c4        0x1 Z:\Documents\Git\motoractuatedvalve-controller\build/core\core.a(USBCore.cpp.o)
 *fill*         0x200008c5        0x3 
 .bss._ZL22udd_ep_in_cache_buffer
                0x200008c8      0x1c0 Z:\Documents\Git\motoractuatedvalve-controller\build/core\core.a(USBCore.cpp.o)
 .bss._ZL23udd_ep_out_cache_buffer
                0x20000a88      0x1c0 Z:\Documents\Git\motoractuatedvalve-controller\build/core\core.a(USBCore.cpp.o)
 .bss._dry_run  0x20000c48        0x1 Z:\Documents\Git\motoractuatedvalve-controller\build/core\core.a(USBCore.cpp.o)
                0x20000c48                _dry_run
 .bss._pack_buffer
                0x20000c49      0x100 Z:\Documents\Git\motoractuatedvalve-controller\build/core\core.a(USBCore.cpp.o)
                0x20000c49                _pack_buffer
 .bss._pack_message
                0x20000d49        0x1 Z:\Documents\Git\motoractuatedvalve-controller\build/core\core.a(USBCore.cpp.o)
                0x20000d49                _pack_message
 .bss._pack_size
                0x20000d4a        0x2 Z:\Documents\Git\motoractuatedvalve-controller\build/core\core.a(USBCore.cpp.o)
                0x20000d4a                _pack_size
 .bss._usbConfiguration
                0x20000d4c        0x4 Z:\Documents\Git\motoractuatedvalve-controller\build/core\core.a(USBCore.cpp.o)
                0x20000d4c                _usbConfiguration
 .bss._usbSetInterface
                0x20000d50        0x4 Z:\Documents\Git\motoractuatedvalve-controller\build/core\core.a(USBCore.cpp.o)
                0x20000d50                _usbSetInterface
 .bss.usbd      0x20000d54      0x104 Z:\Documents\Git\motoractuatedvalve-controller\build/core\core.a(USBCore.cpp.o)
                0x20000d54                usbd
 .bss._ZGVZ12PluggableUSBvE3obj
                0x20000e58        0x4 Z:\Documents\Git\motoractuatedvalve-controller\build/core\core.a(PluggableUSB.cpp.o)
 .bss._ZZ12PluggableUSBvE3obj
                0x20000e5c        0xc Z:\Documents\Git\motoractuatedvalve-controller\build/core\core.a(PluggableUSB.cpp.o)
 .bss.usb_isr   0x20000e68        0x4 Z:\Documents\Git\motoractuatedvalve-controller\build/core\core.a(cortex_handlers.c.o)
 .bss._ulTickCount
                0x20000e6c        0x4 Z:\Documents\Git\motoractuatedvalve-controller\build/core\core.a(delay.c.o)
 .bss.__malloc_free_list
                0x20000e70        0x4 c:/users/xsegg/appdata/local/arduino15/packages/arduino/tools/arm-none-eabi-gcc/7-2017q4/bin/../lib/gcc/arm-none-eabi/7.2.1/../../../../arm-none-eabi/lib/thumb/v6-m\libc_nano.a(lib_a-nano-mallocr.o)
                0x20000e70                __malloc_free_list
 .bss.__malloc_sbrk_start
                0x20000e74        0x4 c:/users/xsegg/appdata/local/arduino15/packages/arduino/tools/arm-none-eabi-gcc/7-2017q4/bin/../lib/gcc/arm-none-eabi/7.2.1/../../../../arm-none-eabi/lib/thumb/v6-m\libc_nano.a(lib_a-nano-mallocr.o)
                0x20000e74                __malloc_sbrk_start
 .bss.heap_end.4102
                0x20000e78        0x4 c:/users/xsegg/appdata/local/arduino15/packages/arduino/tools/arm-none-eabi-gcc/7-2017q4/bin/../lib/gcc/arm-none-eabi/7.2.1/../../../../arm-none-eabi/lib/thumb/v6-m\libnosys.a(sbrk.o)
 *(COMMON)
 COMMON         0x20000e7c        0x4 c:/users/xsegg/appdata/local/arduino15/packages/arduino/tools/arm-none-eabi-gcc/7-2017q4/bin/../lib/gcc/arm-none-eabi/7.2.1/../../../../arm-none-eabi/lib/thumb/v6-m\libc_nano.a(lib_a-reent.o)
                0x20000e7c                errno
                0x20000e80                . = ALIGN (0x4)
                0x20000e80                __bss_end__ = .

.heap           0x20000e80        0x0
                0x20000e80                __end__ = .
                0x20000e80                PROVIDE (end, .)
 *(.heap*)
                0x20000e80                __HeapLimit = .

.stack_dummy    0x20000e80        0x0
 *(.stack*)
                0x20008000                __StackTop = (ORIGIN (RAM) + LENGTH (RAM))
                0x20008000                __StackLimit = (__StackTop - SIZEOF (.stack_dummy))
                0x20008000                PROVIDE (__stack, __StackTop)
                0x20007fff                __ram_end__ = ((ORIGIN (RAM) + LENGTH (RAM)) - 0x1)
                0x00000001                ASSERT ((__StackLimit >= __HeapLimit), region RAM overflowed with stack)
OUTPUT(Z:\Documents\Git\motoractuatedvalve-controller\build/Controller.ino.elf elf32-littlearm)

.ARM.attributes
                0x00000000       0x28
 .ARM.attributes
                0x00000000       0x1e c:/users/xsegg/appdata/local/arduino15/packages/arduino/tools/arm-none-eabi-gcc/7-2017q4/bin/../lib/gcc/arm-none-eabi/7.2.1/thumb/v6-m/crti.o
 .ARM.attributes
                0x0000001e       0x2c c:/users/xsegg/appdata/local/arduino15/packages/arduino/tools/arm-none-eabi-gcc/7-2017q4/bin/../lib/gcc/arm-none-eabi/7.2.1/thumb/v6-m/crtbegin.o
 .ARM.attributes
                0x0000004a       0x32 Z:\Documents\Git\motoractuatedvalve-controller\build\sketch\Controller.ino.cpp.o
 .ARM.attributes
                0x0000007c       0x32 Z:\Documents\Git\motoractuatedvalve-controller\build\core\variant.cpp.o
 .ARM.attributes
                0x000000ae       0x32 Z:\Documents\Git\motoractuatedvalve-controller\build/core\core.a(SERCOM.cpp.o)
 .ARM.attributes
                0x000000e0       0x32 Z:\Documents\Git\motoractuatedvalve-controller\build/core\core.a(CDC.cpp.o)
 .ARM.attributes
                0x00000112       0x32 Z:\Documents\Git\motoractuatedvalve-controller\build/core\core.a(USBCore.cpp.o)
 .ARM.attributes
                0x00000144       0x32 Z:\Documents\Git\motoractuatedvalve-controller\build/core\core.a(Uart.cpp.o)
 .ARM.attributes
                0x00000176       0x32 Z:\Documents\Git\motoractuatedvalve-controller\build/core\core.a(PluggableUSB.cpp.o)
 .ARM.attributes
                0x000001a8       0x32 Z:\Documents\Git\motoractuatedvalve-controller\build/core\core.a(Print.cpp.o)
 .ARM.attributes
                0x000001da       0x32 Z:\Documents\Git\motoractuatedvalve-controller\build/core\core.a(cortex_handlers.c.o)
 .ARM.attributes
                0x0000020c       0x32 Z:\Documents\Git\motoractuatedvalve-controller\build/core\core.a(delay.c.o)
 .ARM.attributes
                0x0000023e       0x32 Z:\Documents\Git\motoractuatedvalve-controller\build/core\core.a(hooks.c.o)
 .ARM.attributes
                0x00000270       0x32 Z:\Documents\Git\motoractuatedvalve-controller\build/core\core.a(main.cpp.o)
 .ARM.attributes
                0x000002a2       0x32 Z:\Documents\Git\motoractuatedvalve-controller\build/core\core.a(new.cpp.o)
 .ARM.attributes
                0x000002d4       0x32 Z:\Documents\Git\motoractuatedvalve-controller\build/core\core.a(startup.c.o)
 .ARM.attributes
                0x00000306       0x32 Z:\Documents\Git\motoractuatedvalve-controller\build/core\core.a(wiring.c.o)
 .ARM.attributes
                0x00000338       0x32 Z:\Documents\Git\motoractuatedvalve-controller\build/core\core.a(wiring_analog.c.o)
 .ARM.attributes
                0x0000036a       0x32 Z:\Documents\Git\motoractuatedvalve-controller\build/core\core.a(wiring_digital.c.o)
 .ARM.attributes
                0x0000039c       0x32 Z:\Documents\Git\motoractuatedvalve-controller\build/core\core.a(wiring_private.c.o)
 .ARM.attributes
                0x000003ce       0x32 Z:\Documents\Git\motoractuatedvalve-controller\build/core\core.a(Reset.cpp.o)
 .ARM.attributes
                0x00000400       0x1e c:/users/xsegg/appdata/local/arduino15/packages/arduino/tools/arm-none-eabi-gcc/7-2017q4/bin/../lib/gcc/arm-none-eabi/7.2.1/thumb/v6-m\libgcc.a(_thumb1_case_uqi.o)
 .ARM.attributes
                0x0000041e       0x1e c:/users/xsegg/appdata/local/arduino15/packages/arduino/tools/arm-none-eabi-gcc/7-2017q4/bin/../lib/gcc/arm-none-eabi/7.2.1/thumb/v6-m\libgcc.a(_udivsi3.o)
 .ARM.attributes
                0x0000043c       0x1e c:/users/xsegg/appdata/local/arduino15/packages/arduino/tools/arm-none-eabi-gcc/7-2017q4/bin/../lib/gcc/arm-none-eabi/7.2.1/thumb/v6-m\libgcc.a(_dvmd_tls.o)
 .ARM.attributes
                0x0000045a       0x1e c:/users/xsegg/appdata/local/arduino15/packages/arduino/tools/arm-none-eabi-gcc/7-2017q4/bin/../lib/gcc/arm-none-eabi/7.2.1/thumb/v6-m\libgcc.a(_arm_cmpsf2.o)
 .ARM.attributes
                0x00000478       0x2c c:/users/xsegg/appdata/local/arduino15/packages/arduino/tools/arm-none-eabi-gcc/7-2017q4/bin/../lib/gcc/arm-none-eabi/7.2.1/thumb/v6-m\libgcc.a(_fixunssfsi.o)
 .ARM.attributes
                0x000004a4       0x2c c:/users/xsegg/appdata/local/arduino15/packages/arduino/tools/arm-none-eabi-gcc/7-2017q4/bin/../lib/gcc/arm-none-eabi/7.2.1/thumb/v6-m\libgcc.a(addsf3.o)
 .ARM.attributes
                0x000004d0       0x2c c:/users/xsegg/appdata/local/arduino15/packages/arduino/tools/arm-none-eabi-gcc/7-2017q4/bin/../lib/gcc/arm-none-eabi/7.2.1/thumb/v6-m\libgcc.a(divsf3.o)
 .ARM.attributes
                0x000004fc       0x2c c:/users/xsegg/appdata/local/arduino15/packages/arduino/tools/arm-none-eabi-gcc/7-2017q4/bin/../lib/gcc/arm-none-eabi/7.2.1/thumb/v6-m\libgcc.a(eqsf2.o)
 .ARM.attributes
                0x00000528       0x2c c:/users/xsegg/appdata/local/arduino15/packages/arduino/tools/arm-none-eabi-gcc/7-2017q4/bin/../lib/gcc/arm-none-eabi/7.2.1/thumb/v6-m\libgcc.a(gesf2.o)
 .ARM.attributes
                0x00000554       0x2c c:/users/xsegg/appdata/local/arduino15/packages/arduino/tools/arm-none-eabi-gcc/7-2017q4/bin/../lib/gcc/arm-none-eabi/7.2.1/thumb/v6-m\libgcc.a(lesf2.o)
 .ARM.attributes
                0x00000580       0x2c c:/users/xsegg/appdata/local/arduino15/packages/arduino/tools/arm-none-eabi-gcc/7-2017q4/bin/../lib/gcc/arm-none-eabi/7.2.1/thumb/v6-m\libgcc.a(mulsf3.o)
 .ARM.attributes
                0x000005ac       0x2c c:/users/xsegg/appdata/local/arduino15/packages/arduino/tools/arm-none-eabi-gcc/7-2017q4/bin/../lib/gcc/arm-none-eabi/7.2.1/thumb/v6-m\libgcc.a(subsf3.o)
 .ARM.attributes
                0x000005d8       0x2c c:/users/xsegg/appdata/local/arduino15/packages/arduino/tools/arm-none-eabi-gcc/7-2017q4/bin/../lib/gcc/arm-none-eabi/7.2.1/thumb/v6-m\libgcc.a(fixsfsi.o)
 .ARM.attributes
                0x00000604       0x2c c:/users/xsegg/appdata/local/arduino15/packages/arduino/tools/arm-none-eabi-gcc/7-2017q4/bin/../lib/gcc/arm-none-eabi/7.2.1/thumb/v6-m\libgcc.a(floatsisf.o)
 .ARM.attributes
                0x00000630       0x2c c:/users/xsegg/appdata/local/arduino15/packages/arduino/tools/arm-none-eabi-gcc/7-2017q4/bin/../lib/gcc/arm-none-eabi/7.2.1/thumb/v6-m\libgcc.a(floatunsisf.o)
 .ARM.attributes
                0x0000065c       0x1e c:/users/xsegg/appdata/local/arduino15/packages/arduino/tools/arm-none-eabi-gcc/7-2017q4/bin/../lib/gcc/arm-none-eabi/7.2.1/thumb/v6-m\libgcc.a(_clzsi2.o)
 .ARM.attributes
                0x0000067a       0x2c c:/users/xsegg/appdata/local/arduino15/packages/arduino/tools/arm-none-eabi-gcc/7-2017q4/bin/../lib/gcc/arm-none-eabi/7.2.1/../../../../arm-none-eabi/lib/thumb/v6-m\libc_nano.a(lib_a-impure.o)
 .ARM.attributes
                0x000006a6       0x2c c:/users/xsegg/appdata/local/arduino15/packages/arduino/tools/arm-none-eabi-gcc/7-2017q4/bin/../lib/gcc/arm-none-eabi/7.2.1/../../../../arm-none-eabi/lib/thumb/v6-m\libc_nano.a(lib_a-init.o)
 .ARM.attributes
                0x000006d2       0x2c c:/users/xsegg/appdata/local/arduino15/packages/arduino/tools/arm-none-eabi-gcc/7-2017q4/bin/../lib/gcc/arm-none-eabi/7.2.1/../../../../arm-none-eabi/lib/thumb/v6-m\libc_nano.a(lib_a-malloc.o)
 .ARM.attributes
                0x000006fe       0x2c c:/users/xsegg/appdata/local/arduino15/packages/arduino/tools/arm-none-eabi-gcc/7-2017q4/bin/../lib/gcc/arm-none-eabi/7.2.1/../../../../arm-none-eabi/lib/thumb/v6-m\libc_nano.a(lib_a-memcpy-stub.o)
 .ARM.attributes
                0x0000072a       0x2c c:/users/xsegg/appdata/local/arduino15/packages/arduino/tools/arm-none-eabi-gcc/7-2017q4/bin/../lib/gcc/arm-none-eabi/7.2.1/../../../../arm-none-eabi/lib/thumb/v6-m\libc_nano.a(lib_a-memset.o)
 .ARM.attributes
                0x00000756       0x2c c:/users/xsegg/appdata/local/arduino15/packages/arduino/tools/arm-none-eabi-gcc/7-2017q4/bin/../lib/gcc/arm-none-eabi/7.2.1/../../../../arm-none-eabi/lib/thumb/v6-m\libc_nano.a(lib_a-nano-freer.o)
 .ARM.attributes
                0x00000782       0x2c c:/users/xsegg/appdata/local/arduino15/packages/arduino/tools/arm-none-eabi-gcc/7-2017q4/bin/../lib/gcc/arm-none-eabi/7.2.1/../../../../arm-none-eabi/lib/thumb/v6-m\libc_nano.a(lib_a-nano-mallocr.o)
 .ARM.attributes
                0x000007ae       0x2c c:/users/xsegg/appdata/local/arduino15/packages/arduino/tools/arm-none-eabi-gcc/7-2017q4/bin/../lib/gcc/arm-none-eabi/7.2.1/../../../../arm-none-eabi/lib/thumb/v6-m\libc_nano.a(lib_a-sbrkr.o)
 .ARM.attributes
                0x000007da       0x1c c:/users/xsegg/appdata/local/arduino15/packages/arduino/tools/arm-none-eabi-gcc/7-2017q4/bin/../lib/gcc/arm-none-eabi/7.2.1/../../../../arm-none-eabi/lib/thumb/v6-m\libc_nano.a(lib_a-strlen.o)
 .ARM.attributes
                0x000007f6       0x2c c:/users/xsegg/appdata/local/arduino15/packages/arduino/tools/arm-none-eabi-gcc/7-2017q4/bin/../lib/gcc/arm-none-eabi/7.2.1/../../../../arm-none-eabi/lib/thumb/v6-m\libc_nano.a(lib_a-mlock.o)
 .ARM.attributes
                0x00000822       0x2c c:/users/xsegg/appdata/local/arduino15/packages/arduino/tools/arm-none-eabi-gcc/7-2017q4/bin/../lib/gcc/arm-none-eabi/7.2.1/../../../../arm-none-eabi/lib/thumb/v6-m\libc_nano.a(lib_a-reent.o)
 .ARM.attributes
                0x0000084e       0x2c c:/users/xsegg/appdata/local/arduino15/packages/arduino/tools/arm-none-eabi-gcc/7-2017q4/bin/../lib/gcc/arm-none-eabi/7.2.1/../../../../arm-none-eabi/lib/thumb/v6-m\libnosys.a(sbrk.o)
 .ARM.attributes
                0x0000087a       0x2c c:/users/xsegg/appdata/local/arduino15/packages/arduino/tools/arm-none-eabi-gcc/7-2017q4/bin/../lib/gcc/arm-none-eabi/7.2.1/thumb/v6-m/crtend.o
 .ARM.attributes
                0x000008a6       0x1e c:/users/xsegg/appdata/local/arduino15/packages/arduino/tools/arm-none-eabi-gcc/7-2017q4/bin/../lib/gcc/arm-none-eabi/7.2.1/thumb/v6-m/crtn.o

.comment        0x00000000       0x7e
 .comment       0x00000000       0x7e Z:\Documents\Git\motoractuatedvalve-controller\build\sketch\Controller.ino.cpp.o
                                 0x7f (size before relaxing)
 .comment       0x0000007e       0x7f Z:\Documents\Git\motoractuatedvalve-controller\build\core\variant.cpp.o
 .comment       0x0000007e       0x7f Z:\Documents\Git\motoractuatedvalve-controller\build/core\core.a(SERCOM.cpp.o)
 .comment       0x0000007e       0x7f Z:\Documents\Git\motoractuatedvalve-controller\build/core\core.a(CDC.cpp.o)
 .comment       0x0000007e       0x7f Z:\Documents\Git\motoractuatedvalve-controller\build/core\core.a(USBCore.cpp.o)
 .comment       0x0000007e       0x7f Z:\Documents\Git\motoractuatedvalve-controller\build/core\core.a(Uart.cpp.o)
 .comment       0x0000007e       0x7f Z:\Documents\Git\motoractuatedvalve-controller\build/core\core.a(PluggableUSB.cpp.o)
 .comment       0x0000007e       0x7f Z:\Documents\Git\motoractuatedvalve-controller\build/core\core.a(Print.cpp.o)
 .comment       0x0000007e       0x7f Z:\Documents\Git\motoractuatedvalve-controller\build/core\core.a(cortex_handlers.c.o)
 .comment       0x0000007e       0x7f Z:\Documents\Git\motoractuatedvalve-controller\build/core\core.a(delay.c.o)
 .comment       0x0000007e       0x7f Z:\Documents\Git\motoractuatedvalve-controller\build/core\core.a(hooks.c.o)
 .comment       0x0000007e       0x7f Z:\Documents\Git\motoractuatedvalve-controller\build/core\core.a(main.cpp.o)
 .comment       0x0000007e       0x7f Z:\Documents\Git\motoractuatedvalve-controller\build/core\core.a(new.cpp.o)
 .comment       0x0000007e       0x7f Z:\Documents\Git\motoractuatedvalve-controller\build/core\core.a(startup.c.o)
 .comment       0x0000007e       0x7f Z:\Documents\Git\motoractuatedvalve-controller\build/core\core.a(wiring.c.o)
 .comment       0x0000007e       0x7f Z:\Documents\Git\motoractuatedvalve-controller\build/core\core.a(wiring_analog.c.o)
 .comment       0x0000007e       0x7f Z:\Documents\Git\motoractuatedvalve-controller\build/core\core.a(wiring_digital.c.o)
 .comment       0x0000007e       0x7f Z:\Documents\Git\motoractuatedvalve-controller\build/core\core.a(wiring_private.c.o)
 .comment       0x0000007e       0x7f Z:\Documents\Git\motoractuatedvalve-controller\build/core\core.a(Reset.cpp.o)

.debug_info     0x00000000    0x5b9ea
 .debug_info    0x00000000     0xa4a9 Z:\Documents\Git\motoractuatedvalve-controller\build\sketch\Controller.ino.cpp.o
 .debug_info    0x0000a4a9     0x8a5a Z:\Documents\Git\motoractuatedvalve-controller\build\core\variant.cpp.o
 .debug_info    0x00012f03     0x733c Z:\Documents\Git\motoractuatedvalve-controller\build/core\core.a(SERCOM.cpp.o)
 .debug_info    0x0001a23f     0x9b5c Z:\Documents\Git\motoractuatedvalve-controller\build/core\core.a(CDC.cpp.o)
 .debug_info    0x00023d9b     0xdad1 Z:\Documents\Git\motoractuatedvalve-controller\build/core\core.a(USBCore.cpp.o)
 .debug_info    0x0003186c     0x7fbe Z:\Documents\Git\motoractuatedvalve-controller\build/core\core.a(Uart.cpp.o)
 .debug_info    0x0003982a      0x686 Z:\Documents\Git\motoractuatedvalve-controller\build/core\core.a(PluggableUSB.cpp.o)
 .debug_info    0x00039eb0     0x41d3 Z:\Documents\Git\motoractuatedvalve-controller\build/core\core.a(Print.cpp.o)
 .debug_info    0x0003e083     0x110c Z:\Documents\Git\motoractuatedvalve-controller\build/core\core.a(cortex_handlers.c.o)
 .debug_info    0x0003f18f     0x13d2 Z:\Documents\Git\motoractuatedvalve-controller\build/core\core.a(delay.c.o)
 .debug_info    0x00040561       0x64 Z:\Documents\Git\motoractuatedvalve-controller\build/core\core.a(hooks.c.o)
 .debug_info    0x000405c5     0x5e65 Z:\Documents\Git\motoractuatedvalve-controller\build/core\core.a(main.cpp.o)
 .debug_info    0x0004642a      0xf3b Z:\Documents\Git\motoractuatedvalve-controller\build/core\core.a(new.cpp.o)
 .debug_info    0x00047365     0x34f9 Z:\Documents\Git\motoractuatedvalve-controller\build/core\core.a(startup.c.o)
 .debug_info    0x0004a85e     0x2d9a Z:\Documents\Git\motoractuatedvalve-controller\build/core\core.a(wiring.c.o)
 .debug_info    0x0004d5f8     0x4f63 Z:\Documents\Git\motoractuatedvalve-controller\build/core\core.a(wiring_analog.c.o)
 .debug_info    0x0005255b     0x186d Z:\Documents\Git\motoractuatedvalve-controller\build/core\core.a(wiring_digital.c.o)
 .debug_info    0x00053dc8     0x17f7 Z:\Documents\Git\motoractuatedvalve-controller\build/core\core.a(wiring_private.c.o)
 .debug_info    0x000555bf     0x642b Z:\Documents\Git\motoractuatedvalve-controller\build/core\core.a(Reset.cpp.o)

.debug_abbrev   0x00000000     0x6850
 .debug_abbrev  0x00000000      0x8b3 Z:\Documents\Git\motoractuatedvalve-controller\build\sketch\Controller.ino.cpp.o
 .debug_abbrev  0x000008b3      0x6c9 Z:\Documents\Git\motoractuatedvalve-controller\build\core\variant.cpp.o
 .debug_abbrev  0x00000f7c      0x836 Z:\Documents\Git\motoractuatedvalve-controller\build/core\core.a(SERCOM.cpp.o)
 .debug_abbrev  0x000017b2      0xab9 Z:\Documents\Git\motoractuatedvalve-controller\build/core\core.a(CDC.cpp.o)
 .debug_abbrev  0x0000226b      0xc7b Z:\Documents\Git\motoractuatedvalve-controller\build/core\core.a(USBCore.cpp.o)
 .debug_abbrev  0x00002ee6      0x913 Z:\Documents\Git\motoractuatedvalve-controller\build/core\core.a(Uart.cpp.o)
 .debug_abbrev  0x000037f9      0x2b2 Z:\Documents\Git\motoractuatedvalve-controller\build/core\core.a(PluggableUSB.cpp.o)
 .debug_abbrev  0x00003aab      0x709 Z:\Documents\Git\motoractuatedvalve-controller\build/core\core.a(Print.cpp.o)
 .debug_abbrev  0x000041b4      0x29a Z:\Documents\Git\motoractuatedvalve-controller\build/core\core.a(cortex_handlers.c.o)
 .debug_abbrev  0x0000444e      0x33c Z:\Documents\Git\motoractuatedvalve-controller\build/core\core.a(delay.c.o)
 .debug_abbrev  0x0000478a       0x49 Z:\Documents\Git\motoractuatedvalve-controller\build/core\core.a(hooks.c.o)
 .debug_abbrev  0x000047d3      0x5dd Z:\Documents\Git\motoractuatedvalve-controller\build/core\core.a(main.cpp.o)
 .debug_abbrev  0x00004db0      0x301 Z:\Documents\Git\motoractuatedvalve-controller\build/core\core.a(new.cpp.o)
 .debug_abbrev  0x000050b1      0x2ca Z:\Documents\Git\motoractuatedvalve-controller\build/core\core.a(startup.c.o)
 .debug_abbrev  0x0000537b      0x3a1 Z:\Documents\Git\motoractuatedvalve-controller\build/core\core.a(wiring.c.o)
 .debug_abbrev  0x0000571c      0x487 Z:\Documents\Git\motoractuatedvalve-controller\build/core\core.a(wiring_analog.c.o)
 .debug_abbrev  0x00005ba3      0x339 Z:\Documents\Git\motoractuatedvalve-controller\build/core\core.a(wiring_digital.c.o)
 .debug_abbrev  0x00005edc      0x303 Z:\Documents\Git\motoractuatedvalve-controller\build/core\core.a(wiring_private.c.o)
 .debug_abbrev  0x000061df      0x671 Z:\Documents\Git\motoractuatedvalve-controller\build/core\core.a(Reset.cpp.o)

.debug_loc      0x00000000     0x72a4
 .debug_loc     0x00000000      0x5e0 Z:\Documents\Git\motoractuatedvalve-controller\build\sketch\Controller.ino.cpp.o
 .debug_loc     0x000005e0       0x2a Z:\Documents\Git\motoractuatedvalve-controller\build\core\variant.cpp.o
 .debug_loc     0x0000060a      0xb3f Z:\Documents\Git\motoractuatedvalve-controller\build/core\core.a(SERCOM.cpp.o)
 .debug_loc     0x00001149      0x81c Z:\Documents\Git\motoractuatedvalve-controller\build/core\core.a(CDC.cpp.o)
 .debug_loc     0x00001965     0x27c7 Z:\Documents\Git\motoractuatedvalve-controller\build/core\core.a(USBCore.cpp.o)
 .debug_loc     0x0000412c      0xb0f Z:\Documents\Git\motoractuatedvalve-controller\build/core\core.a(Uart.cpp.o)
 .debug_loc     0x00004c3b      0x256 Z:\Documents\Git\motoractuatedvalve-controller\build/core\core.a(PluggableUSB.cpp.o)
 .debug_loc     0x00004e91     0x1a81 Z:\Documents\Git\motoractuatedvalve-controller\build/core\core.a(Print.cpp.o)
 .debug_loc     0x00006912       0x3c Z:\Documents\Git\motoractuatedvalve-controller\build/core\core.a(cortex_handlers.c.o)
 .debug_loc     0x0000694e      0x12f Z:\Documents\Git\motoractuatedvalve-controller\build/core\core.a(delay.c.o)
 .debug_loc     0x00006a7d       0x42 Z:\Documents\Git\motoractuatedvalve-controller\build/core\core.a(new.cpp.o)
 .debug_loc     0x00006abf       0x6e Z:\Documents\Git\motoractuatedvalve-controller\build/core\core.a(startup.c.o)
 .debug_loc     0x00006b2d       0xa0 Z:\Documents\Git\motoractuatedvalve-controller\build/core\core.a(wiring.c.o)
 .debug_loc     0x00006bcd      0x4b9 Z:\Documents\Git\motoractuatedvalve-controller\build/core\core.a(wiring_analog.c.o)
 .debug_loc     0x00007086       0xc0 Z:\Documents\Git\motoractuatedvalve-controller\build/core\core.a(wiring_digital.c.o)
 .debug_loc     0x00007146      0x131 Z:\Documents\Git\motoractuatedvalve-controller\build/core\core.a(wiring_private.c.o)
 .debug_loc     0x00007277       0x2d Z:\Documents\Git\motoractuatedvalve-controller\build/core\core.a(Reset.cpp.o)

.debug_aranges  0x00000000      0x9d0
 .debug_aranges
                0x00000000       0xa0 Z:\Documents\Git\motoractuatedvalve-controller\build\sketch\Controller.ino.cpp.o
 .debug_aranges
                0x000000a0       0x48 Z:\Documents\Git\motoractuatedvalve-controller\build\core\variant.cpp.o
 .debug_aranges
                0x000000e8      0x1f0 Z:\Documents\Git\motoractuatedvalve-controller\build/core\core.a(SERCOM.cpp.o)
 .debug_aranges
                0x000002d8      0x120 Z:\Documents\Git\motoractuatedvalve-controller\build/core\core.a(CDC.cpp.o)
 .debug_aranges
                0x000003f8      0x190 Z:\Documents\Git\motoractuatedvalve-controller\build/core\core.a(USBCore.cpp.o)
 .debug_aranges
                0x00000588       0xb8 Z:\Documents\Git\motoractuatedvalve-controller\build/core\core.a(Uart.cpp.o)
 .debug_aranges
                0x00000640       0x48 Z:\Documents\Git\motoractuatedvalve-controller\build/core\core.a(PluggableUSB.cpp.o)
 .debug_aranges
                0x00000688      0x130 Z:\Documents\Git\motoractuatedvalve-controller\build/core\core.a(Print.cpp.o)
 .debug_aranges
                0x000007b8       0x40 Z:\Documents\Git\motoractuatedvalve-controller\build/core\core.a(cortex_handlers.c.o)
 .debug_aranges
                0x000007f8       0x48 Z:\Documents\Git\motoractuatedvalve-controller\build/core\core.a(delay.c.o)
 .debug_aranges
                0x00000840       0x30 Z:\Documents\Git\motoractuatedvalve-controller\build/core\core.a(hooks.c.o)
 .debug_aranges
                0x00000870       0x28 Z:\Documents\Git\motoractuatedvalve-controller\build/core\core.a(main.cpp.o)
 .debug_aranges
                0x00000898       0x28 Z:\Documents\Git\motoractuatedvalve-controller\build/core\core.a(new.cpp.o)
 .debug_aranges
                0x000008c0       0x20 Z:\Documents\Git\motoractuatedvalve-controller\build/core\core.a(startup.c.o)
 .debug_aranges
                0x000008e0       0x20 Z:\Documents\Git\motoractuatedvalve-controller\build/core\core.a(wiring.c.o)
 .debug_aranges
                0x00000900       0x48 Z:\Documents\Git\motoractuatedvalve-controller\build/core\core.a(wiring_analog.c.o)
 .debug_aranges
                0x00000948       0x30 Z:\Documents\Git\motoractuatedvalve-controller\build/core\core.a(wiring_digital.c.o)
 .debug_aranges
                0x00000978       0x20 Z:\Documents\Git\motoractuatedvalve-controller\build/core\core.a(wiring_private.c.o)
 .debug_aranges
                0x00000998       0x38 Z:\Documents\Git\motoractuatedvalve-controller\build/core\core.a(Reset.cpp.o)

.debug_ranges   0x00000000     0x1470
 .debug_ranges  0x00000000       0xc8 Z:\Documents\Git\motoractuatedvalve-controller\build\sketch\Controller.ino.cpp.o
 .debug_ranges  0x000000c8       0x50 Z:\Documents\Git\motoractuatedvalve-controller\build\core\variant.cpp.o
 .debug_ranges  0x00000118      0x2a0 Z:\Documents\Git\motoractuatedvalve-controller\build/core\core.a(SERCOM.cpp.o)
 .debug_ranges  0x000003b8      0x1b0 Z:\Documents\Git\motoractuatedvalve-controller\build/core\core.a(CDC.cpp.o)
 .debug_ranges  0x00000568      0x8b0 Z:\Documents\Git\motoractuatedvalve-controller\build/core\core.a(USBCore.cpp.o)
 .debug_ranges  0x00000e18      0x238 Z:\Documents\Git\motoractuatedvalve-controller\build/core\core.a(Uart.cpp.o)
 .debug_ranges  0x00001050       0x68 Z:\Documents\Git\motoractuatedvalve-controller\build/core\core.a(PluggableUSB.cpp.o)
 .debug_ranges  0x000010b8      0x198 Z:\Documents\Git\motoractuatedvalve-controller\build/core\core.a(Print.cpp.o)
 .debug_ranges  0x00001250       0x30 Z:\Documents\Git\motoractuatedvalve-controller\build/core\core.a(cortex_handlers.c.o)
 .debug_ranges  0x00001280       0x38 Z:\Documents\Git\motoractuatedvalve-controller\build/core\core.a(delay.c.o)
 .debug_ranges  0x000012b8       0x20 Z:\Documents\Git\motoractuatedvalve-controller\build/core\core.a(hooks.c.o)
 .debug_ranges  0x000012d8       0x18 Z:\Documents\Git\motoractuatedvalve-controller\build/core\core.a(main.cpp.o)
 .debug_ranges  0x000012f0       0x18 Z:\Documents\Git\motoractuatedvalve-controller\build/core\core.a(new.cpp.o)
 .debug_ranges  0x00001308       0x10 Z:\Documents\Git\motoractuatedvalve-controller\build/core\core.a(startup.c.o)
 .debug_ranges  0x00001318       0x28 Z:\Documents\Git\motoractuatedvalve-controller\build/core\core.a(wiring.c.o)
 .debug_ranges  0x00001340       0x98 Z:\Documents\Git\motoractuatedvalve-controller\build/core\core.a(wiring_analog.c.o)
 .debug_ranges  0x000013d8       0x20 Z:\Documents\Git\motoractuatedvalve-controller\build/core\core.a(wiring_digital.c.o)
 .debug_ranges  0x000013f8       0x38 Z:\Documents\Git\motoractuatedvalve-controller\build/core\core.a(wiring_private.c.o)
 .debug_ranges  0x00001430       0x40 Z:\Documents\Git\motoractuatedvalve-controller\build/core\core.a(Reset.cpp.o)

.debug_line     0x00000000     0x927e
 .debug_line    0x00000000      0xb78 Z:\Documents\Git\motoractuatedvalve-controller\build\sketch\Controller.ino.cpp.o
 .debug_line    0x00000b78      0x839 Z:\Documents\Git\motoractuatedvalve-controller\build\core\variant.cpp.o
 .debug_line    0x000013b1      0xd96 Z:\Documents\Git\motoractuatedvalve-controller\build/core\core.a(SERCOM.cpp.o)
 .debug_line    0x00002147      0xb77 Z:\Documents\Git\motoractuatedvalve-controller\build/core\core.a(CDC.cpp.o)
 .debug_line    0x00002cbe     0x139a Z:\Documents\Git\motoractuatedvalve-controller\build/core\core.a(USBCore.cpp.o)
 .debug_line    0x00004058      0xb76 Z:\Documents\Git\motoractuatedvalve-controller\build/core\core.a(Uart.cpp.o)
 .debug_line    0x00004bce      0x2b8 Z:\Documents\Git\motoractuatedvalve-controller\build/core\core.a(PluggableUSB.cpp.o)
 .debug_line    0x00004e86      0x861 Z:\Documents\Git\motoractuatedvalve-controller\build/core\core.a(Print.cpp.o)
 .debug_line    0x000056e7      0x3d5 Z:\Documents\Git\motoractuatedvalve-controller\build/core\core.a(cortex_handlers.c.o)
 .debug_line    0x00005abc      0x657 Z:\Documents\Git\motoractuatedvalve-controller\build/core\core.a(delay.c.o)
 .debug_line    0x00006113       0xb2 Z:\Documents\Git\motoractuatedvalve-controller\build/core\core.a(hooks.c.o)
 .debug_line    0x000061c5      0x766 Z:\Documents\Git\motoractuatedvalve-controller\build/core\core.a(main.cpp.o)
 .debug_line    0x0000692b      0x382 Z:\Documents\Git\motoractuatedvalve-controller\build/core\core.a(new.cpp.o)
 .debug_line    0x00006cad      0x4c3 Z:\Documents\Git\motoractuatedvalve-controller\build/core\core.a(startup.c.o)
 .debug_line    0x00007170      0x645 Z:\Documents\Git\motoractuatedvalve-controller\build/core\core.a(wiring.c.o)
 .debug_line    0x000077b5      0x753 Z:\Documents\Git\motoractuatedvalve-controller\build/core\core.a(wiring_analog.c.o)
 .debug_line    0x00007f08      0x5aa Z:\Documents\Git\motoractuatedvalve-controller\build/core\core.a(wiring_digital.c.o)
 .debug_line    0x000084b2      0x592 Z:\Documents\Git\motoractuatedvalve-controller\build/core\core.a(wiring_private.c.o)
 .debug_line    0x00008a44      0x83a Z:\Documents\Git\motoractuatedvalve-controller\build/core\core.a(Reset.cpp.o)

.debug_str      0x00000000     0xab74
 .debug_str     0x00000000     0x5036 Z:\Documents\Git\motoractuatedvalve-controller\build\sketch\Controller.ino.cpp.o
                               0x5e10 (size before relaxing)
 .debug_str     0x00005036      0x196 Z:\Documents\Git\motoractuatedvalve-controller\build\core\variant.cpp.o
                               0x5497 (size before relaxing)
 .debug_str     0x000051cc      0x3df Z:\Documents\Git\motoractuatedvalve-controller\build/core\core.a(SERCOM.cpp.o)
                               0x4c99 (size before relaxing)
 .debug_str     0x000055ab     0x2eb9 Z:\Documents\Git\motoractuatedvalve-controller\build/core\core.a(CDC.cpp.o)
                               0x7abe (size before relaxing)
 .debug_str     0x00008464      0x7d3 Z:\Documents\Git\motoractuatedvalve-controller\build/core\core.a(USBCore.cpp.o)
                               0x82f2 (size before relaxing)
 .debug_str     0x00008c37      0x5df Z:\Documents\Git\motoractuatedvalve-controller\build/core\core.a(Uart.cpp.o)