Archive member included to satisfy reference by file (symbol)

Z:\Documents\Git\motoractuatedvalve-controller\build/core\core.a(SERCOM.cpp.o)
                              Z:\Documents\Git\motoractuatedvalve-controller\build\core\variant.cpp.o (SERCOM::SERCOM(Sercom*))
Z:\Documents\Git\motoractuatedvalve-controller\build/core\core.a(Uart.cpp.o)
                              Z:\Documents\Git\motoractuatedvalve-controller\build\sketch\Controller.ino.cpp.o (Uart::begin(unsigned long))
Z:\Documents\Git\motoractuatedvalve-controller\build/core\core.a(Print.cpp.o)
                              Z:\Documents\Git\motoractuatedvalve-controller\build/core\core.a(Uart.cpp.o) (arduino::Print::write(unsigned char const*, unsigned int))
Z:\Documents\Git\motoractuatedvalve-controller\build/core\core.a(Stream.cpp.o)
                              Z:\Documents\Git\motoractuatedvalve-controller\build\sketch\Controller.ino.cpp.o (arduino::Stream::readString())
Z:\Documents\Git\motoractuatedvalve-controller\build/core\core.a(String.cpp.o)
                              Z:\Documents\Git\motoractuatedvalve-controller\build\sketch\Controller.ino.cpp.o (arduino::String::~String())
Z:\Documents\Git\motoractuatedvalve-controller\build/core\core.a(dtostrf.c.o)
                              Z:\Documents\Git\motoractuatedvalve-controller\build/core\core.a(String.cpp.o) (dtostrf)
Z:\Documents\Git\motoractuatedvalve-controller\build/core\core.a(cortex_handlers.c.o)
                              (Reset_Handler)
Z:\Documents\Git\motoractuatedvalve-controller\build/core\core.a(delay.c.o)
                              Z:\Documents\Git\motoractuatedvalve-controller\build/core\core.a(Stream.cpp.o) (millis)
Z:\Documents\Git\motoractuatedvalve-controller\build/core\core.a(hooks.c.o)
                              Z:\Documents\Git\motoractuatedvalve-controller\build/core\core.a(delay.c.o) (yield)
Z:\Documents\Git\motoractuatedvalve-controller\build/core\core.a(itoa.c.o)
                              Z:\Documents\Git\motoractuatedvalve-controller\build/core\core.a(String.cpp.o) (ltoa)
Z:\Documents\Git\motoractuatedvalve-controller\build/core\core.a(main.cpp.o)
                              c:/users/xsegg/appdata/local/arduino15/packages/arduino/tools/arm-none-eabi-gcc/7-2017q4/bin/../lib/gcc/arm-none-eabi/7.2.1/../../../../arm-none-eabi/lib/thumb/v6-m/crt0.o (main)
Z:\Documents\Git\motoractuatedvalve-controller\build/core\core.a(new.cpp.o)
                              Z:\Documents\Git\motoractuatedvalve-controller\build\sketch\Controller.ino.cpp.o (operator new(unsigned int))
Z:\Documents\Git\motoractuatedvalve-controller\build/core\core.a(startup.c.o)
                              Z:\Documents\Git\motoractuatedvalve-controller\build/core\core.a(cortex_handlers.c.o) (SystemInit)
Z:\Documents\Git\motoractuatedvalve-controller\build/core\core.a(wiring.c.o)
                              Z:\Documents\Git\motoractuatedvalve-controller\build/core\core.a(main.cpp.o) (init)
Z:\Documents\Git\motoractuatedvalve-controller\build/core\core.a(wiring_analog.c.o)
                              Z:\Documents\Git\motoractuatedvalve-controller\build/core\core.a(wiring.c.o) (analogReference)
Z:\Documents\Git\motoractuatedvalve-controller\build/core\core.a(wiring_digital.c.o)
                              Z:\Documents\Git\motoractuatedvalve-controller\build\core\variant.cpp.o (pinMode)
Z:\Documents\Git\motoractuatedvalve-controller\build/core\core.a(wiring_private.c.o)
                              Z:\Documents\Git\motoractuatedvalve-controller\build\libraries\SPI\SPI.cpp.o (pinPeripheral)
Z:\Documents\Git\motoractuatedvalve-controller\build/core\core.a(Reset.cpp.o)
                              Z:\Documents\Git\motoractuatedvalve-controller\build/core\core.a(delay.c.o) (tickReset)
Z:\Documents\Git\motoractuatedvalve-controller\build/core\core.a(USBCore.cpp.o)
                              Z:\Documents\Git\motoractuatedvalve-controller\build/core\core.a(main.cpp.o) (USBDeviceClass::attach())
Z:\Documents\Git\motoractuatedvalve-controller\build/core\core.a(abi.cpp.o)
                              Z:\Documents\Git\motoractuatedvalve-controller\build/core\core.a(Print.cpp.o) (__cxa_pure_virtual)
Z:\Documents\Git\motoractuatedvalve-controller\build/core\core.a(PluggableUSB.cpp.o)
                              Z:\Documents\Git\motoractuatedvalve-controller\build/core\core.a(USBCore.cpp.o) (arduino::PluggableUSB_::getInterface(unsigned char*))
Z:\Documents\Git\motoractuatedvalve-controller\build/core\core.a(CDC.cpp.o)
                              Z:\Documents\Git\motoractuatedvalve-controller\build/core\core.a(USBCore.cpp.o) (Serial_::begin(unsigned long))
c:/users/xsegg/appdata/local/arduino15/packages/arduino/tools/arm-none-eabi-gcc/7-2017q4/bin/../lib/gcc/arm-none-eabi/7.2.1/../../../../arm-none-eabi/lib/thumb/v6-m\libstdc++_nano.a(atexit_arm.o)
                              Z:\Documents\Git\motoractuatedvalve-controller\build\libraries\SPI\SPI.cpp.o (__aeabi_atexit)
[...]
Memory Configuration

Name             Origin             Length             Attributes
FLASH            0x00002000         0x0003e000         xr
RAM              0x20000000         0x00008000         xrw
*default*        0x00000000         0xffffffff

Linker script and memory map

LOAD c:/users/xsegg/appdata/local/arduino15/packages/arduino/tools/arm-none-eabi-gcc/7-2017q4/bin/../lib/gcc/arm-none-eabi/7.2.1/thumb/v6-m/crti.o
LOAD c:/users/xsegg/appdata/local/arduino15/packages/arduino/tools/arm-none-eabi-gcc/7-2017q4/bin/../lib/gcc/arm-none-eabi/7.2.1/thumb/v6-m/crtbegin.o
LOAD c:/users/xsegg/appdata/local/arduino15/packages/arduino/tools/arm-none-eabi-gcc/7-2017q4/bin/../lib/gcc/arm-none-eabi/7.2.1/../../../../arm-none-eabi/lib/thumb/v6-m/crt0.o
LOAD Z:\Documents\Git\motoractuatedvalve-controller\build\sketch\Controller.ino.cpp.o
LOAD Z:\Documents\Git\motoractuatedvalve-controller\build\libraries\SPI\SPI.cpp.o
LOAD Z:\Documents\Git\motoractuatedvalve-controller\build\core\variant.cpp.o
START GROUP
LOAD C:\Users\xsegg\AppData\Local\Arduino15\packages\arduino\tools\CMSIS\4.5.0/CMSIS/Lib/GCC/\libarm_cortexM0l_math.a
LOAD Z:\Documents\Git\motoractuatedvalve-controller\build/core\core.a
END GROUP
LOAD c:/users/xsegg/appdata/local/arduino15/packages/arduino/tools/arm-none-eabi-gcc/7-2017q4/bin/../lib/gcc/arm-none-eabi/7.2.1/../../../../arm-none-eabi/lib/thumb/v6-m\libstdc++_nano.a
LOAD c:/users/xsegg/appdata/local/arduino15/packages/arduino/tools/arm-none-eabi-gcc/7-2017q4/bin/../lib/gcc/arm-none-eabi/7.2.1/../../../../arm-none-eabi/lib/thumb/v6-m\libm.a
START GROUP
LOAD c:/users/xsegg/appdata/local/arduino15/packages/arduino/tools/arm-none-eabi-gcc/7-2017q4/bin/../lib/gcc/arm-none-eabi/7.2.1/thumb/v6-m\libgcc.a
LOAD c:/users/xsegg/appdata/local/arduino15/packages/arduino/tools/arm-none-eabi-gcc/7-2017q4/bin/../lib/gcc/arm-none-eabi/7.2.1/../../../../arm-none-eabi/lib/thumb/v6-m\libc_nano.a
END GROUP
START GROUP
LOAD c:/users/xsegg/appdata/local/arduino15/packages/arduino/tools/arm-none-eabi-gcc/7-2017q4/bin/../lib/gcc/arm-none-eabi/7.2.1/thumb/v6-m\libgcc.a
LOAD c:/users/xsegg/appdata/local/arduino15/packages/arduino/tools/arm-none-eabi-gcc/7-2017q4/bin/../lib/gcc/arm-none-eabi/7.2.1/../../../../arm-none-eabi/lib/thumb/v6-m\libc_nano.a
LOAD c:/users/xsegg/appdata/local/arduino15/packages/arduino/tools/arm-none-eabi-gcc/7-2017q4/bin/../lib/gcc/arm-none-eabi/7.2.1/../../../../arm-none-eabi/lib/thumb/v6-m\libnosys.a
END GROUP
START GROUP
LOAD c:/users/xsegg/appdata/local/arduino15/packages/arduino/tools/arm-none-eabi-gcc/7-2017q4/bin/../lib/gcc/arm-none-eabi/7.2.1/thumb/v6-m\libgcc.a
LOAD c:/users/xsegg/appdata/local/arduino15/packages/arduino/tools/arm-none-eabi-gcc/7-2017q4/bin/../lib/gcc/arm-none-eabi/7.2.1/../../../../arm-none-eabi/lib/thumb/v6-m\libc_nano.a
LOAD c:/users/xsegg/appdata/local/arduino15/packages/arduino/tools/arm-none-eabi-gcc/7-2017q4/bin/../lib/gcc/arm-none-eabi/7.2.1/../../../../arm-none-eabi/lib/thumb/v6-m\libnosys.a
END GROUP
LOAD c:/users/xsegg/appdata/local/arduino15/packages/arduino/tools/arm-none-eabi-gcc/7-2017q4/bin/../lib/gcc/arm-none-eabi/7.2.1/thumb/v6-m/crtend.o
LOAD c:/users/xsegg/appdata/local/arduino15/packages/arduino/tools/arm-none-eabi-gcc/7-2017q4/bin/../lib/gcc/arm-none-eabi/7.2.1/thumb/v6-m/crtn.o

.text           0x00002000     0x9e48
                0x00002000                __text_start__ = .
 *(.sketch_boot)
                0x00002000                . = ALIGN (0x2000)
 *(.isr_vector)
 .isr_vector    0x00002000       0xb4 Z:\Documents\Git\motoractuatedvalve-controller\build/core\core.a(cortex_handlers.c.o)
                0x00002000                exception_table
 *(.text*)
 .text          0x000020b4       0x48 c:/users/xsegg/appdata/local/arduino15/packages/arduino/tools/arm-none-eabi-gcc/7-2017q4/bin/../lib/gcc/arm-none-eabi/7.2.1/thumb/v6-m/crtbegin.o
 .text._ZN12SPIClassSAMDC2ERKS_
                0x000020fc       0x40 Z:\Documents\Git\motoractuatedvalve-controller\build\sketch\Controller.ino.cpp.o
                0x000020fc                SPIClassSAMD::SPIClassSAMD(SPIClassSAMD const&)
                0x000020fc                SPIClassSAMD::SPIClassSAMD(SPIClassSAMD const&)
 .text._Z13configureGPIO3Pinbbbbb
                0x0000213c       0x68 Z:\Documents\Git\motoractuatedvalve-controller\build\sketch\Controller.ino.cpp.o
                0x0000213c                configureGPIO(Pin, bool, bool, bool, bool, bool)
 .text._Z15configureClocksv
                0x000021a4       0x80 Z:\Documents\Git\motoractuatedvalve-controller\build\sketch\Controller.ino.cpp.o
                0x000021a4                configureClocks()
 .text.startup._GLOBAL__sub_I_spiSettings
                0x00002224       0x60 Z:\Documents\Git\motoractuatedvalve-controller\build\sketch\Controller.ino.cpp.o
 .text._Z6sPrintih
                0x00002284       0x1c Z:\Documents\Git\motoractuatedvalve-controller\build\sketch\Controller.ino.cpp.o
                0x00002284                sPrint(int, unsigned char)
 .text._Z10sPrintln32mh
                0x000022a0       0x1c Z:\Documents\Git\motoractuatedvalve-controller\build\sketch\Controller.ino.cpp.o
                0x000022a0                sPrintln32(unsigned long, unsigned char)
 .text._Z8sPrint32mh
                0x000022bc       0x1c Z:\Documents\Git\motoractuatedvalve-controller\build\sketch\Controller.ino.cpp.o
                0x000022bc                sPrint32(unsigned long, unsigned char)
 .text._Z6sPrintPKc
                0x000022d8       0x18 Z:\Documents\Git\motoractuatedvalve-controller\build\sketch\Controller.ino.cpp.o
                0x000022d8                sPrint(char const*)
 .text._Z8sPrintlnv
                0x000022f0       0x10 Z:\Documents\Git\motoractuatedvalve-controller\build\sketch\Controller.ino.cpp.o
                0x000022f0                sPrintln()
 .text._Z8sPrintlnih
                0x00002300        0xc Z:\Documents\Git\motoractuatedvalve-controller\build\sketch\Controller.ino.cpp.o
                0x00002300                sPrintln(int, unsigned char)
 .text._Z8sPrintlnb
                0x0000230c        0xe Z:\Documents\Git\motoractuatedvalve-controller\build\sketch\Controller.ino.cpp.o
                0x0000230c                sPrintln(bool)
 .text._Z8sPrintlnPKc
                0x0000231a        0xc Z:\Documents\Git\motoractuatedvalve-controller\build\sketch\Controller.ino.cpp.o
                0x0000231a                sPrintln(char const*)
 *fill*         0x00002326        0x2 
 .text._Z10attachPinsv
                0x00002328      0x22c Z:\Documents\Git\motoractuatedvalve-controller\build\sketch\Controller.ino.cpp.o
                0x00002328                attachPins()
 .text._Z14readRawEncDataP7Encoder
                0x00002554       0xb4 Z:\Documents\Git\motoractuatedvalve-controller\build\sketch\Controller.ino.cpp.o
                0x00002554                readRawEncData(Encoder*)
 .text._Z5errorb
                0x00002608       0xac Z:\Documents\Git\motoractuatedvalve-controller\build\sketch\Controller.ino.cpp.o
                0x00002608                error(bool)
 .text._Z6getPosP7Encoder
                0x000026b4       0xc4 Z:\Documents\Git\motoractuatedvalve-controller\build\sketch\Controller.ino.cpp.o
                0x000026b4                getPos(Encoder*)
 .text._Z6updateP7Encoder
                0x00002778      0x128 Z:\Documents\Git\motoractuatedvalve-controller\build\sketch\Controller.ino.cpp.o
                0x00002778                update(Encoder*)
 .text.loop     0x000028a0      0x2ac Z:\Documents\Git\motoractuatedvalve-controller\build\sketch\Controller.ino.cpp.o
                0x000028a0                loop
 .text._Z6sPrintf
                0x00002b4c       0x24 Z:\Documents\Git\motoractuatedvalve-controller\build\sketch\Controller.ino.cpp.o
                0x00002b4c                sPrint(float)
 .text._Z8sPrintlnf
                0x00002b70        0xc Z:\Documents\Git\motoractuatedvalve-controller\build\sketch\Controller.ino.cpp.o
                0x00002b70                sPrintln(float)
 .text.setup    0x00002b7c      0x2a8 Z:\Documents\Git\motoractuatedvalve-controller\build\sketch\Controller.ino.cpp.o
                0x00002b7c                setup
 .text._ZN12SPIClassSAMD8transferEPvj
                0x00002e24       0x1e Z:\Documents\Git\motoractuatedvalve-controller\build\libraries\SPI\SPI.cpp.o
                0x00002e24                SPIClassSAMD::transfer(void*, unsigned int)
 .text._ZN12SPIClassSAMD15attachInterruptEv
                0x00002e42        0x2 Z:\Documents\Git\motoractuatedvalve-controller\build\libraries\SPI\SPI.cpp.o
                0x00002e42                SPIClassSAMD::detachInterrupt()
                0x00002e42                SPIClassSAMD::attachInterrupt()
 .text._ZN12SPIClassSAMDD2Ev
                0x00002e44        0x2 Z:\Documents\Git\motoractuatedvalve-controller\build\libraries\SPI\SPI.cpp.o
                0x00002e44                SPIClassSAMD::~SPIClassSAMD()
                0x00002e44                SPIClassSAMD::~SPIClassSAMD()
 .text._ZN12SPIClassSAMD3endEv
                0x00002e46       0x10 Z:\Documents\Git\motoractuatedvalve-controller\build\libraries\SPI\SPI.cpp.o
                0x00002e46                SPIClassSAMD::end()
 .text._ZN12SPIClassSAMD8transferEh
                0x00002e56        0xa Z:\Documents\Git\motoractuatedvalve-controller\build\libraries\SPI\SPI.cpp.o
                0x00002e56                SPIClassSAMD::transfer(unsigned char)
 .text._ZN12SPIClassSAMD10transfer16Et
                0x00002e60       0x58 Z:\Documents\Git\motoractuatedvalve-controller\build\libraries\SPI\SPI.cpp.o
                0x00002e60                SPIClassSAMD::transfer16(unsigned short)
 .text._ZN12SPIClassSAMDD0Ev
                0x00002eb8        0xc Z:\Documents\Git\motoractuatedvalve-controller\build\libraries\SPI\SPI.cpp.o
                0x00002eb8                SPIClassSAMD::~SPIClassSAMD()
 .text._ZN12SPIClassSAMD14usingInterruptEi
                0x00002ec4       0x44 Z:\Documents\Git\motoractuatedvalve-controller\build\libraries\SPI\SPI.cpp.o
                0x00002ec4                SPIClassSAMD::usingInterrupt(int)
 .text._ZN12SPIClassSAMD17notUsingInterruptEi
                0x00002f08       0x3c Z:\Documents\Git\motoractuatedvalve-controller\build\libraries\SPI\SPI.cpp.o
                0x00002f08                SPIClassSAMD::notUsingInterrupt(int)
 .text._ZN12SPIClassSAMD14endTransactionEv
                0x00002f44       0x28 Z:\Documents\Git\motoractuatedvalve-controller\build\libraries\SPI\SPI.cpp.o
                0x00002f44                SPIClassSAMD::endTransaction()
 .text._ZN12SPIClassSAMDC2EP6SERCOMhhh14SercomSpiTXPad11SercomRXPad
                0x00002f6c       0x54 Z:\Documents\Git\motoractuatedvalve-controller\build\libraries\SPI\SPI.cpp.o
                0x00002f6c                SPIClassSAMD::SPIClassSAMD(SERCOM*, unsigned char, unsigned char, unsigned char, SercomSpiTXPad, SercomRXPad)
                0x00002f6c                SPIClassSAMD::SPIClassSAMD(SERCOM*, unsigned char, unsigned char, unsigned char, SercomSpiTXPad, SercomRXPad)
 .text._ZN12SPIClassSAMD6configEN7arduino11SPISettingsE
                0x00002fc0       0x74 Z:\Documents\Git\motoractuatedvalve-controller\build\libraries\SPI\SPI.cpp.o
                0x00002fc0                SPIClassSAMD::config(arduino::SPISettings)
 .text._ZN12SPIClassSAMD16beginTransactionEN7arduino11SPISettingsE
                0x00003034       0x38 Z:\Documents\Git\motoractuatedvalve-controller\build\libraries\SPI\SPI.cpp.o
                0x00003034                SPIClassSAMD::beginTransaction(arduino::SPISettings)
 .text.startup._GLOBAL__sub_I__ZN12SPIClassSAMDC2EP6SERCOMhhh14SercomSpiTXPad11SercomRXPad
                0x0000306c       0x98 Z:\Documents\Git\motoractuatedvalve-controller\build\libraries\SPI\SPI.cpp.o
 .text._ZN12SPIClassSAMD4initEv
                0x00003104       0x54 Z:\Documents\Git\motoractuatedvalve-controller\build\libraries\SPI\SPI.cpp.o
                0x00003104                SPIClassSAMD::init()
 .text._ZN12SPIClassSAMD5beginEv
                0x00003158       0x78 Z:\Documents\Git\motoractuatedvalve-controller\build\libraries\SPI\SPI.cpp.o
                0x00003158                SPIClassSAMD::begin()
 .text.initVariant
                0x000031d0       0x24 Z:\Documents\Git\motoractuatedvalve-controller\build\core\variant.cpp.o
                0x000031d0                initVariant
 .text.SERCOM5_Handler
                0x000031f4       0x10 Z:\Documents\Git\motoractuatedvalve-controller\build\core\variant.cpp.o
                0x000031f4                SERCOM5_Handler
 .text.SERCOM3_Handler
                0x00003204       0x10 Z:\Documents\Git\motoractuatedvalve-controller\build\core\variant.cpp.o
                0x00003204                SERCOM3_Handler
 .text.SERCOM2_Handler
                0x00003214       0x10 Z:\Documents\Git\motoractuatedvalve-controller\build\core\variant.cpp.o
                0x00003214                SERCOM2_Handler
 .text.startup._GLOBAL__sub_I_g_APinDescription
                0x00003224       0xbc Z:\Documents\Git\motoractuatedvalve-controller\build\core\variant.cpp.o
 .text._ZN6SERCOMC2EP6Sercom
                0x000032e0        0x8 Z:\Documents\Git\motoractuatedvalve-controller\build/core\core.a(SERCOM.cpp.o)
                0x000032e0                SERCOM::SERCOM(Sercom*)
                0x000032e0                SERCOM::SERCOM(Sercom*)
 .text._ZN6SERCOM9initFrameE18SercomUartCharSize15SercomDataOrder16SercomParityMode19SercomNumberStopBit
                0x000032e8       0x3a Z:\Documents\Git\motoractuatedvalve-controller\build/core\core.a(SERCOM.cpp.o)
                0x000032e8                SERCOM::initFrame(SercomUartCharSize, SercomDataOrder, SercomParityMode, SercomNumberStopBit)
 .text._ZN6SERCOM8initPadsE15SercomUartTXPad11SercomRXPad
                0x00003322       0x26 Z:\Documents\Git\motoractuatedvalve-controller\build/core\core.a(SERCOM.cpp.o)
                0x00003322                SERCOM::initPads(SercomUartTXPad, SercomRXPad)
 .text._ZN6SERCOM9resetUARTEv
                0x00003348       0x1a Z:\Documents\Git\motoractuatedvalve-controller\build/core\core.a(SERCOM.cpp.o)
                0x00003348                SERCOM::resetUART()
 .text._ZN6SERCOM10enableUARTEv
                0x00003362       0x14 Z:\Documents\Git\motoractuatedvalve-controller\build/core\core.a(SERCOM.cpp.o)
                0x00003362                SERCOM::enableUART()
 .text._ZN6SERCOM9flushUARTEv
                0x00003376       0x14 Z:\Documents\Git\motoractuatedvalve-controller\build/core\core.a(SERCOM.cpp.o)
                0x00003376                SERCOM::flushUART()
 .text._ZN6SERCOM15clearStatusUARTEv
                0x0000338a        0x8 Z:\Documents\Git\motoractuatedvalve-controller\build/core\core.a(SERCOM.cpp.o)
                0x0000338a                SERCOM::clearStatusUART()
 .text._ZN6SERCOM17availableDataUARTEv
                0x00003392        0xa Z:\Documents\Git\motoractuatedvalve-controller\build/core\core.a(SERCOM.cpp.o)
                0x00003392                SERCOM::availableDataUART()
 .text._ZN6SERCOM11isUARTErrorEv
                0x0000339c        0x8 Z:\Documents\Git\motoractuatedvalve-controller\build/core\core.a(SERCOM.cpp.o)
                0x0000339c                SERCOM::isUARTError()
 .text._ZN6SERCOM20acknowledgeUARTErrorEv
                0x000033a4        0xe Z:\Documents\Git\motoractuatedvalve-controller\build/core\core.a(SERCOM.cpp.o)
                0x000033a4                SERCOM::acknowledgeUARTError()
 .text._ZN6SERCOM16isFrameErrorUARTEv
                0x000033b2        0xa Z:\Documents\Git\motoractuatedvalve-controller\build/core\core.a(SERCOM.cpp.o)
                0x000033b2                SERCOM::isFrameErrorUART()
 .text._ZN6SERCOM19clearFrameErrorUARTEv
                0x000033bc        0xc Z:\Documents\Git\motoractuatedvalve-controller\build/core\core.a(SERCOM.cpp.o)
                0x000033bc                SERCOM::clearFrameErrorUART()
 .text._ZN6SERCOM23isDataRegisterEmptyUARTEv
                0x000033c8        0xa Z:\Documents\Git\motoractuatedvalve-controller\build/core\core.a(SERCOM.cpp.o)
                0x000033c8                SERCOM::isDataRegisterEmptyUART()
 .text._ZN6SERCOM12readDataUARTEv
                0x000033d2        0x8 Z:\Documents\Git\motoractuatedvalve-controller\build/core\core.a(SERCOM.cpp.o)
                0x000033d2                SERCOM::readDataUART()
 .text._ZN6SERCOM13writeDataUARTEh
                0x000033da       0x14 Z:\Documents\Git\motoractuatedvalve-controller\build/core\core.a(SERCOM.cpp.o)
                0x000033da                SERCOM::writeDataUART(unsigned char)
 .text._ZN6SERCOM36enableDataRegisterEmptyInterruptUARTEv
                0x000033ee        0x8 Z:\Documents\Git\motoractuatedvalve-controller\build/core\core.a(SERCOM.cpp.o)
                0x000033ee                SERCOM::enableDataRegisterEmptyInterruptUART()
 .text._ZN6SERCOM37disableDataRegisterEmptyInterruptUARTEv
                0x000033f6        0x8 Z:\Documents\Git\motoractuatedvalve-controller\build/core\core.a(SERCOM.cpp.o)
                0x000033f6                SERCOM::disableDataRegisterEmptyInterruptUART()
 *fill*         0x000033fe        0x2 
 .text._ZN6SERCOM12initSPIClockE18SercomSpiClockModem
                0x00003400       0x30 Z:\Documents\Git\motoractuatedvalve-controller\build/core\core.a(SERCOM.cpp.o)
                0x00003400                SERCOM::initSPIClock(SercomSpiClockMode, unsigned long)
 .text._ZN6SERCOM8resetSPIEv
                0x00003430       0x1a Z:\Documents\Git\motoractuatedvalve-controller\build/core\core.a(SERCOM.cpp.o)
                0x00003430                SERCOM::resetSPI()
 .text._ZN6SERCOM9enableSPIEv
                0x0000344a       0x14 Z:\Documents\Git\motoractuatedvalve-controller\build/core\core.a(SERCOM.cpp.o)
                0x0000344a                SERCOM::enableSPI()
 .text._ZN6SERCOM10disableSPIEv
                0x0000345e       0x12 Z:\Documents\Git\motoractuatedvalve-controller\build/core\core.a(SERCOM.cpp.o)
                0x0000345e                SERCOM::disableSPI()
 .text._ZN6SERCOM15getDataOrderSPIEv
                0x00003470        0xa Z:\Documents\Git\motoractuatedvalve-controller\build/core\core.a(SERCOM.cpp.o)
                0x00003470                SERCOM::getDataOrderSPI()
 .text._ZN6SERCOM15transferDataSPIEh
                0x0000347a       0x1a Z:\Documents\Git\motoractuatedvalve-controller\build/core\core.a(SERCOM.cpp.o)
                0x0000347a                SERCOM::transferDataSPI(unsigned char)
 .text._ZN6SERCOM13initClockNVICEv
                0x00003494       0xa8 Z:\Documents\Git\motoractuatedvalve-controller\build/core\core.a(SERCOM.cpp.o)
                0x00003494                SERCOM::initClockNVIC()
 .text._ZN6SERCOM8initUARTE14SercomUartMode20SercomUartSampleRatem
                0x0000353c       0x6c Z:\Documents\Git\motoractuatedvalve-controller\build/core\core.a(SERCOM.cpp.o)
                0x0000353c                SERCOM::initUART(SercomUartMode, SercomUartSampleRate, unsigned long)
 .text._ZN6SERCOM7initSPIE14SercomSpiTXPad11SercomRXPad17SercomSpiCharSize15SercomDataOrder
                0x000035a8       0x4a Z:\Documents\Git\motoractuatedvalve-controller\build/core\core.a(SERCOM.cpp.o)
                0x000035a8                SERCOM::initSPI(SercomSpiTXPad, SercomRXPad, SercomSpiCharSize, SercomDataOrder)
 .text._ZN4UartcvbEv
                0x000035f2        0x4 Z:\Documents\Git\motoractuatedvalve-controller\build/core\core.a(Uart.cpp.o)
                0x000035f2                Uart::operator bool()
 *fill*         0x000035f6        0x2 
 .text._ZN4Uart5beginEm
                0x000035f8       0x10 Z:\Documents\Git\motoractuatedvalve-controller\build/core\core.a(Uart.cpp.o)
                0x000035f8                Uart::begin(unsigned long)
 .text._ZN4Uart9availableEv
                0x00003608        0x6 Z:\Documents\Git\motoractuatedvalve-controller\build/core\core.a(Uart.cpp.o)
                0x00003608                Uart::available()
 .text._ZN4Uart17availableForWriteEv
                0x0000360e       0x10 Z:\Documents\Git\motoractuatedvalve-controller\build/core\core.a(Uart.cpp.o)
                0x0000360e                Uart::availableForWrite()
 .text._ZN4Uart4peekEv
                0x0000361e       0x18 Z:\Documents\Git\motoractuatedvalve-controller\build/core\core.a(Uart.cpp.o)
                0x0000361e                Uart::peek()
 .text._ZN4Uart3endEv
                0x00003636       0x24 Z:\Documents\Git\motoractuatedvalve-controller\build/core\core.a(Uart.cpp.o)
                0x00003636                Uart::end()
 .text._ZN4Uart5flushEv
                0x0000365a       0x16 Z:\Documents\Git\motoractuatedvalve-controller\build/core\core.a(Uart.cpp.o)
                0x0000365a                Uart::flush()
 .text._ZN7__GuardD2Ev
                0x00003670        0xe Z:\Documents\Git\motoractuatedvalve-controller\build/core\core.a(Uart.cpp.o)
                0x00003670                __Guard::~__Guard()
                0x00003670                __Guard::~__Guard()
 .text._ZN4Uart16extractNbStopBitEt
                0x0000367e        0xc Z:\Documents\Git\motoractuatedvalve-controller\build/core\core.a(Uart.cpp.o)
                0x0000367e                Uart::extractNbStopBit(unsigned short)
 .text._ZN4Uart15extractCharSizeEt
                0x0000368a       0x28 Z:\Documents\Git\motoractuatedvalve-controller\build/core\core.a(Uart.cpp.o)
                0x0000368a                Uart::extractCharSize(unsigned short)
 .text._ZN4Uart13extractParityEt
                0x000036b2       0x14 Z:\Documents\Git\motoractuatedvalve-controller\build/core\core.a(Uart.cpp.o)
                0x000036b2                Uart::extractParity(unsigned short)
 *fill*         0x000036c6        0x2 
 .text._ZN4Uart5beginEmt
                0x000036c8       0xf8 Z:\Documents\Git\motoractuatedvalve-controller\build/core\core.a(Uart.cpp.o)
                0x000036c8                Uart::begin(unsigned long, unsigned short)
 .text._ZN7arduino11RingBufferNILi256EEC2Ev
                0x000037c0       0x1e Z:\Documents\Git\motoractuatedvalve-controller\build/core\core.a(Uart.cpp.o)
                0x000037c0                arduino::RingBufferN<256>::RingBufferN()
                0x000037c0                arduino::RingBufferN<256>::RingBufferN()
 *fill*         0x000037de        0x2 
 .text._ZN4UartC2EP6SERCOMhh11SercomRXPad15SercomUartTXPadhh
                0x000037e0       0x88 Z:\Documents\Git\motoractuatedvalve-controller\build/core\core.a(Uart.cpp.o)
                0x000037e0                Uart::Uart(SERCOM*, unsigned char, unsigned char, SercomRXPad, SercomUartTXPad, unsigned char, unsigned char)
                0x000037e0                Uart::Uart(SERCOM*, unsigned char, unsigned char, SercomRXPad, SercomUartTXPad, unsigned char, unsigned char)
 .text._ZN4UartC2EP6SERCOMhh11SercomRXPad15SercomUartTXPad
                0x00003868       0x74 Z:\Documents\Git\motoractuatedvalve-controller\build/core\core.a(Uart.cpp.o)
                0x00003868                Uart::Uart(SERCOM*, unsigned char, unsigned char, SercomRXPad, SercomUartTXPad)
                0x00003868                Uart::Uart(SERCOM*, unsigned char, unsigned char, SercomRXPad, SercomUartTXPad)
 .text._ZN7arduino15SafeRingBufferNILi256EE10store_charEh
                0x000038dc       0x4a Z:\Documents\Git\motoractuatedvalve-controller\build/core\core.a(Uart.cpp.o)
                0x000038dc                arduino::SafeRingBufferN<256>::store_char(unsigned char)
 .text._ZN7arduino15SafeRingBufferNILi256EE9read_charEv
                0x00003926       0x50 Z:\Documents\Git\motoractuatedvalve-controller\build/core\core.a(Uart.cpp.o)
                0x00003926                arduino::SafeRingBufferN<256>::read_char()
 .text._ZN4Uart10IrqHandlerEv
                0x00003976       0xa4 Z:\Documents\Git\motoractuatedvalve-controller\build/core\core.a(Uart.cpp.o)
                0x00003976                Uart::IrqHandler()
 *fill*         0x00003a1a        0x2 
 .text._ZN4Uart5writeEh
                0x00003a1c       0x9c Z:\Documents\Git\motoractuatedvalve-controller\build/core\core.a(Uart.cpp.o)
                0x00003a1c                Uart::write(unsigned char)
 .text._ZN4Uart4readEv
                0x00003ab8       0x34 Z:\Documents\Git\motoractuatedvalve-controller\build/core\core.a(Uart.cpp.o)
                0x00003ab8                Uart::read()
 .text._ZN7arduino5Print5writeEPKhj
                0x00003aec       0x28 Z:\Documents\Git\motoractuatedvalve-controller\build/core\core.a(Print.cpp.o)
                0x00003aec                arduino::Print::write(unsigned char const*, unsigned int)
 .text._ZN7arduino5Print5writeEPKc.part.2
                0x00003b14       0x1a Z:\Documents\Git\motoractuatedvalve-controller\build/core\core.a(Print.cpp.o)
 .text._ZN7arduino5Print5writeEPKc
                0x00003b2e       0x10 Z:\Documents\Git\motoractuatedvalve-controller\build/core\core.a(Print.cpp.o)
                0x00003b2e                arduino::Print::write(char const*)
 .text._ZN7arduino5Print5printEPKc
                0x00003b3e        0x8 Z:\Documents\Git\motoractuatedvalve-controller\build/core\core.a(Print.cpp.o)
                0x00003b3e                arduino::Print::print(char const*)
 .text._ZN7arduino5Print5printEc
                0x00003b46        0xa Z:\Documents\Git\motoractuatedvalve-controller\build/core\core.a(Print.cpp.o)
                0x00003b46                arduino::Print::print(char)
 .text._ZN7arduino5Print7printlnEv
                0x00003b50       0x10 Z:\Documents\Git\motoractuatedvalve-controller\build/core\core.a(Print.cpp.o)
                0x00003b50                arduino::Print::println()
 .text._ZN7arduino5Print7printlnEPKc
                0x00003b60       0x14 Z:\Documents\Git\motoractuatedvalve-controller\build/core\core.a(Print.cpp.o)
                0x00003b60                arduino::Print::println(char const*)
 .text._ZN7arduino5Print11printNumberEmh
                0x00003b74       0x48 Z:\Documents\Git\motoractuatedvalve-controller\build/core\core.a(Print.cpp.o)
                0x00003b74                arduino::Print::printNumber(unsigned long, unsigned char)
 .text._ZN7arduino5Print5printEli
                0x00003bbc       0x3e Z:\Documents\Git\motoractuatedvalve-controller\build/core\core.a(Print.cpp.o)
                0x00003bbc                arduino::Print::print(long, int)
 .text._ZN7arduino5Print5printEii
                0x00003bfa        0x8 Z:\Documents\Git\motoractuatedvalve-controller\build/core\core.a(Print.cpp.o)
                0x00003bfa                arduino::Print::print(int, int)
 .text._ZN7arduino5Print5printEmi
                0x00003c02       0x18 Z:\Documents\Git\motoractuatedvalve-controller\build/core\core.a(Print.cpp.o)
                0x00003c02                arduino::Print::print(unsigned long, int)
 .text._ZN7arduino5Print7printlnEmi
                0x00003c1a       0x14 Z:\Documents\Git\motoractuatedvalve-controller\build/core\core.a(Print.cpp.o)
                0x00003c1a                arduino::Print::println(unsigned long, int)
 *fill*         0x00003c2e        0x2 
 .text._ZN7arduino5Print10printFloatEdi
                0x00003c30      0x170 Z:\Documents\Git\motoractuatedvalve-controller\build/core\core.a(Print.cpp.o)
                0x00003c30                arduino::Print::printFloat(double, int)
 .text._ZN7arduino5Print5printEdi
                0x00003da0        0xc Z:\Documents\Git\motoractuatedvalve-controller\build/core\core.a(Print.cpp.o)
                0x00003da0                arduino::Print::print(double, int)
 .text._ZN7arduino6Stream9timedReadEv
                0x00003dac       0x2a Z:\Documents\Git\motoractuatedvalve-controller\build/core\core.a(Stream.cpp.o)
                0x00003dac                arduino::Stream::timedRead()
 *fill*         0x00003dd6        0x2 
 .text._ZN7arduino6Stream10readStringEv
                0x00003dd8       0x28 Z:\Documents\Git\motoractuatedvalve-controller\build/core\core.a(Stream.cpp.o)
                0x00003dd8                arduino::Stream::readString()
 .text._ZN7arduino6StringD2Ev
                0x00003e00       0x12 Z:\Documents\Git\motoractuatedvalve-controller\build/core\core.a(String.cpp.o)
                0x00003e00                arduino::String::~String()
                0x00003e00                arduino::String::~String()
 .text._ZN7arduino6String10invalidateEv
                0x00003e12       0x18 Z:\Documents\Git\motoractuatedvalve-controller\build/core\core.a(String.cpp.o)
                0x00003e12                arduino::String::invalidate()
 .text._ZN7arduino6String12changeBufferEj
                0x00003e2a       0x18 Z:\Documents\Git\motoractuatedvalve-controller\build/core\core.a(String.cpp.o)
                0x00003e2a                arduino::String::changeBuffer(unsigned int)
 .text._ZN7arduino6String7reserveEj
                0x00003e42       0x2a Z:\Documents\Git\motoractuatedvalve-controller\build/core\core.a(String.cpp.o)
                0x00003e42                arduino::String::reserve(unsigned int)
 .text._ZN7arduino6String4copyEPKcj
                0x00003e6c       0x32 Z:\Documents\Git\motoractuatedvalve-controller\build/core\core.a(String.cpp.o)
                0x00003e6c                arduino::String::copy(char const*, unsigned int)
 .text._ZN7arduino6StringC2EPKc
                0x00003e9e       0x26 Z:\Documents\Git\motoractuatedvalve-controller\build/core\core.a(String.cpp.o)
                0x00003e9e                arduino::String::String(char const*)
                0x00003e9e                arduino::String::String(char const*)
 .text._ZN7arduino6String6concatEPKcj
                0x00003ec4       0x42 Z:\Documents\Git\motoractuatedvalve-controller\build/core\core.a(String.cpp.o)
                0x00003ec4                arduino::String::concat(char const*, unsigned int)
 .text._ZN7arduino6String6concatEc
                0x00003f06       0x12 Z:\Documents\Git\motoractuatedvalve-controller\build/core\core.a(String.cpp.o)
                0x00003f06                arduino::String::concat(char)
 .text._ZNK7arduino6String6equalsEPKc
                0x00003f18       0x28 Z:\Documents\Git\motoractuatedvalve-controller\build/core\core.a(String.cpp.o)
                0x00003f18                arduino::String::equals(char const*) const
 .text.Dummy_Handler
                0x00003f40        0x2 Z:\Documents\Git\motoractuatedvalve-controller\build/core\core.a(cortex_handlers.c.o)
                0x00003f40                DMAC_Handler
                0x00003f40                HardFault_Handler
                0x00003f40                AC_Handler
                0x00003f40                PendSV_Handler
                0x00003f40                NMI_Handler
                0x00003f40                TC7_Handler
                0x00003f40                SERCOM1_Handler
                0x00003f40                ADC_Handler
                0x00003f40                TCC1_Handler
                0x00003f40                TCC0_Handler
                0x00003f40                RTC_Handler
                0x00003f40                EIC_Handler
                0x00003f40                TC6_Handler
                0x00003f40                WDT_Handler
                0x00003f40                TC4_Handler
                0x00003f40                TC3_Handler
                0x00003f40                Dummy_Handler
                0x00003f40                PM_Handler
                0x00003f40                SVC_Handler
                0x00003f40                TCC2_Handler
                0x00003f40                EVSYS_Handler
                0x00003f40                SERCOM4_Handler
                0x00003f40                I2S_Handler
                0x00003f40                NVMCTRL_Handler
                0x00003f40                SERCOM0_Handler
                0x00003f40                DAC_Handler
                0x00003f40                PTC_Handler
                0x00003f40                SYSCTRL_Handler
 *fill*         0x00003f42        0x2 
 .text.USB_Handler
                0x00003f44       0x14 Z:\Documents\Git\motoractuatedvalve-controller\build/core\core.a(cortex_handlers.c.o)
                0x00003f44                USB_Handler
 .text.Reset_Handler
                0x00003f58       0x54 Z:\Documents\Git\motoractuatedvalve-controller\build/core\core.a(cortex_handlers.c.o)
                0x00003f58                Reset_Handler
 .text.SysTick_Handler
                0x00003fac       0x10 Z:\Documents\Git\motoractuatedvalve-controller\build/core\core.a(cortex_handlers.c.o)
                0x00003fac                SysTick_Handler
 .text.USB_SetHandler
                0x00003fbc        0xc Z:\Documents\Git\motoractuatedvalve-controller\build/core\core.a(cortex_handlers.c.o)
                0x00003fbc                USB_SetHandler
 .text.millis   0x00003fc8        0xc Z:\Documents\Git\motoractuatedvalve-controller\build/core\core.a(delay.c.o)
                0x00003fc8                millis
 .text.micros   0x00003fd4       0x60 Z:\Documents\Git\motoractuatedvalve-controller\build/core\core.a(delay.c.o)
                0x00003fd4                micros
 .text.delay    0x00004034       0x30 Z:\Documents\Git\motoractuatedvalve-controller\build/core\core.a(delay.c.o)
                0x00004034                delay
 .text.resetExternalChip
                0x00004064        0x2 Z:\Documents\Git\motoractuatedvalve-controller\build/core\core.a(delay.c.o)
                0x00004064                resetExternalChip
 *fill*         0x00004066        0x2 
 .text.SysTick_DefaultHandler
                0x00004068       0x14 Z:\Documents\Git\motoractuatedvalve-controller\build/core\core.a(delay.c.o)
                0x00004068                SysTick_DefaultHandler
 .text.__empty  0x0000407c        0x2 Z:\Documents\Git\motoractuatedvalve-controller\build/core\core.a(hooks.c.o)
                0x0000407c                yield
 .text.__false  0x0000407e        0x4 Z:\Documents\Git\motoractuatedvalve-controller\build/core\core.a(hooks.c.o)
                0x0000407e                sysTickHook
 *fill*         0x00004082        0x2 
 .text.startup.main
                0x00004084       0x40 Z:\Documents\Git\motoractuatedvalve-controller\build/core\core.a(main.cpp.o)
                0x00004084                main
 .text._Znwj    0x000040c4        0x8 Z:\Documents\Git\motoractuatedvalve-controller\build/core\core.a(new.cpp.o)
                0x000040c4                operator new(unsigned int)
 .text._ZdlPv   0x000040cc        0x8 Z:\Documents\Git\motoractuatedvalve-controller\build/core\core.a(new.cpp.o)
                0x000040cc                operator delete(void*)
 .text.SystemInit
                0x000040d4      0x194 Z:\Documents\Git\motoractuatedvalve-controller\build/core\core.a(startup.c.o)
                0x000040d4                SystemInit
 .text.init     0x00004268       0xf0 Z:\Documents\Git\motoractuatedvalve-controller\build/core\core.a(wiring.c.o)
                0x00004268                init
 .text.analogReference
                0x00004358       0x64 Z:\Documents\Git\motoractuatedvalve-controller\build/core\core.a(wiring_analog.c.o)
                0x00004358                analogReference
 .text.pinMode  0x000043bc       0x98 Z:\Documents\Git\motoractuatedvalve-controller\build/core\core.a(wiring_digital.c.o)
                0x000043bc                pinMode
 .text.digitalWrite
                0x00004454       0x58 Z:\Documents\Git\motoractuatedvalve-controller\build/core\core.a(wiring_digital.c.o)
                0x00004454                digitalWrite
 .text.pinPeripheral
                0x000044ac       0xc0 Z:\Documents\Git\motoractuatedvalve-controller\build/core\core.a(wiring_private.c.o)
                0x000044ac                pinPeripheral
 .text.initiateReset
                0x0000456c       0x14 Z:\Documents\Git\motoractuatedvalve-controller\build/core\core.a(Reset.cpp.o)
                0x0000456c                initiateReset
 .text.cancelReset
                0x00004580       0x10 Z:\Documents\Git\motoractuatedvalve-controller\build/core\core.a(Reset.cpp.o)
                0x00004580                cancelReset
 .text.tickReset
                0x00004590       0x78 Z:\Documents\Git\motoractuatedvalve-controller\build/core\core.a(Reset.cpp.o)
                0x00004590                tickReset
 .text._ZN26DoubleBufferedEPOutHandlerD2Ev
                0x00004608        0x2 Z:\Documents\Git\motoractuatedvalve-controller\build/core\core.a(USBCore.cpp.o)
                0x00004608                DoubleBufferedEPOutHandler::~DoubleBufferedEPOutHandler()
                0x00004608                DoubleBufferedEPOutHandler::~DoubleBufferedEPOutHandler()
 .text._ZN26DoubleBufferedEPOutHandlerD0Ev
                0x0000460a        0xc Z:\Documents\Git\motoractuatedvalve-controller\build/core\core.a(USBCore.cpp.o)
                0x0000460a                DoubleBufferedEPOutHandler::~DoubleBufferedEPOutHandler()
 *fill*         0x00004616        0x2 
 .text._ZN14USBDeviceClass6initEPEmm.part.7
                0x00004618       0xc4 Z:\Documents\Git\motoractuatedvalve-controller\build/core\core.a(USBCore.cpp.o)
 .text._ZN7__GuardC2Ev
                0x000046dc        0xe Z:\Documents\Git\motoractuatedvalve-controller\build/core\core.a(USBCore.cpp.o)
                0x000046dc                __Guard::__Guard()
                0x000046dc                __Guard::__Guard()
 .text._ZNK26DoubleBufferedEPOutHandler10_availableEv
                0x000046ea       0x70 Z:\Documents\Git\motoractuatedvalve-controller\build/core\core.a(USBCore.cpp.o)
                0x000046ea                DoubleBufferedEPOutHandler::_available() const
 *fill*         0x0000475a        0x2 
 .text._ZN26DoubleBufferedEPOutHandler7releaseEv
                0x0000475c       0x38 Z:\Documents\Git\motoractuatedvalve-controller\build/core\core.a(USBCore.cpp.o)
                0x0000475c                DoubleBufferedEPOutHandler::release()
 .text._ZN26DoubleBufferedEPOutHandler14handleEndpointEv
                0x00004794       0xe2 Z:\Documents\Git\motoractuatedvalve-controller\build/core\core.a(USBCore.cpp.o)
                0x00004794                DoubleBufferedEPOutHandler::handleEndpoint()
 .text._ZN14USBDeviceClass14SendInterfacesEPm
                0x00004876       0x20 Z:\Documents\Git\motoractuatedvalve-controller\build/core\core.a(USBCore.cpp.o)
                0x00004876                USBDeviceClass::SendInterfaces(unsigned long*)
 *fill*         0x00004896        0x2 
 .text._ZN14USBDeviceClass6attachEv
                0x00004898       0x34 Z:\Documents\Git\motoractuatedvalve-controller\build/core\core.a(USBCore.cpp.o)
                0x00004898                USBDeviceClass::attach()
 .text._ZN14USBDeviceClass10setAddressEm
                0x000048cc       0x48 Z:\Documents\Git\motoractuatedvalve-controller\build/core\core.a(USBCore.cpp.o)
                0x000048cc                USBDeviceClass::setAddress(unsigned long)
 .text._ZN14USBDeviceClass25handleClassInterfaceSetupERN7arduino8USBSetupE
                0x00004914       0x24 Z:\Documents\Git\motoractuatedvalve-controller\build/core\core.a(USBCore.cpp.o)
                0x00004914                USBDeviceClass::handleClassInterfaceSetup(arduino::USBSetup&)
 .text._ZN14USBDeviceClass6initEPEmm
                0x00004938      0x10c Z:\Documents\Git\motoractuatedvalve-controller\build/core\core.a(USBCore.cpp.o)
                0x00004938                USBDeviceClass::initEP(unsigned long, unsigned long)
 .text._ZN14USBDeviceClass13initEndpointsEv
                0x00004a44       0x24 Z:\Documents\Git\motoractuatedvalve-controller\build/core\core.a(USBCore.cpp.o)
                0x00004a44                USBDeviceClass::initEndpoints()
 .text._ZN14USBDeviceClass5clearEm
                0x00004a68       0x38 Z:\Documents\Git\motoractuatedvalve-controller\build/core\core.a(USBCore.cpp.o)
                0x00004a68                USBDeviceClass::clear(unsigned long)
 .text._ZN14USBDeviceClass9availableEm
                0x00004aa0       0x2c Z:\Documents\Git\motoractuatedvalve-controller\build/core\core.a(USBCore.cpp.o)
                0x00004aa0                USBDeviceClass::available(unsigned long)
 .text._ZN14USBDeviceClass5flushEm
                0x00004acc       0x2c Z:\Documents\Git\motoractuatedvalve-controller\build/core\core.a(USBCore.cpp.o)
                0x00004acc                USBDeviceClass::flush(unsigned long)
 .text._ZN14USBDeviceClass4recvEmPvm
                0x00004af8       0xc0 Z:\Documents\Git\motoractuatedvalve-controller\build/core\core.a(USBCore.cpp.o)
                0x00004af8                USBDeviceClass::recv(unsigned long, void*, unsigned long)
 .text._ZN14USBDeviceClass4recvEm
                0x00004bb8       0x1c Z:\Documents\Git\motoractuatedvalve-controller\build/core\core.a(USBCore.cpp.o)
                0x00004bb8                USBDeviceClass::recv(unsigned long)
 .text._ZN14USBDeviceClass14armRecvCtrlOUTEm
                0x00004bd4       0x5c Z:\Documents\Git\motoractuatedvalve-controller\build/core\core.a(USBCore.cpp.o)
                0x00004bd4                USBDeviceClass::armRecvCtrlOUT(unsigned long)
 .text._ZN14USBDeviceClass11recvControlEPvm
                0x00004c30       0x28 Z:\Documents\Git\motoractuatedvalve-controller\build/core\core.a(USBCore.cpp.o)
                0x00004c30                USBDeviceClass::recvControl(void*, unsigned long)
 .text._ZN14USBDeviceClass4sendEmPKvm
                0x00004c58      0x10c Z:\Documents\Git\motoractuatedvalve-controller\build/core\core.a(USBCore.cpp.o)
                0x00004c58                USBDeviceClass::send(unsigned long, void const*, unsigned long)
 .text._ZN14USBDeviceClass7armSendEmPKvm
                0x00004d64       0x48 Z:\Documents\Git\motoractuatedvalve-controller\build/core\core.a(USBCore.cpp.o)
                0x00004d64                USBDeviceClass::armSend(unsigned long, void const*, unsigned long)
 .text._ZN14USBDeviceClass11sendControlEPKvm
                0x00004dac       0x54 Z:\Documents\Git\motoractuatedvalve-controller\build/core\core.a(USBCore.cpp.o)
                0x00004dac                USBDeviceClass::sendControl(void const*, unsigned long)
 .text._ZN14USBDeviceClass20sendStringDescriptorEPKhm
                0x00004e00       0x64 Z:\Documents\Git\motoractuatedvalve-controller\build/core\core.a(USBCore.cpp.o)
                0x00004e00                USBDeviceClass::sendStringDescriptor(unsigned char const*, unsigned long)
 .text._ZN14USBDeviceClass17sendConfigurationEm
                0x00004e64       0x80 Z:\Documents\Git\motoractuatedvalve-controller\build/core\core.a(USBCore.cpp.o)
                0x00004e64                USBDeviceClass::sendConfiguration(unsigned long)
 .text._ZN14USBDeviceClass14sendDescriptorERN7arduino8USBSetupE
                0x00004ee4       0xd8 Z:\Documents\Git\motoractuatedvalve-controller\build/core\core.a(USBCore.cpp.o)
                0x00004ee4                USBDeviceClass::sendDescriptor(arduino::USBSetup&)
 .text._ZN14USBDeviceClass7sendZlpEm
                0x00004fbc       0x18 Z:\Documents\Git\motoractuatedvalve-controller\build/core\core.a(USBCore.cpp.o)
                0x00004fbc                USBDeviceClass::sendZlp(unsigned long)
 .text._ZN14USBDeviceClass19handleStandardSetupERN7arduino8USBSetupE
                0x00004fd4       0xf0 Z:\Documents\Git\motoractuatedvalve-controller\build/core\core.a(USBCore.cpp.o)
                0x00004fd4                USBDeviceClass::handleStandardSetup(arduino::USBSetup&)
 .text._ZN14USBDeviceClass10ISRHandlerEv
                0x000050c4      0x108 Z:\Documents\Git\motoractuatedvalve-controller\build/core\core.a(USBCore.cpp.o)
                0x000050c4                USBDeviceClass::ISRHandler()
 .text.UDD_Handler
                0x000051cc       0x10 Z:\Documents\Git\motoractuatedvalve-controller\build/core\core.a(USBCore.cpp.o)
                0x000051cc                UDD_Handler
 .text._ZN7arduino13PluggableUSB_C2Ev
                0x000051dc       0x10 Z:\Documents\Git\motoractuatedvalve-controller\build/core\core.a(USBCore.cpp.o)
                0x000051dc                arduino::PluggableUSB_::PluggableUSB_()
                0x000051dc                arduino::PluggableUSB_::PluggableUSB_()
 .text._Z8epBufferj
                0x000051ec        0xc Z:\Documents\Git\motoractuatedvalve-controller\build/core\core.a(USBCore.cpp.o)
                0x000051ec                epBuffer(unsigned int)
 .text._ZN7arduino11RingBufferNILi64EE10store_charEh
                0x000051f8       0x1c Z:\Documents\Git\motoractuatedvalve-controller\build/core\core.a(USBCore.cpp.o)
                0x000051f8                arduino::RingBufferN<64>::store_char(unsigned char)
 .text._ZN26DoubleBufferedEPOutHandler5_recvEv
                0x00005214      0x15e Z:\Documents\Git\motoractuatedvalve-controller\build/core\core.a(USBCore.cpp.o)
                0x00005214                DoubleBufferedEPOutHandler::_recv()
 .text._ZN26DoubleBufferedEPOutHandler9availableEv
                0x00005372        0xc Z:\Documents\Git\motoractuatedvalve-controller\build/core\core.a(USBCore.cpp.o)
                0x00005372                DoubleBufferedEPOutHandler::available()
 .text._ZN26DoubleBufferedEPOutHandler4peekEv
                0x0000537e       0x1c Z:\Documents\Git\motoractuatedvalve-controller\build/core\core.a(USBCore.cpp.o)
                0x0000537e                DoubleBufferedEPOutHandler::peek()
 .text._ZN26DoubleBufferedEPOutHandler4recvEPvm
                0x0000539a       0x60 Z:\Documents\Git\motoractuatedvalve-controller\build/core\core.a(USBCore.cpp.o)
                0x0000539a                DoubleBufferedEPOutHandler::recv(void*, unsigned long)
 *fill*         0x000053fa        0x2 
 .text.startup._GLOBAL__sub_I_usbd
                0x000053fc       0x10 Z:\Documents\Git\motoractuatedvalve-controller\build/core\core.a(USBCore.cpp.o)
 .text._ZN14USBDeviceClass4initEv
                0x0000540c      0x15c Z:\Documents\Git\motoractuatedvalve-controller\build/core\core.a(USBCore.cpp.o)
                0x0000540c                USBDeviceClass::init()
 .text._ZN7arduino13PluggableUSB_12getInterfaceEPh
                0x00005568       0x28 Z:\Documents\Git\motoractuatedvalve-controller\build/core\core.a(PluggableUSB.cpp.o)
                0x00005568                arduino::PluggableUSB_::getInterface(unsigned char*)
 .text._ZN7arduino13PluggableUSB_13getDescriptorERNS_8USBSetupE
                0x00005590       0x20 Z:\Documents\Git\motoractuatedvalve-controller\build/core\core.a(PluggableUSB.cpp.o)
                0x00005590                arduino::PluggableUSB_::getDescriptor(arduino::USBSetup&)
 .text._ZN7arduino13PluggableUSB_12getShortNameEPc
                0x000055b0       0x1e Z:\Documents\Git\motoractuatedvalve-controller\build/core\core.a(PluggableUSB.cpp.o)
                0x000055b0                arduino::PluggableUSB_::getShortName(char*)
 .text._ZN7arduino13PluggableUSB_5setupERNS_8USBSetupE
                0x000055ce       0x20 Z:\Documents\Git\motoractuatedvalve-controller\build/core\core.a(PluggableUSB.cpp.o)
                0x000055ce                arduino::PluggableUSB_::setup(arduino::USBSetup&)
 .text._ZN7arduino13PluggableUSB_4plugEPNS_18PluggableUSBModuleE
                0x000055ee       0x5c Z:\Documents\Git\motoractuatedvalve-controller\build/core\core.a(PluggableUSB.cpp.o)
                0x000055ee                arduino::PluggableUSB_::plug(arduino::PluggableUSBModule*)
 *fill*         0x0000564a        0x2 
 .text._Z12PluggableUSBv
                0x0000564c       0x24 Z:\Documents\Git\motoractuatedvalve-controller\build/core\core.a(PluggableUSB.cpp.o)
                0x0000564c                PluggableUSB()
 .text._ZN7Serial_13getDescriptorERN7arduino8USBSetupE
                0x00005670        0x4 Z:\Documents\Git\motoractuatedvalve-controller\build/core\core.a(CDC.cpp.o)
                0x00005670                Serial_::getDescriptor(arduino::USBSetup&)
 .text._ZL5utox8mPc
                0x00005674       0x24 Z:\Documents\Git\motoractuatedvalve-controller\build/core\core.a(CDC.cpp.o)
 .text._ZN7Serial_12getShortNameEPc
                0x00005698       0x44 Z:\Documents\Git\motoractuatedvalve-controller\build/core\core.a(CDC.cpp.o)
                0x00005698                Serial_::getShortName(char*)
 .text._ZThn16_N7Serial_12getShortNameEPc
                0x000056dc       0x10 Z:\Documents\Git\motoractuatedvalve-controller\build/core\core.a(CDC.cpp.o)
                0x000056dc                non-virtual thunk to Serial_::getShortName(char*)
 .text._ZN7Serial_5beginEm
                0x000056ec        0x2 Z:\Documents\Git\motoractuatedvalve-controller\build/core\core.a(CDC.cpp.o)
                0x000056ec                Serial_::begin(unsigned long)
 .text._ZN7Serial_5beginEmt
                0x000056ee        0x2 Z:\Documents\Git\motoractuatedvalve-controller\build/core\core.a(CDC.cpp.o)
                0x000056ee                Serial_::begin(unsigned long, unsigned short)
 .text._ZN7Serial_17availableForWriteEv
                0x000056f0        0x4 Z:\Documents\Git\motoractuatedvalve-controller\build/core\core.a(CDC.cpp.o)
                0x000056f0                Serial_::availableForWrite()
 .text._ZN7Serial_5writeEh
                0x000056f4       0x14 Z:\Documents\Git\motoractuatedvalve-controller\build/core\core.a(CDC.cpp.o)
                0x000056f4                Serial_::write(unsigned char)
 .text._ZN7Serial_12getInterfaceEPh
                0x00005708      0x11c Z:\Documents\Git\motoractuatedvalve-controller\build/core\core.a(CDC.cpp.o)
                0x00005708                Serial_::getInterface(unsigned char*)
 .text._ZThn16_N7Serial_12getInterfaceEPh
                0x00005824       0x10 Z:\Documents\Git\motoractuatedvalve-controller\build/core\core.a(CDC.cpp.o)
                0x00005824                non-virtual thunk to Serial_::getInterface(unsigned char*)
 .text._ZN7Serial_5setupERN7arduino8USBSetupE
                0x00005834       0x98 Z:\Documents\Git\motoractuatedvalve-controller\build/core\core.a(CDC.cpp.o)
                0x00005834                Serial_::setup(arduino::USBSetup&)
 .text._ZThn16_N7Serial_5setupERN7arduino8USBSetupE
                0x000058cc       0x10 Z:\Documents\Git\motoractuatedvalve-controller\build/core\core.a(CDC.cpp.o)
                0x000058cc                non-virtual thunk to Serial_::setup(arduino::USBSetup&)
 .text._ZN7Serial_3endEv
                0x000058dc       0x14 Z:\Documents\Git\motoractuatedvalve-controller\build/core\core.a(CDC.cpp.o)
                0x000058dc                Serial_::end()
 .text._ZN7Serial_9availableEv
                0x000058f0       0x20 Z:\Documents\Git\motoractuatedvalve-controller\build/core\core.a(CDC.cpp.o)
                0x000058f0                Serial_::available()
 .text._ZN7Serial_5flushEv
                0x00005910        0xe Z:\Documents\Git\motoractuatedvalve-controller\build/core\core.a(CDC.cpp.o)
                0x00005910                Serial_::flush()
 .text._ZN7Serial_5clearEv
                0x0000591e        0xe Z:\Documents\Git\motoractuatedvalve-controller\build/core\core.a(CDC.cpp.o)
                0x0000591e                Serial_::clear()
 .text._ZN7Serial_5writeEPKhj
                0x0000592c       0x1e Z:\Documents\Git\motoractuatedvalve-controller\build/core\core.a(CDC.cpp.o)
                0x0000592c                Serial_::write(unsigned char const*, unsigned int)
 *fill*         0x0000594a        0x2 
 .text._ZN7Serial_4peekEv
                0x0000594c       0x1c Z:\Documents\Git\motoractuatedvalve-controller\build/core\core.a(CDC.cpp.o)
                0x0000594c                Serial_::peek()
 .text._ZN7Serial_4readEv
                0x00005968       0x24 Z:\Documents\Git\motoractuatedvalve-controller\build/core\core.a(CDC.cpp.o)
                0x00005968                Serial_::read()
 .text._ZN7Serial_cvbEv
                0x0000598c       0x28 Z:\Documents\Git\motoractuatedvalve-controller\build/core\core.a(CDC.cpp.o)
                0x0000598c                Serial_::operator bool()
 .text._ZThn16_N7Serial_13getDescriptorERN7arduino8USBSetupE
                0x000059b4        0x4 Z:\Documents\Git\motoractuatedvalve-controller\build/core\core.a(CDC.cpp.o)
                0x000059b4                non-virtual thunk to Serial_::getDescriptor(arduino::USBSetup&)
 .text._ZN7Serial_14handleEndpointEi
                0x000059b8        0x2 Z:\Documents\Git\motoractuatedvalve-controller\build/core\core.a(CDC.cpp.o)
                0x000059b8                Serial_::handleEndpoint(int)
 *fill*         0x000059ba        0x2 
 .text._ZN7Serial_C2ER14USBDeviceClass
                0x000059bc       0x50 Z:\Documents\Git\motoractuatedvalve-controller\build/core\core.a(CDC.cpp.o)
                0x000059bc                Serial_::Serial_(USBDeviceClass&)
                0x000059bc                Serial_::Serial_(USBDeviceClass&)
 .text._ZN7Serial_15enableInterruptEv
                0x00005a0c       0x30 Z:\Documents\Git\motoractuatedvalve-controller\build/core\core.a(CDC.cpp.o)
                0x00005a0c                Serial_::enableInterrupt()
 .text.startup._GLOBAL__sub_I__ZN7Serial_12getInterfaceEPh
                0x00005a3c       0x14 Z:\Documents\Git\motoractuatedvalve-controller\build/core\core.a(CDC.cpp.o)
 .text.__aeabi_atexit
                0x00005a50        0xe c:/users/xsegg/appdata/local/arduino15/packages/arduino/tools/arm-none-eabi-gcc/7-2017q4/bin/../lib/gcc/arm-none-eabi/7.2.1/../../../../arm-none-eabi/lib/thumb/v6-m\libstdc++_nano.a(atexit_arm.o)
                0x00005a50                __aeabi_atexit
 *fill*         0x00005a5e        0x2 
 .text          0x00005a60       0x14 c:/users/xsegg/appdata/local/arduino15/packages/arduino/tools/arm-none-eabi-gcc/7-2017q4/bin/../lib/gcc/arm-none-eabi/7.2.1/thumb/v6-m\libgcc.a(_thumb1_case_uqi.o)
                0x00005a60                __gnu_thumb1_case_uqi
 .text          0x00005a74       0x14 c:/users/xsegg/appdata/local/arduino15/packages/arduino/tools/arm-none-eabi-gcc/7-2017q4/bin/../lib/gcc/arm-none-eabi/7.2.1/thumb/v6-m\libgcc.a(_thumb1_case_uhi.o)
                0x00005a74                __gnu_thumb1_case_uhi
 .text          0x00005a88      0x114 c:/users/xsegg/appdata/local/arduino15/packages/arduino/tools/arm-none-eabi-gcc/7-2017q4/bin/../lib/gcc/arm-none-eabi/7.2.1/thumb/v6-m\libgcc.a(_udivsi3.o)
                0x00005a88                __aeabi_uidiv
                0x00005a88                __udivsi3
                0x00005b94                __aeabi_uidivmod
 .text          0x00005b9c      0x1d4 c:/users/xsegg/appdata/local/arduino15/packages/arduino/tools/arm-none-eabi-gcc/7-2017q4/bin/../lib/gcc/arm-none-eabi/7.2.1/thumb/v6-m\libgcc.a(_divsi3.o)
                0x00005b9c                __divsi3
                0x00005b9c                __aeabi_idiv
                0x00005d68                __aeabi_idivmod
 .text          0x00005d70        0x4 c:/users/xsegg/appdata/local/arduino15/packages/arduino/tools/arm-none-eabi-gcc/7-2017q4/bin/../lib/gcc/arm-none-eabi/7.2.1/thumb/v6-m\libgcc.a(_dvmd_tls.o)
                0x00005d70                __aeabi_idiv0
                0x00005d70                __aeabi_ldiv0
 .text          0x00005d74       0x7c c:/users/xsegg/appdata/local/arduino15/packages/arduino/tools/arm-none-eabi-gcc/7-2017q4/bin/../lib/gcc/arm-none-eabi/7.2.1/thumb/v6-m\libgcc.a(_arm_cmpdf2.o)
                0x00005d74                __aeabi_cdrcmple
                0x00005d84                __aeabi_cdcmple
                0x00005d84                __aeabi_cdcmpeq
                0x00005d94                __aeabi_dcmpeq
                0x00005da0                __aeabi_dcmplt
                0x00005db4                __aeabi_dcmple
                0x00005dc8                __aeabi_dcmpgt
                0x00005ddc                __aeabi_dcmpge
 .text          0x00005df0       0x74 c:/users/xsegg/appdata/local/arduino15/packages/arduino/tools/arm-none-eabi-gcc/7-2017q4/bin/../lib/gcc/arm-none-eabi/7.2.1/thumb/v6-m\libgcc.a(_arm_cmpsf2.o)
                0x00005df0                __aeabi_cfrcmple
                0x00005df8                __aeabi_cfcmpeq
                0x00005df8                __aeabi_cfcmple
                0x00005e08                __aeabi_fcmpeq
                0x00005e14                __aeabi_fcmplt
                0x00005e28                __aeabi_fcmple
                0x00005e3c                __aeabi_fcmpgt
                0x00005e50                __aeabi_fcmpge
 .text          0x00005e64       0x30 c:/users/xsegg/appdata/local/arduino15/packages/arduino/tools/arm-none-eabi-gcc/7-2017q4/bin/../lib/gcc/arm-none-eabi/7.2.1/thumb/v6-m\libgcc.a(_fixunssfsi.o)
                0x00005e64                __fixunssfsi
                0x00005e64                __aeabi_f2uiz
 .text          0x00005e94       0x3c c:/users/xsegg/appdata/local/arduino15/packages/arduino/tools/arm-none-eabi-gcc/7-2017q4/bin/../lib/gcc/arm-none-eabi/7.2.1/thumb/v6-m\libgcc.a(_fixunsdfsi.o)
                0x00005e94                __aeabi_d2uiz
                0x00005e94                __fixunsdfsi
 .text          0x00005ed0      0x334 c:/users/xsegg/appdata/local/arduino15/packages/arduino/tools/arm-none-eabi-gcc/7-2017q4/bin/../lib/gcc/arm-none-eabi/7.2.1/thumb/v6-m\libgcc.a(addsf3.o)
                0x00005ed0                __aeabi_fadd
 .text          0x00006204      0x224 c:/users/xsegg/appdata/local/arduino15/packages/arduino/tools/arm-none-eabi-gcc/7-2017q4/bin/../lib/gcc/arm-none-eabi/7.2.1/thumb/v6-m\libgcc.a(divsf3.o)
                0x00006204                __aeabi_fdiv
 .text          0x00006428       0x50 c:/users/xsegg/appdata/local/arduino15/packages/arduino/tools/arm-none-eabi-gcc/7-2017q4/bin/../lib/gcc/arm-none-eabi/7.2.1/thumb/v6-m\libgcc.a(eqsf2.o)
                0x00006428                __eqsf2
                0x00006428                __nesf2
 .text          0x00006478       0x9c c:/users/xsegg/appdata/local/arduino15/packages/arduino/tools/arm-none-eabi-gcc/7-2017q4/bin/../lib/gcc/arm-none-eabi/7.2.1/thumb/v6-m\libgcc.a(gesf2.o)
                0x00006478                __gesf2
                0x00006478                __gtsf2
 .text          0x00006514       0xa0 c:/users/xsegg/appdata/local/arduino15/packages/arduino/tools/arm-none-eabi-gcc/7-2017q4/bin/../lib/gcc/arm-none-eabi/7.2.1/thumb/v6-m\libgcc.a(lesf2.o)
                0x00006514                __ltsf2
                0x00006514                __lesf2
 .text          0x000065b4      0x264 c:/users/xsegg/appdata/local/arduino15/packages/arduino/tools/arm-none-eabi-gcc/7-2017q4/bin/../lib/gcc/arm-none-eabi/7.2.1/thumb/v6-m\libgcc.a(mulsf3.o)
                0x000065b4                __aeabi_fmul
 .text          0x00006818      0x388 c:/users/xsegg/appdata/local/arduino15/packages/arduino/tools/arm-none-eabi-gcc/7-2017q4/bin/../lib/gcc/arm-none-eabi/7.2.1/thumb/v6-m\libgcc.a(subsf3.o)
                0x00006818                __aeabi_fsub
 .text          0x00006ba0       0x40 c:/users/xsegg/appdata/local/arduino15/packages/arduino/tools/arm-none-eabi-gcc/7-2017q4/bin/../lib/gcc/arm-none-eabi/7.2.1/thumb/v6-m\libgcc.a(fixsfsi.o)
                0x00006ba0                __aeabi_f2iz
 .text          0x00006be0       0x94 c:/users/xsegg/appdata/local/arduino15/packages/arduino/tools/arm-none-eabi-gcc/7-2017q4/bin/../lib/gcc/arm-none-eabi/7.2.1/thumb/v6-m\libgcc.a(floatsisf.o)
                0x00006be0                __aeabi_i2f
 .text          0x00006c74       0x80 c:/users/xsegg/appdata/local/arduino15/packages/arduino/tools/arm-none-eabi-gcc/7-2017q4/bin/../lib/gcc/arm-none-eabi/7.2.1/thumb/v6-m\libgcc.a(floatunsisf.o)
                0x00006c74                __aeabi_ui2f
 .text          0x00006cf4      0x638 c:/users/xsegg/appdata/local/arduino15/packages/arduino/tools/arm-none-eabi-gcc/7-2017q4/bin/../lib/gcc/arm-none-eabi/7.2.1/thumb/v6-m\libgcc.a(adddf3.o)
                0x00006cf4                __aeabi_dadd
 .text          0x0000732c      0x604 c:/users/xsegg/appdata/local/arduino15/packages/arduino/tools/arm-none-eabi-gcc/7-2017q4/bin/../lib/gcc/arm-none-eabi/7.2.1/thumb/v6-m\libgcc.a(divdf3.o)
                0x0000732c                __aeabi_ddiv
 .text          0x00007930       0x78 c:/users/xsegg/appdata/local/arduino15/packages/arduino/tools/arm-none-eabi-gcc/7-2017q4/bin/../lib/gcc/arm-none-eabi/7.2.1/thumb/v6-m\libgcc.a(eqdf2.o)
                0x00007930                __nedf2
                0x00007930                __eqdf2
 .text          0x000079a8       0xc8 c:/users/xsegg/appdata/local/arduino15/packages/arduino/tools/arm-none-eabi-gcc/7-2017q4/bin/../lib/gcc/arm-none-eabi/7.2.1/thumb/v6-m\libgcc.a(gedf2.o)
                0x000079a8                __gedf2
                0x000079a8                __gtdf2
 .text          0x00007a70       0xd0 c:/users/xsegg/appdata/local/arduino15/packages/arduino/tools/arm-none-eabi-gcc/7-2017q4/bin/../lib/gcc/arm-none-eabi/7.2.1/thumb/v6-m\libgcc.a(ledf2.o)
                0x00007a70                __ledf2
                0x00007a70                __ltdf2
 .text          0x00007b40      0x4e4 c:/users/xsegg/appdata/local/arduino15/packages/arduino/tools/arm-none-eabi-gcc/7-2017q4/bin/../lib/gcc/arm-none-eabi/7.2.1/thumb/v6-m\libgcc.a(muldf3.o)
                0x00007b40                __aeabi_dmul
 .text          0x00008024      0x690 c:/users/xsegg/appdata/local/arduino15/packages/arduino/tools/arm-none-eabi-gcc/7-2017q4/bin/../lib/gcc/arm-none-eabi/7.2.1/thumb/v6-m\libgcc.a(subdf3.o)
                0x00008024                __aeabi_dsub
 .text          0x000086b4       0x38 c:/users/xsegg/appdata/local/arduino15/packages/arduino/tools/arm-none-eabi-gcc/7-2017q4/bin/../lib/gcc/arm-none-eabi/7.2.1/thumb/v6-m\libgcc.a(unorddf2.o)
                0x000086b4                __aeabi_dcmpun
 .text          0x000086ec       0x6c c:/users/xsegg/appdata/local/arduino15/packages/arduino/tools/arm-none-eabi-gcc/7-2017q4/bin/../lib/gcc/arm-none-eabi/7.2.1/thumb/v6-m\libgcc.a(fixdfsi.o)
                0x000086ec                __aeabi_d2iz
 .text          0x00008758       0x74 c:/users/xsegg/appdata/local/arduino15/packages/arduino/tools/arm-none-eabi-gcc/7-2017q4/bin/../lib/gcc/arm-none-eabi/7.2.1/thumb/v6-m\libgcc.a(floatsidf.o)
                0x00008758                __aeabi_i2d
 .text          0x000087cc       0x64 c:/users/xsegg/appdata/local/arduino15/packages/arduino/tools/arm-none-eabi-gcc/7-2017q4/bin/../lib/gcc/arm-none-eabi/7.2.1/thumb/v6-m\libgcc.a(floatunsidf.o)
                0x000087cc                __aeabi_ui2d
 .text          0x00008830       0xa4 c:/users/xsegg/appdata/local/arduino15/packages/arduino/tools/arm-none-eabi-gcc/7-2017q4/bin/../lib/gcc/arm-none-eabi/7.2.1/thumb/v6-m\libgcc.a(extendsfdf2.o)
                0x00008830                __aeabi_f2d
 .text          0x000088d4       0x3c c:/users/xsegg/appdata/local/arduino15/packages/arduino/tools/arm-none-eabi-gcc/7-2017q4/bin/../lib/gcc/arm-none-eabi/7.2.1/thumb/v6-m\libgcc.a(_clzsi2.o)
                0x000088d4                __clzsi2
 .text.__assert_func
                0x00008910       0x3c c:/users/xsegg/appdata/local/arduino15/packages/arduino/tools/arm-none-eabi-gcc/7-2017q4/bin/../lib/gcc/arm-none-eabi/7.2.1/../../../../arm-none-eabi/lib/thumb/v6-m\libc_nano.a(lib_a-assert.o)
                0x00008910                __assert_func
 .text.__cxa_atexit
                0x0000894c       0x1c c:/users/xsegg/appdata/local/arduino15/packages/arduino/tools/arm-none-eabi-gcc/7-2017q4/bin/../lib/gcc/arm-none-eabi/7.2.1/../../../../arm-none-eabi/lib/thumb/v6-m\libc_nano.a(lib_a-cxa_atexit.o)
                0x0000894c                __cxa_atexit
 .text.fprintf  0x00008968       0x20 c:/users/xsegg/appdata/local/arduino15/packages/arduino/tools/arm-none-eabi-gcc/7-2017q4/bin/../lib/gcc/arm-none-eabi/7.2.1/../../../../arm-none-eabi/lib/thumb/v6-m\libc_nano.a(lib_a-fprintf.o)
                0x00008968                fiprintf
                0x00008968                fprintf
 .text.__libc_init_array
                0x00008988       0x48 c:/users/xsegg/appdata/local/arduino15/packages/arduino/tools/arm-none-eabi-gcc/7-2017q4/bin/../lib/gcc/arm-none-eabi/7.2.1/../../../../arm-none-eabi/lib/thumb/v6-m\libc_nano.a(lib_a-init.o)
                0x00008988                __libc_init_array
 .text.malloc   0x000089d0       0x14 c:/users/xsegg/appdata/local/arduino15/packages/arduino/tools/arm-none-eabi-gcc/7-2017q4/bin/../lib/gcc/arm-none-eabi/7.2.1/../../../../arm-none-eabi/lib/thumb/v6-m\libc_nano.a(lib_a-malloc.o)
                0x000089d0                malloc
 .text.free     0x000089e4       0x14 c:/users/xsegg/appdata/local/arduino15/packages/arduino/tools/arm-none-eabi-gcc/7-2017q4/bin/../lib/gcc/arm-none-eabi/7.2.1/../../../../arm-none-eabi/lib/thumb/v6-m\libc_nano.a(lib_a-malloc.o)
                0x000089e4                free
 .text.__ascii_mbtowc
                0x000089f8       0x24 c:/users/xsegg/appdata/local/arduino15/packages/arduino/tools/arm-none-eabi-gcc/7-2017q4/bin/../lib/gcc/arm-none-eabi/7.2.1/../../../../arm-none-eabi/lib/thumb/v6-m\libc_nano.a(lib_a-mbtowc_r.o)
                0x000089f8                __ascii_mbtowc
 .text.memcpy   0x00008a1c       0x12 c:/users/xsegg/appdata/local/arduino15/packages/arduino/tools/arm-none-eabi-gcc/7-2017q4/bin/../lib/gcc/arm-none-eabi/7.2.1/../../../../arm-none-eabi/lib/thumb/v6-m\libc_nano.a(lib_a-memcpy-stub.o)
                0x00008a1c                memcpy
 .text.memset   0x00008a2e       0x10 c:/users/xsegg/appdata/local/arduino15/packages/arduino/tools/arm-none-eabi-gcc/7-2017q4/bin/../lib/gcc/arm-none-eabi/7.2.1/../../../../arm-none-eabi/lib/thumb/v6-m\libc_nano.a(lib_a-memset.o)
                0x00008a2e                memset
 *fill*         0x00008a3e        0x2 
 .text._free_r  0x00008a40       0x94 c:/users/xsegg/appdata/local/arduino15/packages/arduino/tools/arm-none-eabi-gcc/7-2017q4/bin/../lib/gcc/arm-none-eabi/7.2.1/../../../../arm-none-eabi/lib/thumb/v6-m\libc_nano.a(lib_a-nano-freer.o)
                0x00008a40                _free_r
 .text._malloc_r
                0x00008ad4       0xbc c:/users/xsegg/appdata/local/arduino15/packages/arduino/tools/arm-none-eabi-gcc/7-2017q4/bin/../lib/gcc/arm-none-eabi/7.2.1/../../../../arm-none-eabi/lib/thumb/v6-m\libc_nano.a(lib_a-nano-mallocr.o)
                0x00008ad4                _malloc_r
 .text.__sfputc_r
                0x00008b90       0x2a c:/users/xsegg/appdata/local/arduino15/packages/arduino/tools/arm-none-eabi-gcc/7-2017q4/bin/../lib/gcc/arm-none-eabi/7.2.1/../../../../arm-none-eabi/lib/thumb/v6-m\libc_nano.a(lib_a-nano-vfprintf.o)
 .text.__sfputs_r
                0x00008bba       0x24 c:/users/xsegg/appdata/local/arduino15/packages/arduino/tools/arm-none-eabi-gcc/7-2017q4/bin/../lib/gcc/arm-none-eabi/7.2.1/../../../../arm-none-eabi/lib/thumb/v6-m\libc_nano.a(lib_a-nano-vfprintf.o)
                0x00008bba                __sfputs_r
 *fill*         0x00008bde        0x2 
 .text._vfprintf_r
                0x00008be0      0x22c c:/users/xsegg/appdata/local/arduino15/packages/arduino/tools/arm-none-eabi-gcc/7-2017q4/bin/../lib/gcc/arm-none-eabi/7.2.1/../../../../arm-none-eabi/lib/thumb/v6-m\libc_nano.a(lib_a-nano-vfprintf.o)
                0x00008be0                _vfprintf_r
                0x00008be0                _vfiprintf_r
 .text.__cvt    0x00008e0c       0xc8 c:/users/xsegg/appdata/local/arduino15/packages/arduino/tools/arm-none-eabi-gcc/7-2017q4/bin/../lib/gcc/arm-none-eabi/7.2.1/../../../../arm-none-eabi/lib/thumb/v6-m\libc_nano.a(lib_a-nano-vfprintf_float.o)
                0x00008e0c                __cvt
 .text.__exponent
                0x00008ed4       0x70 c:/users/xsegg/appdata/local/arduino15/packages/arduino/tools/arm-none-eabi-gcc/7-2017q4/bin/../lib/gcc/arm-none-eabi/7.2.1/../../../../arm-none-eabi/lib/thumb/v6-m\libc_nano.a(lib_a-nano-vfprintf_float.o)
                0x00008ed4                __exponent
 .text._printf_float
                0x00008f44      0x498 c:/users/xsegg/appdata/local/arduino15/packages/arduino/tools/arm-none-eabi-gcc/7-2017q4/bin/../lib/gcc/arm-none-eabi/7.2.1/../../../../arm-none-eabi/lib/thumb/v6-m\libc_nano.a(lib_a-nano-vfprintf_float.o)
                0x00008f44                _printf_float
 .text._printf_common
                0x000093dc       0xda c:/users/xsegg/appdata/local/arduino15/packages/arduino/tools/arm-none-eabi-gcc/7-2017q4/bin/../lib/gcc/arm-none-eabi/7.2.1/../../../../arm-none-eabi/lib/thumb/v6-m\libc_nano.a(lib_a-nano-vfprintf_i.o)
                0x000093dc                _printf_common
 *fill*         0x000094b6        0x2 
 .text._printf_i
                0x000094b8      0x210 c:/users/xsegg/appdata/local/arduino15/packages/arduino/tools/arm-none-eabi-gcc/7-2017q4/bin/../lib/gcc/arm-none-eabi/7.2.1/../../../../arm-none-eabi/lib/thumb/v6-m\libc_nano.a(lib_a-nano-vfprintf_i.o)
                0x000094b8                _printf_i
 .text.realloc  0x000096c8       0x14 c:/users/xsegg/appdata/local/arduino15/packages/arduino/tools/arm-none-eabi-gcc/7-2017q4/bin/../lib/gcc/arm-none-eabi/7.2.1/../../../../arm-none-eabi/lib/thumb/v6-m\libc_nano.a(lib_a-realloc.o)
                0x000096c8                realloc
 .text._sbrk_r  0x000096dc       0x24 c:/users/xsegg/appdata/local/arduino15/packages/arduino/tools/arm-none-eabi-gcc/7-2017q4/bin/../lib/gcc/arm-none-eabi/7.2.1/../../../../arm-none-eabi/lib/thumb/v6-m\libc_nano.a(lib_a-sbrkr.o)
                0x000096dc                _sbrk_r
 .text          0x00009700       0x14 c:/users/xsegg/appdata/local/arduino15/packages/arduino/tools/arm-none-eabi-gcc/7-2017q4/bin/../lib/gcc/arm-none-eabi/7.2.1/../../../../arm-none-eabi/lib/thumb/v6-m\libc_nano.a(lib_a-strcmp.o)
                0x00009700                strcmp
 .text          0x00009714        0xe c:/users/xsegg/appdata/local/arduino15/packages/arduino/tools/arm-none-eabi-gcc/7-2017q4/bin/../lib/gcc/arm-none-eabi/7.2.1/../../../../arm-none-eabi/lib/thumb/v6-m\libc_nano.a(lib_a-strlen.o)
                0x00009714                strlen
 *fill*         0x00009722        0x2 
 .text.__swbuf_r
                0x00009724       0xac c:/users/xsegg/appdata/local/arduino15/packages/arduino/tools/arm-none-eabi-gcc/7-2017q4/bin/../lib/gcc/arm-none-eabi/7.2.1/../../../../arm-none-eabi/lib/thumb/v6-m\libc_nano.a(lib_a-wbuf.o)
                0x00009724                __swbuf_r
 .text.__ascii_wctomb
                0x000097d0       0x18 c:/users/xsegg/appdata/local/arduino15/packages/arduino/tools/arm-none-eabi-gcc/7-2017q4/bin/../lib/gcc/arm-none-eabi/7.2.1/../../../../arm-none-eabi/lib/thumb/v6-m\libc_nano.a(lib_a-wctomb_r.o)
                0x000097d0                __ascii_wctomb
 .text.__swsetup_r
                0x000097e8       0xec c:/users/xsegg/appdata/local/arduino15/packages/arduino/tools/arm-none-eabi-gcc/7-2017q4/bin/../lib/gcc/arm-none-eabi/7.2.1/../../../../arm-none-eabi/lib/thumb/v6-m\libc_nano.a(lib_a-wsetup.o)
                0x000097e8                __swsetup_r
 .text.abort    0x000098d4        0xe c:/users/xsegg/appdata/local/arduino15/packages/arduino/tools/arm-none-eabi-gcc/7-2017q4/bin/../lib/gcc/arm-none-eabi/7.2.1/../../../../arm-none-eabi/lib/thumb/v6-m\libc_nano.a(lib_a-abort.o)
                0x000098d4                abort
 .text.quorem   0x000098e2      0x10c c:/users/xsegg/appdata/local/arduino15/packages/arduino/tools/arm-none-eabi-gcc/7-2017q4/bin/../lib/gcc/arm-none-eabi/7.2.1/../../../../arm-none-eabi/lib/thumb/v6-m\libc_nano.a(lib_a-dtoa.o)
 *fill*         0x000099ee        0x2 
 .text._dtoa_r  0x000099f0      0xbc0 c:/users/xsegg/appdata/local/arduino15/packages/arduino/tools/arm-none-eabi-gcc/7-2017q4/bin/../lib/gcc/arm-none-eabi/7.2.1/../../../../arm-none-eabi/lib/thumb/v6-m\libc_nano.a(lib_a-dtoa.o)
                0x000099f0                _dtoa_r
 .text.__sflush_r
                0x0000a5b0      0x114 c:/users/xsegg/appdata/local/arduino15/packages/arduino/tools/arm-none-eabi-gcc/7-2017q4/bin/../lib/gcc/arm-none-eabi/7.2.1/../../../../arm-none-eabi/lib/thumb/v6-m\libc_nano.a(lib_a-fflush.o)
                0x0000a5b0                __sflush_r
 .text._fflush_r
                0x0000a6c4       0x58 c:/users/xsegg/appdata/local/arduino15/packages/arduino/tools/arm-none-eabi-gcc/7-2017q4/bin/../lib/gcc/arm-none-eabi/7.2.1/../../../../arm-none-eabi/lib/thumb/v6-m\libc_nano.a(lib_a-fflush.o)
                0x0000a6c4                _fflush_r
 .text.std      0x0000a71c       0x48 c:/users/xsegg/appdata/local/arduino15/packages/arduino/tools/arm-none-eabi-gcc/7-2017q4/bin/../lib/gcc/arm-none-eabi/7.2.1/../../../../arm-none-eabi/lib/thumb/v6-m\libc_nano.a(lib_a-findfp.o)
 .text._cleanup_r
                0x0000a764       0x10 c:/users/xsegg/appdata/local/arduino15/packages/arduino/tools/arm-none-eabi-gcc/7-2017q4/bin/../lib/gcc/arm-none-eabi/7.2.1/../../../../arm-none-eabi/lib/thumb/v6-m\libc_nano.a(lib_a-findfp.o)
                0x0000a764                _cleanup_r
 .text.__sfmoreglue
                0x0000a774       0x2c c:/users/xsegg/appdata/local/arduino15/packages/arduino/tools/arm-none-eabi-gcc/7-2017q4/bin/../lib/gcc/arm-none-eabi/7.2.1/../../../../arm-none-eabi/lib/thumb/v6-m\libc_nano.a(lib_a-findfp.o)
                0x0000a774                __sfmoreglue
 .text.__sinit  0x0000a7a0       0x68 c:/users/xsegg/appdata/local/arduino15/packages/arduino/tools/arm-none-eabi-gcc/7-2017q4/bin/../lib/gcc/arm-none-eabi/7.2.1/../../../../arm-none-eabi/lib/thumb/v6-m\libc_nano.a(lib_a-findfp.o)
                0x0000a7a0                __sinit
 .text.__sfp    0x0000a808       0x7c c:/users/xsegg/appdata/local/arduino15/packages/arduino/tools/arm-none-eabi-gcc/7-2017q4/bin/../lib/gcc/arm-none-eabi/7.2.1/../../../../arm-none-eabi/lib/thumb/v6-m\libc_nano.a(lib_a-findfp.o)
                0x0000a808                __sfp
 .text._fwalk_reent
                0x0000a884       0x42 c:/users/xsegg/appdata/local/arduino15/packages/arduino/tools/arm-none-eabi-gcc/7-2017q4/bin/../lib/gcc/arm-none-eabi/7.2.1/../../../../arm-none-eabi/lib/thumb/v6-m\libc_nano.a(lib_a-fwalk.o)
                0x0000a884                _fwalk_reent
 *fill*         0x0000a8c6        0x2 
 .text._localeconv_r
                0x0000a8c8       0x18 c:/users/xsegg/appdata/local/arduino15/packages/arduino/tools/arm-none-eabi-gcc/7-2017q4/bin/../lib/gcc/arm-none-eabi/7.2.1/../../../../arm-none-eabi/lib/thumb/v6-m\libc_nano.a(lib_a-localeconv.o)
                0x0000a8c8                _localeconv_r
 .text.__swhatbuf_r
                0x0000a8e0       0x50 c:/users/xsegg/appdata/local/arduino15/packages/arduino/tools/arm-none-eabi-gcc/7-2017q4/bin/../lib/gcc/arm-none-eabi/7.2.1/../../../../arm-none-eabi/lib/thumb/v6-m\libc_nano.a(lib_a-makebuf.o)
                0x0000a8e0                __swhatbuf_r
 .text.__smakebuf_r
                0x0000a930       0x88 c:/users/xsegg/appdata/local/arduino15/packages/arduino/tools/arm-none-eabi-gcc/7-2017q4/bin/../lib/gcc/arm-none-eabi/7.2.1/../../../../arm-none-eabi/lib/thumb/v6-m\libc_nano.a(lib_a-makebuf.o)
                0x0000a930                __smakebuf_r
 .text.memchr   0x0000a9b8       0x16 c:/users/xsegg/appdata/local/arduino15/packages/arduino/tools/arm-none-eabi-gcc/7-2017q4/bin/../lib/gcc/arm-none-eabi/7.2.1/../../../../arm-none-eabi/lib/thumb/v6-m\libc_nano.a(lib_a-memchr-stub.o)
                0x0000a9b8                memchr
 .text.__malloc_lock
                0x0000a9ce        0x2 c:/users/xsegg/appdata/local/arduino15/packages/arduino/tools/arm-none-eabi-gcc/7-2017q4/bin/../lib/gcc/arm-none-eabi/7.2.1/../../../../arm-none-eabi/lib/thumb/v6-m\libc_nano.a(lib_a-mlock.o)
                0x0000a9ce                __malloc_lock
 .text.__malloc_unlock
                0x0000a9d0        0x2 c:/users/xsegg/appdata/local/arduino15/packages/arduino/tools/arm-none-eabi-gcc/7-2017q4/bin/../lib/gcc/arm-none-eabi/7.2.1/../../../../arm-none-eabi/lib/thumb/v6-m\libc_nano.a(lib_a-mlock.o)
                0x0000a9d0                __malloc_unlock
 .text._Balloc  0x0000a9d2       0x70 c:/users/xsegg/appdata/local/arduino15/packages/arduino/tools/arm-none-eabi-gcc/7-2017q4/bin/../lib/gcc/arm-none-eabi/7.2.1/../../../../arm-none-eabi/lib/thumb/v6-m\libc_nano.a(lib_a-mprec.o)
                0x0000a9d2                _Balloc
 .text._Bfree   0x0000aa42       0x32 c:/users/xsegg/appdata/local/arduino15/packages/arduino/tools/arm-none-eabi-gcc/7-2017q4/bin/../lib/gcc/arm-none-eabi/7.2.1/../../../../arm-none-eabi/lib/thumb/v6-m\libc_nano.a(lib_a-mprec.o)
                0x0000aa42                _Bfree
 .text.__multadd
                0x0000aa74       0x7c c:/users/xsegg/appdata/local/arduino15/packages/arduino/tools/arm-none-eabi-gcc/7-2017q4/bin/../lib/gcc/arm-none-eabi/7.2.1/../../../../arm-none-eabi/lib/thumb/v6-m\libc_nano.a(lib_a-mprec.o)
                0x0000aa74                __multadd
 .text.__hi0bits
                0x0000aaf0       0x34 c:/users/xsegg/appdata/local/arduino15/packages/arduino/tools/arm-none-eabi-gcc/7-2017q4/bin/../lib/gcc/arm-none-eabi/7.2.1/../../../../arm-none-eabi/lib/thumb/v6-m\libc_nano.a(lib_a-mprec.o)
                0x0000aaf0                __hi0bits
 .text.__lo0bits
                0x0000ab24       0x5e c:/users/xsegg/appdata/local/arduino15/packages/arduino/tools/arm-none-eabi-gcc/7-2017q4/bin/../lib/gcc/arm-none-eabi/7.2.1/../../../../arm-none-eabi/lib/thumb/v6-m\libc_nano.a(lib_a-mprec.o)
                0x0000ab24                __lo0bits
 .text.__i2b    0x0000ab82       0x12 c:/users/xsegg/appdata/local/arduino15/packages/arduino/tools/arm-none-eabi-gcc/7-2017q4/bin/../lib/gcc/arm-none-eabi/7.2.1/../../../../arm-none-eabi/lib/thumb/v6-m\libc_nano.a(lib_a-mprec.o)
                0x0000ab82                __i2b
 .text.__multiply
                0x0000ab94      0x11e c:/users/xsegg/appdata/local/arduino15/packages/arduino/tools/arm-none-eabi-gcc/7-2017q4/bin/../lib/gcc/arm-none-eabi/7.2.1/../../../../arm-none-eabi/lib/thumb/v6-m\libc_nano.a(lib_a-mprec.o)
                0x0000ab94                __multiply
 *fill*         0x0000acb2        0x2 
 .text.__pow5mult
                0x0000acb4       0xa4 c:/users/xsegg/appdata/local/arduino15/packages/arduino/tools/arm-none-eabi-gcc/7-2017q4/bin/../lib/gcc/arm-none-eabi/7.2.1/../../../../arm-none-eabi/lib/thumb/v6-m\libc_nano.a(lib_a-mprec.o)
                0x0000acb4                __pow5mult
 .text.__lshift
                0x0000ad58       0xa4 c:/users/xsegg/appdata/local/arduino15/packages/arduino/tools/arm-none-eabi-gcc/7-2017q4/bin/../lib/gcc/arm-none-eabi/7.2.1/../../../../arm-none-eabi/lib/thumb/v6-m\libc_nano.a(lib_a-mprec.o)
                0x0000ad58                __lshift
 .text.__mcmp   0x0000adfc       0x34 c:/users/xsegg/appdata/local/arduino15/packages/arduino/tools/arm-none-eabi-gcc/7-2017q4/bin/../lib/gcc/arm-none-eabi/7.2.1/../../../../arm-none-eabi/lib/thumb/v6-m\libc_nano.a(lib_a-mprec.o)
                0x0000adfc                __mcmp
 .text.__mdiff  0x0000ae30       0xc8 c:/users/xsegg/appdata/local/arduino15/packages/arduino/tools/arm-none-eabi-gcc/7-2017q4/bin/../lib/gcc/arm-none-eabi/7.2.1/../../../../arm-none-eabi/lib/thumb/v6-m\libc_nano.a(lib_a-mprec.o)
                0x0000ae30                __mdiff
 .text.__d2b    0x0000aef8       0xa8 c:/users/xsegg/appdata/local/arduino15/packages/arduino/tools/arm-none-eabi-gcc/7-2017q4/bin/../lib/gcc/arm-none-eabi/7.2.1/../../../../arm-none-eabi/lib/thumb/v6-m\libc_nano.a(lib_a-mprec.o)
                0x0000aef8                __d2b
 .text._calloc_r
                0x0000afa0       0x1c c:/users/xsegg/appdata/local/arduino15/packages/arduino/tools/arm-none-eabi-gcc/7-2017q4/bin/../lib/gcc/arm-none-eabi/7.2.1/../../../../arm-none-eabi/lib/thumb/v6-m\libc_nano.a(lib_a-nano-callocr.o)
                0x0000afa0                _calloc_r
 .text._realloc_r
                0x0000afbc       0x4c c:/users/xsegg/appdata/local/arduino15/packages/arduino/tools/arm-none-eabi-gcc/7-2017q4/bin/../lib/gcc/arm-none-eabi/7.2.1/../../../../arm-none-eabi/lib/thumb/v6-m\libc_nano.a(lib_a-nano-reallocr.o)
                0x0000afbc                _realloc_r
 .text._raise_r
                0x0000b008       0x54 c:/users/xsegg/appdata/local/arduino15/packages/arduino/tools/arm-none-eabi-gcc/7-2017q4/bin/../lib/gcc/arm-none-eabi/7.2.1/../../../../arm-none-eabi/lib/thumb/v6-m\libc_nano.a(lib_a-signal.o)
                0x0000b008                _raise_r
 .text.raise    0x0000b05c       0x14 c:/users/xsegg/appdata/local/arduino15/packages/arduino/tools/arm-none-eabi-gcc/7-2017q4/bin/../lib/gcc/arm-none-eabi/7.2.1/../../../../arm-none-eabi/lib/thumb/v6-m\libc_nano.a(lib_a-signal.o)
                0x0000b05c                raise
 .text._kill_r  0x0000b070       0x24 c:/users/xsegg/appdata/local/arduino15/packages/arduino/tools/arm-none-eabi-gcc/7-2017q4/bin/../lib/gcc/arm-none-eabi/7.2.1/../../../../arm-none-eabi/lib/thumb/v6-m\libc_nano.a(lib_a-signalr.o)
                0x0000b070                _kill_r
 .text._getpid_r
                0x0000b094        0x8 c:/users/xsegg/appdata/local/arduino15/packages/arduino/tools/arm-none-eabi-gcc/7-2017q4/bin/../lib/gcc/arm-none-eabi/7.2.1/../../../../arm-none-eabi/lib/thumb/v6-m\libc_nano.a(lib_a-signalr.o)
                0x0000b094                _getpid_r
 .text.__sread  0x0000b09c       0x28 c:/users/xsegg/appdata/local/arduino15/packages/arduino/tools/arm-none-eabi-gcc/7-2017q4/bin/../lib/gcc/arm-none-eabi/7.2.1/../../../../arm-none-eabi/lib/thumb/v6-m\libc_nano.a(lib_a-stdio.o)
                0x0000b09c                __sread
 .text.__swrite
                0x0000b0c4       0x38 c:/users/xsegg/appdata/local/arduino15/packages/arduino/tools/arm-none-eabi-gcc/7-2017q4/bin/../lib/gcc/arm-none-eabi/7.2.1/../../../../arm-none-eabi/lib/thumb/v6-m\libc_nano.a(lib_a-stdio.o)
                0x0000b0c4                __swrite
 .text.__sseek  0x0000b0fc       0x2c c:/users/xsegg/appdata/local/arduino15/packages/arduino/tools/arm-none-eabi-gcc/7-2017q4/bin/../lib/gcc/arm-none-eabi/7.2.1/../../../../arm-none-eabi/lib/thumb/v6-m\libc_nano.a(lib_a-stdio.o)
                0x0000b0fc                __sseek
 .text.__sclose
                0x0000b128        0xc c:/users/xsegg/appdata/local/arduino15/packages/arduino/tools/arm-none-eabi-gcc/7-2017q4/bin/../lib/gcc/arm-none-eabi/7.2.1/../../../../arm-none-eabi/lib/thumb/v6-m\libc_nano.a(lib_a-stdio.o)
                0x0000b128                __sclose
 .text._write_r
                0x0000b134       0x28 c:/users/xsegg/appdata/local/arduino15/packages/arduino/tools/arm-none-eabi-gcc/7-2017q4/bin/../lib/gcc/arm-none-eabi/7.2.1/../../../../arm-none-eabi/lib/thumb/v6-m\libc_nano.a(lib_a-writer.o)
                0x0000b134                _write_r
 .text._close_r
                0x0000b15c       0x24 c:/users/xsegg/appdata/local/arduino15/packages/arduino/tools/arm-none-eabi-gcc/7-2017q4/bin/../lib/gcc/arm-none-eabi/7.2.1/../../../../arm-none-eabi/lib/thumb/v6-m\libc_nano.a(lib_a-closer.o)
                0x0000b15c                _close_r
 .text._fstat_r
                0x0000b180       0x24 c:/users/xsegg/appdata/local/arduino15/packages/arduino/tools/arm-none-eabi-gcc/7-2017q4/bin/../lib/gcc/arm-none-eabi/7.2.1/../../../../arm-none-eabi/lib/thumb/v6-m\libc_nano.a(lib_a-fstatr.o)
                0x0000b180                _fstat_r
 .text._isatty_r
                0x0000b1a4       0x24 c:/users/xsegg/appdata/local/arduino15/packages/arduino/tools/arm-none-eabi-gcc/7-2017q4/bin/../lib/gcc/arm-none-eabi/7.2.1/../../../../arm-none-eabi/lib/thumb/v6-m\libc_nano.a(lib_a-isattyr.o)
                0x0000b1a4                _isatty_r
 .text._lseek_r
                0x0000b1c8       0x28 c:/users/xsegg/appdata/local/arduino15/packages/arduino/tools/arm-none-eabi-gcc/7-2017q4/bin/../lib/gcc/arm-none-eabi/7.2.1/../../../../arm-none-eabi/lib/thumb/v6-m\libc_nano.a(lib_a-lseekr.o)
                0x0000b1c8                _lseek_r
 .text._malloc_usable_size_r
                0x0000b1f0       0x10 c:/users/xsegg/appdata/local/arduino15/packages/arduino/tools/arm-none-eabi-gcc/7-2017q4/bin/../lib/gcc/arm-none-eabi/7.2.1/../../../../arm-none-eabi/lib/thumb/v6-m\libc_nano.a(lib_a-nano-msizer.o)
                0x0000b1f0                _malloc_usable_size_r
 .text._read_r  0x0000b200       0x28 c:/users/xsegg/appdata/local/arduino15/packages/arduino/tools/arm-none-eabi-gcc/7-2017q4/bin/../lib/gcc/arm-none-eabi/7.2.1/../../../../arm-none-eabi/lib/thumb/v6-m\libc_nano.a(lib_a-readr.o)
                0x0000b200                _read_r
 .text._close   0x0000b228       0x10 c:/users/xsegg/appdata/local/arduino15/packages/arduino/tools/arm-none-eabi-gcc/7-2017q4/bin/../lib/gcc/arm-none-eabi/7.2.1/../../../../arm-none-eabi/lib/thumb/v6-m\libnosys.a(close.o)
                0x0000b228                _close
 .text._fstat   0x0000b238       0x10 c:/users/xsegg/appdata/local/arduino15/packages/arduino/tools/arm-none-eabi-gcc/7-2017q4/bin/../lib/gcc/arm-none-eabi/7.2.1/../../../../arm-none-eabi/lib/thumb/v6-m\libnosys.a(fstat.o)
                0x0000b238                _fstat
 .text._getpid  0x0000b248       0x10 c:/users/xsegg/appdata/local/arduino15/packages/arduino/tools/arm-none-eabi-gcc/7-2017q4/bin/../lib/gcc/arm-none-eabi/7.2.1/../../../../arm-none-eabi/lib/thumb/v6-m\libnosys.a(getpid.o)
                0x0000b248                _getpid
 .text._isatty  0x0000b258       0x10 c:/users/xsegg/appdata/local/arduino15/packages/arduino/tools/arm-none-eabi-gcc/7-2017q4/bin/../lib/gcc/arm-none-eabi/7.2.1/../../../../arm-none-eabi/lib/thumb/v6-m\libnosys.a(isatty.o)
                0x0000b258                _isatty
 .text._kill    0x0000b268       0x10 c:/users/xsegg/appdata/local/arduino15/packages/arduino/tools/arm-none-eabi-gcc/7-2017q4/bin/../lib/gcc/arm-none-eabi/7.2.1/../../../../arm-none-eabi/lib/thumb/v6-m\libnosys.a(kill.o)
                0x0000b268                _kill
 .text._lseek   0x0000b278       0x10 c:/users/xsegg/appdata/local/arduino15/packages/arduino/tools/arm-none-eabi-gcc/7-2017q4/bin/../lib/gcc/arm-none-eabi/7.2.1/../../../../arm-none-eabi/lib/thumb/v6-m\libnosys.a(lseek.o)
                0x0000b278                _lseek
 .text._read    0x0000b288       0x10 c:/users/xsegg/appdata/local/arduino15/packages/arduino/tools/arm-none-eabi-gcc/7-2017q4/bin/../lib/gcc/arm-none-eabi/7.2.1/../../../../arm-none-eabi/lib/thumb/v6-m\libnosys.a(read.o)
                0x0000b288                _read
 .text._sbrk    0x0000b298       0x1c c:/users/xsegg/appdata/local/arduino15/packages/arduino/tools/arm-none-eabi-gcc/7-2017q4/bin/../lib/gcc/arm-none-eabi/7.2.1/../../../../arm-none-eabi/lib/thumb/v6-m\libnosys.a(sbrk.o)
                0x0000b298                _sbrk
 .text._write   0x0000b2b4       0x10 c:/users/xsegg/appdata/local/arduino15/packages/arduino/tools/arm-none-eabi-gcc/7-2017q4/bin/../lib/gcc/arm-none-eabi/7.2.1/../../../../arm-none-eabi/lib/thumb/v6-m\libnosys.a(write.o)
                0x0000b2b4                _write
 .text._exit    0x0000b2c4        0x4 c:/users/xsegg/appdata/local/arduino15/packages/arduino/tools/arm-none-eabi-gcc/7-2017q4/bin/../lib/gcc/arm-none-eabi/7.2.1/../../../../arm-none-eabi/lib/thumb/v6-m\libnosys.a(_exit.o)
                0x0000b2c4                _exit
 *(.init)
 .init          0x0000b2c8        0x4 c:/users/xsegg/appdata/local/arduino15/packages/arduino/tools/arm-none-eabi-gcc/7-2017q4/bin/../lib/gcc/arm-none-eabi/7.2.1/thumb/v6-m/crti.o
                0x0000b2c8                _init
 .init          0x0000b2cc        0x8 c:/users/xsegg/appdata/local/arduino15/packages/arduino/tools/arm-none-eabi-gcc/7-2017q4/bin/../lib/gcc/arm-none-eabi/7.2.1/thumb/v6-m/crtn.o
 *(.fini)
 .fini          0x0000b2d4        0x4 c:/users/xsegg/appdata/local/arduino15/packages/arduino/tools/arm-none-eabi-gcc/7-2017q4/bin/../lib/gcc/arm-none-eabi/7.2.1/thumb/v6-m/crti.o
                0x0000b2d4                _fini
 .fini          0x0000b2d8        0x8 c:/users/xsegg/appdata/local/arduino15/packages/arduino/tools/arm-none-eabi-gcc/7-2017q4/bin/../lib/gcc/arm-none-eabi/7.2.1/thumb/v6-m/crtn.o
 *crtbegin.o(.ctors)
 *crtbegin?.o(.ctors)
 *(EXCLUDE_FILE(*crtend.o *crtend?.o) .ctors)
 *(SORT_BY_NAME(.ctors.*))
 *(.ctors)
 *crtbegin.o(.dtors)
 *crtbegin?.o(.dtors)
 *(EXCLUDE_FILE(*crtend.o *crtend?.o) .dtors)
 *(SORT_BY_NAME(.dtors.*))
 *(.dtors)
 *(.rodata*)
 .rodata._Z10attachPinsv.str1.1
                0x0000b2e0       0x24 Z:\Documents\Git\motoractuatedvalve-controller\build\sketch\Controller.ino.cpp.o
 .rodata._Z14readRawEncDataP7Encoder.str1.1
                0x0000b304       0x13 Z:\Documents\Git\motoractuatedvalve-controller\build\sketch\Controller.ino.cpp.o
 .rodata._Z5errorb.str1.1
                0x0000b317       0x47 Z:\Documents\Git\motoractuatedvalve-controller\build\sketch\Controller.ino.cpp.o
 .rodata._Z6getPosP7Encoder.str1.1
                0x0000b35e       0x12 Z:\Documents\Git\motoractuatedvalve-controller\build\sketch\Controller.ino.cpp.o
                                 0x19 (size before relaxing)
 .rodata._Z8sPrintlnv.str1.1
                0x0000b370        0x3 Z:\Documents\Git\motoractuatedvalve-controller\build\sketch\Controller.ino.cpp.o
 *fill*         0x0000b373        0x1 
 .rodata._ZL11STATUS_NAME
                0x0000b374       0x20 Z:\Documents\Git\motoractuatedvalve-controller\build\sketch\Controller.ino.cpp.o
 .rodata._ZL8ERR_NAME
                0x0000b394       0x3c Z:\Documents\Git\motoractuatedvalve-controller\build\sketch\Controller.ino.cpp.o
 .rodata.loop.str1.1
                0x0000b3d0       0x48 Z:\Documents\Git\motoractuatedvalve-controller\build\sketch\Controller.ino.cpp.o
                                 0x4d (size before relaxing)
 .rodata.setup.str1.1
                0x0000b418       0x1d Z:\Documents\Git\motoractuatedvalve-controller\build\sketch\Controller.ino.cpp.o
 .rodata.str1.1
                0x0000b435       0x9b Z:\Documents\Git\motoractuatedvalve-controller\build\sketch\Controller.ino.cpp.o
                                 0x9c (size before relaxing)
 .rodata.CSWTCH.24
                0x0000b4d0        0x3 Z:\Documents\Git\motoractuatedvalve-controller\build\libraries\SPI\SPI.cpp.o
 .rodata._ZN12SPIClassSAMD4initEv.str1.1
                0x0000b4d3        0x9 Z:\Documents\Git\motoractuatedvalve-controller\build\libraries\SPI\SPI.cpp.o
 .rodata._ZN12SPIClassSAMD5beginEv.str1.1
                0x0000b4dc       0x13 Z:\Documents\Git\motoractuatedvalve-controller\build\libraries\SPI\SPI.cpp.o
 .rodata._ZN12SPIClassSAMDC2EP6SERCOMhhh14SercomSpiTXPad11SercomRXPad.str1.1
                0x0000b4ef       0x74 Z:\Documents\Git\motoractuatedvalve-controller\build\libraries\SPI\SPI.cpp.o
 *fill*         0x0000b563        0x1 
 .rodata._ZTV12SPIClassSAMD
                0x0000b564       0x3c Z:\Documents\Git\motoractuatedvalve-controller\build\libraries\SPI\SPI.cpp.o
                0x0000b564                vtable for SPIClassSAMD
 .rodata._ZZN12SPIClassSAMDC4EP6SERCOMhhh14SercomSpiTXPad11SercomRXPadE19__PRETTY_FUNCTION__
                0x0000b5a0       0x5c Z:\Documents\Git\motoractuatedvalve-controller\build\libraries\SPI\SPI.cpp.o
 .rodata.g_APinDescription
                0x0000b5fc      0x318 Z:\Documents\Git\motoractuatedvalve-controller\build\core\variant.cpp.o
                0x0000b5fc                g_APinDescription
 .rodata._ZTV4Uart
                0x0000b914       0x34 Z:\Documents\Git\motoractuatedvalve-controller\build/core\core.a(Uart.cpp.o)
                0x0000b914                vtable for Uart
 .rodata._ZN7arduino5Print10printFloatEdi.str1.1
                0x0000b948        0xe Z:\Documents\Git\motoractuatedvalve-controller\build/core\core.a(Print.cpp.o)
 .rodata._ZN7arduino5Print7printlnEv.str1.1
                0x0000b956        0x3 Z:\Documents\Git\motoractuatedvalve-controller\build/core\core.a(Print.cpp.o)
 .rodata._ZN7arduino6Stream10readStringEv.str1.1
                0x0000b956        0x1 Z:\Documents\Git\motoractuatedvalve-controller\build/core\core.a(Stream.cpp.o)
 *fill*         0x0000b956        0x2 
 .rodata._ZTV26DoubleBufferedEPOutHandler
                0x0000b958       0x24 Z:\Documents\Git\motoractuatedvalve-controller\build/core\core.a(USBCore.cpp.o)
                0x0000b958                vtable for DoubleBufferedEPOutHandler
 .rodata._ZL14STRING_PRODUCT
                0x0000b97c       0x14 Z:\Documents\Git\motoractuatedvalve-controller\build/core\core.a(USBCore.cpp.o)
 .rodata._ZL15STRING_LANGUAGE
                0x0000b990        0x4 Z:\Documents\Git\motoractuatedvalve-controller\build/core\core.a(USBCore.cpp.o)
 .rodata._ZL19STRING_MANUFACTURER
                0x0000b994        0xc Z:\Documents\Git\motoractuatedvalve-controller\build/core\core.a(USBCore.cpp.o)
 .rodata._ZL21USB_DeviceDescriptorB
                0x0000b9a0       0x12 Z:\Documents\Git\motoractuatedvalve-controller\build/core\core.a(USBCore.cpp.o)
 *fill*         0x0000b9b2        0x2 
 .rodata._ZTV7Serial_
                0x0000b9b4       0x60 Z:\Documents\Git\motoractuatedvalve-controller\build/core\core.a(CDC.cpp.o)
                0x0000b9b4                vtable for Serial_
 .rodata        0x0000ba14       0x80 c:/users/xsegg/appdata/local/arduino15/packages/arduino/tools/arm-none-eabi-gcc/7-2017q4/bin/../lib/gcc/arm-none-eabi/7.2.1/thumb/v6-m\libgcc.a(divsf3.o)
 .rodata        0x0000ba94       0x40 c:/users/xsegg/appdata/local/arduino15/packages/arduino/tools/arm-none-eabi-gcc/7-2017q4/bin/../lib/gcc/arm-none-eabi/7.2.1/thumb/v6-m\libgcc.a(mulsf3.o)
 .rodata        0x0000bad4       0x40 c:/users/xsegg/appdata/local/arduino15/packages/arduino/tools/arm-none-eabi-gcc/7-2017q4/bin/../lib/gcc/arm-none-eabi/7.2.1/thumb/v6-m\libgcc.a(divdf3.o)
 .rodata        0x0000bb14       0x40 c:/users/xsegg/appdata/local/arduino15/packages/arduino/tools/arm-none-eabi-gcc/7-2017q4/bin/../lib/gcc/arm-none-eabi/7.2.1/thumb/v6-m\libgcc.a(muldf3.o)
 .rodata.__assert_func.str1.1
                0x0000bb54       0x3c c:/users/xsegg/appdata/local/arduino15/packages/arduino/tools/arm-none-eabi-gcc/7-2017q4/bin/../lib/gcc/arm-none-eabi/7.2.1/../../../../arm-none-eabi/lib/thumb/v6-m\libc_nano.a(lib_a-assert.o)
                                 0x3d (size before relaxing)
 .rodata._global_impure_ptr