Archive member included to satisfy reference by file (symbol)

Z:\Documents\Git\motoractuatedvalve-controller\build/core\core.a(SERCOM.cpp.o)
                              Z:\Documents\Git\motoractuatedvalve-controller\build\core\variant.cpp.o (SERCOM::SERCOM(Sercom*))
Z:\Documents\Git\motoractuatedvalve-controller\build/core\core.a(Uart.cpp.o)
                              Z:\Documents\Git\motoractuatedvalve-controller\build\sketch\Serial1Test.ino.cpp.o (Uart::begin(unsigned long))
Z:\Documents\Git\motoractuatedvalve-controller\build/core\core.a(Print.cpp.o)
                              Z:\Documents\Git\motoractuatedvalve-controller\build/core\core.a(Uart.cpp.o) (arduino::Print::write(unsigned char const*, unsigned int))
Z:\Documents\Git\motoractuatedvalve-controller\build/core\core.a(cortex_handlers.c.o)
                              (Reset_Handler)
Z:\Documents\Git\motoractuatedvalve-controller\build/core\core.a(delay.c.o)
                              Z:\Documents\Git\motoractuatedvalve-controller\build\sketch\Serial1Test.ino.cpp.o (delay)
Z:\Documents\Git\motoractuatedvalve-controller\build/core\core.a(hooks.c.o)
                              Z:\Documents\Git\motoractuatedvalve-controller\build/core\core.a(delay.c.o) (yield)
Z:\Documents\Git\motoractuatedvalve-controller\build/core\core.a(main.cpp.o)
                              c:/users/xsegg/appdata/local/arduino15/packages/arduino/tools/arm-none-eabi-gcc/7-2017q4/bin/../lib/gcc/arm-none-eabi/7.2.1/../../../../arm-none-eabi/lib/thumb/v6-m/crt0.o (main)
Z:\Documents\Git\motoractuatedvalve-controller\build/core\core.a(new.cpp.o)
                              Z:\Documents\Git\motoractuatedvalve-controller\build\sketch\Serial1Test.ino.cpp.o (operator delete(void*))
Z:\Documents\Git\motoractuatedvalve-controller\build/core\core.a(startup.c.o)
                              Z:\Documents\Git\motoractuatedvalve-controller\build/core\core.a(cortex_handlers.c.o) (SystemInit)
Z:\Documents\Git\motoractuatedvalve-controller\build/core\core.a(wiring.c.o)
                              Z:\Documents\Git\motoractuatedvalve-controller\build/core\core.a(main.cpp.o) (init)
Z:\Documents\Git\motoractuatedvalve-controller\build/core\core.a(wiring_analog.c.o)
                              Z:\Documents\Git\motoractuatedvalve-controller\build/core\core.a(wiring.c.o) (analogReference)
Z:\Documents\Git\motoractuatedvalve-controller\build/core\core.a(wiring_digital.c.o)
                              Z:\Documents\Git\motoractuatedvalve-controller\build\sketch\Serial1Test.ino.cpp.o (pinMode)
Z:\Documents\Git\motoractuatedvalve-controller\build/core\core.a(wiring_private.c.o)
                              Z:\Documents\Git\motoractuatedvalve-controller\build\libraries\SPI\SPI.cpp.o (pinPeripheral)
Z:\Documents\Git\motoractuatedvalve-controller\build/core\core.a(Reset.cpp.o)
                              Z:\Documents\Git\motoractuatedvalve-controller\build/core\core.a(delay.c.o) (tickReset)
Z:\Documents\Git\motoractuatedvalve-controller\build/core\core.a(USBCore.cpp.o)
                              Z:\Documents\Git\motoractuatedvalve-controller\build/core\core.a(main.cpp.o) (USBDeviceClass::attach())
Z:\Documents\Git\motoractuatedvalve-controller\build/core\core.a(abi.cpp.o)
                              Z:\Documents\Git\motoractuatedvalve-controller\build/core\core.a(Print.cpp.o) (__cxa_pure_virtual)
Z:\Documents\Git\motoractuatedvalve-controller\build/core\core.a(PluggableUSB.cpp.o)
                              Z:\Documents\Git\motoractuatedvalve-controller\build/core\core.a(USBCore.cpp.o) (arduino::PluggableUSB_::getInterface(unsigned char*))
Z:\Documents\Git\motoractuatedvalve-controller\build/core\core.a(CDC.cpp.o)
                              Z:\Documents\Git\motoractuatedvalve-controller\build/core\core.a(USBCore.cpp.o) (Serial_::begin(unsigned long))
c:/users/xsegg/appdata/local/arduino15/packages/arduino/tools/arm-none-eabi-gcc/7-2017q4/bin/../lib/gcc/arm-none-eabi/7.2.1/../../../../arm-none-eabi/lib/thumb/v6-m\libstdc++_nano.a(atexit_arm.o)
                              Z:\Documents\Git\motoractuatedvalve-controller\build\sketch\Serial1Test.ino.cpp.o (__aeabi_atexit)
c:/users/xsegg/appdata/local/arduino15/packages/arduino/tools/arm-none-eabi-gcc/7-2017q4/bin/../lib/gcc/arm-none-eabi/7.2.1/thumb/v6-m\libgcc.a(_thumb1_case_uqi.o)
                              Z:\Documents\Git\motoractuatedvalve-controller\build\libraries\SPI\SPI.cpp.o (__gnu_thumb1_case_uqi)
c:/users/xsegg/appdata/local/arduino15/packages/arduino/tools/arm-none-eabi-gcc/7-2017q4/bin/../lib/gcc/arm-none-eabi/7.2.1/thumb/v6-m\libgcc.a(_udivsi3.o)
                              Z:\Documents\Git\motoractuatedvalve-controller\build/core\core.a(SERCOM.cpp.o) (__aeabi_uidiv)
c:/users/xsegg/appdata/local/arduino15/packages/arduino/tools/arm-none-eabi-gcc/7-2017q4/bin/../lib/gcc/arm-none-eabi/7.2.1/thumb/v6-m\libgcc.a(_divsi3.o)
[...]
Memory Configuration

Name             Origin             Length             Attributes
FLASH            0x00002000         0x0003e000         xr
RAM              0x20000000         0x00008000         xrw
*default*        0x00000000         0xffffffff

Linker script and memory map

LOAD c:/users/xsegg/appdata/local/arduino15/packages/arduino/tools/arm-none-eabi-gcc/7-2017q4/bin/../lib/gcc/arm-none-eabi/7.2.1/thumb/v6-m/crti.o
LOAD c:/users/xsegg/appdata/local/arduino15/packages/arduino/tools/arm-none-eabi-gcc/7-2017q4/bin/../lib/gcc/arm-none-eabi/7.2.1/thumb/v6-m/crtbegin.o
LOAD c:/users/xsegg/appdata/local/arduino15/packages/arduino/tools/arm-none-eabi-gcc/7-2017q4/bin/../lib/gcc/arm-none-eabi/7.2.1/../../../../arm-none-eabi/lib/thumb/v6-m/crt0.o
LOAD Z:\Documents\Git\motoractuatedvalve-controller\build\sketch\Serial1Test.ino.cpp.o
LOAD Z:\Documents\Git\motoractuatedvalve-controller\build\libraries\SPI\SPI.cpp.o
LOAD Z:\Documents\Git\motoractuatedvalve-controller\build\core\variant.cpp.o
START GROUP
LOAD C:\Users\xsegg\AppData\Local\Arduino15\packages\arduino\tools\CMSIS\4.5.0/CMSIS/Lib/GCC/\libarm_cortexM0l_math.a
LOAD Z:\Documents\Git\motoractuatedvalve-controller\build/core\core.a
END GROUP
LOAD c:/users/xsegg/appdata/local/arduino15/packages/arduino/tools/arm-none-eabi-gcc/7-2017q4/bin/../lib/gcc/arm-none-eabi/7.2.1/../../../../arm-none-eabi/lib/thumb/v6-m\libstdc++_nano.a
LOAD c:/users/xsegg/appdata/local/arduino15/packages/arduino/tools/arm-none-eabi-gcc/7-2017q4/bin/../lib/gcc/arm-none-eabi/7.2.1/../../../../arm-none-eabi/lib/thumb/v6-m\libm.a
START GROUP
LOAD c:/users/xsegg/appdata/local/arduino15/packages/arduino/tools/arm-none-eabi-gcc/7-2017q4/bin/../lib/gcc/arm-none-eabi/7.2.1/thumb/v6-m\libgcc.a
LOAD c:/users/xsegg/appdata/local/arduino15/packages/arduino/tools/arm-none-eabi-gcc/7-2017q4/bin/../lib/gcc/arm-none-eabi/7.2.1/../../../../arm-none-eabi/lib/thumb/v6-m\libc_nano.a
END GROUP
START GROUP
LOAD c:/users/xsegg/appdata/local/arduino15/packages/arduino/tools/arm-none-eabi-gcc/7-2017q4/bin/../lib/gcc/arm-none-eabi/7.2.1/thumb/v6-m\libgcc.a
LOAD c:/users/xsegg/appdata/local/arduino15/packages/arduino/tools/arm-none-eabi-gcc/7-2017q4/bin/../lib/gcc/arm-none-eabi/7.2.1/../../../../arm-none-eabi/lib/thumb/v6-m\libc_nano.a
LOAD c:/users/xsegg/appdata/local/arduino15/packages/arduino/tools/arm-none-eabi-gcc/7-2017q4/bin/../lib/gcc/arm-none-eabi/7.2.1/../../../../arm-none-eabi/lib/thumb/v6-m\libnosys.a
END GROUP
START GROUP
LOAD c:/users/xsegg/appdata/local/arduino15/packages/arduino/tools/arm-none-eabi-gcc/7-2017q4/bin/../lib/gcc/arm-none-eabi/7.2.1/thumb/v6-m\libgcc.a
LOAD c:/users/xsegg/appdata/local/arduino15/packages/arduino/tools/arm-none-eabi-gcc/7-2017q4/bin/../lib/gcc/arm-none-eabi/7.2.1/../../../../arm-none-eabi/lib/thumb/v6-m\libc_nano.a
LOAD c:/users/xsegg/appdata/local/arduino15/packages/arduino/tools/arm-none-eabi-gcc/7-2017q4/bin/../lib/gcc/arm-none-eabi/7.2.1/../../../../arm-none-eabi/lib/thumb/v6-m\libnosys.a
END GROUP
LOAD c:/users/xsegg/appdata/local/arduino15/packages/arduino/tools/arm-none-eabi-gcc/7-2017q4/bin/../lib/gcc/arm-none-eabi/7.2.1/thumb/v6-m/crtend.o
LOAD c:/users/xsegg/appdata/local/arduino15/packages/arduino/tools/arm-none-eabi-gcc/7-2017q4/bin/../lib/gcc/arm-none-eabi/7.2.1/thumb/v6-m/crtn.o

.text           0x00002000     0x4298
                0x00002000                __text_start__ = .
 *(.sketch_boot)
                0x00002000                . = ALIGN (0x2000)
 *(.isr_vector)
 .isr_vector    0x00002000       0xb4 Z:\Documents\Git\motoractuatedvalve-controller\build/core\core.a(cortex_handlers.c.o)
                0x00002000                exception_table
 *(.text*)
 .text          0x000020b4       0x48 c:/users/xsegg/appdata/local/arduino15/packages/arduino/tools/arm-none-eabi-gcc/7-2017q4/bin/../lib/gcc/arm-none-eabi/7.2.1/thumb/v6-m/crtbegin.o
 .text._ZN12SPIClassSAMDD2Ev
                0x000020fc        0x2 Z:\Documents\Git\motoractuatedvalve-controller\build\sketch\Serial1Test.ino.cpp.o
                0x000020fc                SPIClassSAMD::~SPIClassSAMD()
                0x000020fc                SPIClassSAMD::~SPIClassSAMD()
 *fill*         0x000020fe        0x2 
 .text.loop     0x00002100      0x114 Z:\Documents\Git\motoractuatedvalve-controller\build\sketch\Serial1Test.ino.cpp.o
                0x00002100                loop
 .text._ZN12SPIClassSAMDD0Ev
                0x00002214        0xc Z:\Documents\Git\motoractuatedvalve-controller\build\sketch\Serial1Test.ino.cpp.o
                0x00002214                SPIClassSAMD::~SPIClassSAMD()
 .text.startup._GLOBAL__sub_I_mySPI
                0x00002220       0x38 Z:\Documents\Git\motoractuatedvalve-controller\build\sketch\Serial1Test.ino.cpp.o
 .text.setup    0x00002258       0x34 Z:\Documents\Git\motoractuatedvalve-controller\build\sketch\Serial1Test.ino.cpp.o
                0x00002258                setup
 .text._ZN12SPIClassSAMD8transferEPvj
                0x0000228c       0x1e Z:\Documents\Git\motoractuatedvalve-controller\build\libraries\SPI\SPI.cpp.o
                0x0000228c                SPIClassSAMD::transfer(void*, unsigned int)
 .text._ZN12SPIClassSAMD15attachInterruptEv
                0x000022aa        0x2 Z:\Documents\Git\motoractuatedvalve-controller\build\libraries\SPI\SPI.cpp.o
                0x000022aa                SPIClassSAMD::detachInterrupt()
                0x000022aa                SPIClassSAMD::attachInterrupt()
 .text._ZN12SPIClassSAMD3endEv
                0x000022ac       0x10 Z:\Documents\Git\motoractuatedvalve-controller\build\libraries\SPI\SPI.cpp.o
                0x000022ac                SPIClassSAMD::end()
 .text._ZN12SPIClassSAMD8transferEh
                0x000022bc        0xa Z:\Documents\Git\motoractuatedvalve-controller\build\libraries\SPI\SPI.cpp.o
                0x000022bc                SPIClassSAMD::transfer(unsigned char)
 .text._ZN12SPIClassSAMD10transfer16Et
                0x000022c6       0x58 Z:\Documents\Git\motoractuatedvalve-controller\build\libraries\SPI\SPI.cpp.o
                0x000022c6                SPIClassSAMD::transfer16(unsigned short)
 *fill*         0x0000231e        0x2 
 .text._ZN12SPIClassSAMD14usingInterruptEi
                0x00002320       0x44 Z:\Documents\Git\motoractuatedvalve-controller\build\libraries\SPI\SPI.cpp.o
                0x00002320                SPIClassSAMD::usingInterrupt(int)
 .text._ZN12SPIClassSAMD17notUsingInterruptEi
                0x00002364       0x3c Z:\Documents\Git\motoractuatedvalve-controller\build\libraries\SPI\SPI.cpp.o
                0x00002364                SPIClassSAMD::notUsingInterrupt(int)
 .text._ZN12SPIClassSAMD14endTransactionEv
                0x000023a0       0x28 Z:\Documents\Git\motoractuatedvalve-controller\build\libraries\SPI\SPI.cpp.o
                0x000023a0                SPIClassSAMD::endTransaction()
 .text._ZN12SPIClassSAMDC2EP6SERCOMhhh14SercomSpiTXPad11SercomRXPad
                0x000023c8       0x54 Z:\Documents\Git\motoractuatedvalve-controller\build\libraries\SPI\SPI.cpp.o
                0x000023c8                SPIClassSAMD::SPIClassSAMD(SERCOM*, unsigned char, unsigned char, unsigned char, SercomSpiTXPad, SercomRXPad)
                0x000023c8                SPIClassSAMD::SPIClassSAMD(SERCOM*, unsigned char, unsigned char, unsigned char, SercomSpiTXPad, SercomRXPad)
 .text._ZN12SPIClassSAMD4initEv
                0x0000241c       0x12 Z:\Documents\Git\motoractuatedvalve-controller\build\libraries\SPI\SPI.cpp.o
                0x0000241c                SPIClassSAMD::init()
 *fill*         0x0000242e        0x2 
 .text._ZN12SPIClassSAMD6configEN7arduino11SPISettingsE
                0x00002430       0x74 Z:\Documents\Git\motoractuatedvalve-controller\build\libraries\SPI\SPI.cpp.o
                0x00002430                SPIClassSAMD::config(arduino::SPISettings)
 .text._ZN12SPIClassSAMD5beginEv
                0x000024a4       0x50 Z:\Documents\Git\motoractuatedvalve-controller\build\libraries\SPI\SPI.cpp.o
                0x000024a4                SPIClassSAMD::begin()
 .text._ZN12SPIClassSAMD16beginTransactionEN7arduino11SPISettingsE
                0x000024f4       0x38 Z:\Documents\Git\motoractuatedvalve-controller\build\libraries\SPI\SPI.cpp.o
                0x000024f4                SPIClassSAMD::beginTransaction(arduino::SPISettings)
 .text.startup._GLOBAL__sub_I__ZN12SPIClassSAMDC2EP6SERCOMhhh14SercomSpiTXPad11SercomRXPad
                0x0000252c       0x98 Z:\Documents\Git\motoractuatedvalve-controller\build\libraries\SPI\SPI.cpp.o
 .text.initVariant
                0x000025c4       0x24 Z:\Documents\Git\motoractuatedvalve-controller\build\core\variant.cpp.o
                0x000025c4                initVariant
 .text.SERCOM5_Handler
                0x000025e8       0x10 Z:\Documents\Git\motoractuatedvalve-controller\build\core\variant.cpp.o
                0x000025e8                SERCOM5_Handler
 .text.SERCOM3_Handler
                0x000025f8       0x10 Z:\Documents\Git\motoractuatedvalve-controller\build\core\variant.cpp.o
                0x000025f8                SERCOM3_Handler
 .text.SERCOM2_Handler
                0x00002608       0x10 Z:\Documents\Git\motoractuatedvalve-controller\build\core\variant.cpp.o
                0x00002608                SERCOM2_Handler
 .text.startup._GLOBAL__sub_I_g_APinDescription
                0x00002618       0xbc Z:\Documents\Git\motoractuatedvalve-controller\build\core\variant.cpp.o
 .text._ZN6SERCOMC2EP6Sercom
                0x000026d4        0x8 Z:\Documents\Git\motoractuatedvalve-controller\build/core\core.a(SERCOM.cpp.o)
                0x000026d4                SERCOM::SERCOM(Sercom*)
                0x000026d4                SERCOM::SERCOM(Sercom*)
 .text._ZN6SERCOM9initFrameE18SercomUartCharSize15SercomDataOrder16SercomParityMode19SercomNumberStopBit
                0x000026dc       0x3a Z:\Documents\Git\motoractuatedvalve-controller\build/core\core.a(SERCOM.cpp.o)
                0x000026dc                SERCOM::initFrame(SercomUartCharSize, SercomDataOrder, SercomParityMode, SercomNumberStopBit)
 .text._ZN6SERCOM8initPadsE15SercomUartTXPad11SercomRXPad
                0x00002716       0x26 Z:\Documents\Git\motoractuatedvalve-controller\build/core\core.a(SERCOM.cpp.o)
                0x00002716                SERCOM::initPads(SercomUartTXPad, SercomRXPad)
 .text._ZN6SERCOM9resetUARTEv
                0x0000273c       0x1a Z:\Documents\Git\motoractuatedvalve-controller\build/core\core.a(SERCOM.cpp.o)
                0x0000273c                SERCOM::resetUART()
 .text._ZN6SERCOM10enableUARTEv
                0x00002756       0x14 Z:\Documents\Git\motoractuatedvalve-controller\build/core\core.a(SERCOM.cpp.o)
                0x00002756                SERCOM::enableUART()
 .text._ZN6SERCOM9flushUARTEv
                0x0000276a       0x14 Z:\Documents\Git\motoractuatedvalve-controller\build/core\core.a(SERCOM.cpp.o)
                0x0000276a                SERCOM::flushUART()
 .text._ZN6SERCOM15clearStatusUARTEv
                0x0000277e        0x8 Z:\Documents\Git\motoractuatedvalve-controller\build/core\core.a(SERCOM.cpp.o)
                0x0000277e                SERCOM::clearStatusUART()
 .text._ZN6SERCOM17availableDataUARTEv
                0x00002786        0xa Z:\Documents\Git\motoractuatedvalve-controller\build/core\core.a(SERCOM.cpp.o)
                0x00002786                SERCOM::availableDataUART()
 .text._ZN6SERCOM11isUARTErrorEv
                0x00002790        0x8 Z:\Documents\Git\motoractuatedvalve-controller\build/core\core.a(SERCOM.cpp.o)
                0x00002790                SERCOM::isUARTError()
 .text._ZN6SERCOM20acknowledgeUARTErrorEv
                0x00002798        0xe Z:\Documents\Git\motoractuatedvalve-controller\build/core\core.a(SERCOM.cpp.o)
                0x00002798                SERCOM::acknowledgeUARTError()
 .text._ZN6SERCOM16isFrameErrorUARTEv
                0x000027a6        0xa Z:\Documents\Git\motoractuatedvalve-controller\build/core\core.a(SERCOM.cpp.o)
                0x000027a6                SERCOM::isFrameErrorUART()
 .text._ZN6SERCOM19clearFrameErrorUARTEv
                0x000027b0        0xc Z:\Documents\Git\motoractuatedvalve-controller\build/core\core.a(SERCOM.cpp.o)
                0x000027b0                SERCOM::clearFrameErrorUART()
 .text._ZN6SERCOM23isDataRegisterEmptyUARTEv
                0x000027bc        0xa Z:\Documents\Git\motoractuatedvalve-controller\build/core\core.a(SERCOM.cpp.o)
                0x000027bc                SERCOM::isDataRegisterEmptyUART()
 .text._ZN6SERCOM12readDataUARTEv
                0x000027c6        0x8 Z:\Documents\Git\motoractuatedvalve-controller\build/core\core.a(SERCOM.cpp.o)
                0x000027c6                SERCOM::readDataUART()
 .text._ZN6SERCOM13writeDataUARTEh
                0x000027ce       0x14 Z:\Documents\Git\motoractuatedvalve-controller\build/core\core.a(SERCOM.cpp.o)
                0x000027ce                SERCOM::writeDataUART(unsigned char)
 .text._ZN6SERCOM36enableDataRegisterEmptyInterruptUARTEv
                0x000027e2        0x8 Z:\Documents\Git\motoractuatedvalve-controller\build/core\core.a(SERCOM.cpp.o)
                0x000027e2                SERCOM::enableDataRegisterEmptyInterruptUART()
 .text._ZN6SERCOM37disableDataRegisterEmptyInterruptUARTEv
                0x000027ea        0x8 Z:\Documents\Git\motoractuatedvalve-controller\build/core\core.a(SERCOM.cpp.o)
                0x000027ea                SERCOM::disableDataRegisterEmptyInterruptUART()
 *fill*         0x000027f2        0x2 
 .text._ZN6SERCOM12initSPIClockE18SercomSpiClockModem
                0x000027f4       0x30 Z:\Documents\Git\motoractuatedvalve-controller\build/core\core.a(SERCOM.cpp.o)
                0x000027f4                SERCOM::initSPIClock(SercomSpiClockMode, unsigned long)
 .text._ZN6SERCOM8resetSPIEv
                0x00002824       0x1a Z:\Documents\Git\motoractuatedvalve-controller\build/core\core.a(SERCOM.cpp.o)
                0x00002824                SERCOM::resetSPI()
 .text._ZN6SERCOM9enableSPIEv
                0x0000283e       0x14 Z:\Documents\Git\motoractuatedvalve-controller\build/core\core.a(SERCOM.cpp.o)
                0x0000283e                SERCOM::enableSPI()
 .text._ZN6SERCOM10disableSPIEv
                0x00002852       0x12 Z:\Documents\Git\motoractuatedvalve-controller\build/core\core.a(SERCOM.cpp.o)
                0x00002852                SERCOM::disableSPI()
 .text._ZN6SERCOM15getDataOrderSPIEv
                0x00002864        0xa Z:\Documents\Git\motoractuatedvalve-controller\build/core\core.a(SERCOM.cpp.o)
                0x00002864                SERCOM::getDataOrderSPI()
 .text._ZN6SERCOM15transferDataSPIEh
                0x0000286e       0x1a Z:\Documents\Git\motoractuatedvalve-controller\build/core\core.a(SERCOM.cpp.o)
                0x0000286e                SERCOM::transferDataSPI(unsigned char)
 .text._ZN6SERCOM13initClockNVICEv
                0x00002888       0xa8 Z:\Documents\Git\motoractuatedvalve-controller\build/core\core.a(SERCOM.cpp.o)
                0x00002888                SERCOM::initClockNVIC()
 .text._ZN6SERCOM8initUARTE14SercomUartMode20SercomUartSampleRatem
                0x00002930       0x6c Z:\Documents\Git\motoractuatedvalve-controller\build/core\core.a(SERCOM.cpp.o)
                0x00002930                SERCOM::initUART(SercomUartMode, SercomUartSampleRate, unsigned long)
 .text._ZN6SERCOM7initSPIE14SercomSpiTXPad11SercomRXPad17SercomSpiCharSize15SercomDataOrder
                0x0000299c       0x4a Z:\Documents\Git\motoractuatedvalve-controller\build/core\core.a(SERCOM.cpp.o)
                0x0000299c                SERCOM::initSPI(SercomSpiTXPad, SercomRXPad, SercomSpiCharSize, SercomDataOrder)
 .text._ZN4UartcvbEv
                0x000029e6        0x4 Z:\Documents\Git\motoractuatedvalve-controller\build/core\core.a(Uart.cpp.o)
                0x000029e6                Uart::operator bool()
 *fill*         0x000029ea        0x2 
 .text._ZN4Uart5beginEm
                0x000029ec       0x10 Z:\Documents\Git\motoractuatedvalve-controller\build/core\core.a(Uart.cpp.o)
                0x000029ec                Uart::begin(unsigned long)
 .text._ZN4Uart9availableEv
                0x000029fc        0x6 Z:\Documents\Git\motoractuatedvalve-controller\build/core\core.a(Uart.cpp.o)
                0x000029fc                Uart::available()
 .text._ZN4Uart17availableForWriteEv
                0x00002a02       0x10 Z:\Documents\Git\motoractuatedvalve-controller\build/core\core.a(Uart.cpp.o)
                0x00002a02                Uart::availableForWrite()
 .text._ZN4Uart4peekEv
                0x00002a12       0x18 Z:\Documents\Git\motoractuatedvalve-controller\build/core\core.a(Uart.cpp.o)
                0x00002a12                Uart::peek()
 .text._ZN4Uart3endEv
                0x00002a2a       0x24 Z:\Documents\Git\motoractuatedvalve-controller\build/core\core.a(Uart.cpp.o)
                0x00002a2a                Uart::end()
 .text._ZN4Uart5flushEv
                0x00002a4e       0x16 Z:\Documents\Git\motoractuatedvalve-controller\build/core\core.a(Uart.cpp.o)
                0x00002a4e                Uart::flush()
 .text._ZN7__GuardD2Ev
                0x00002a64        0xe Z:\Documents\Git\motoractuatedvalve-controller\build/core\core.a(Uart.cpp.o)
                0x00002a64                __Guard::~__Guard()
                0x00002a64                __Guard::~__Guard()
 .text._ZN4Uart16extractNbStopBitEt
                0x00002a72        0xc Z:\Documents\Git\motoractuatedvalve-controller\build/core\core.a(Uart.cpp.o)
                0x00002a72                Uart::extractNbStopBit(unsigned short)
 .text._ZN4Uart15extractCharSizeEt
                0x00002a7e       0x28 Z:\Documents\Git\motoractuatedvalve-controller\build/core\core.a(Uart.cpp.o)
                0x00002a7e                Uart::extractCharSize(unsigned short)
 .text._ZN4Uart13extractParityEt
                0x00002aa6       0x14 Z:\Documents\Git\motoractuatedvalve-controller\build/core\core.a(Uart.cpp.o)
                0x00002aa6                Uart::extractParity(unsigned short)
 *fill*         0x00002aba        0x2 
 .text._ZN4Uart5beginEmt
                0x00002abc       0xf8 Z:\Documents\Git\motoractuatedvalve-controller\build/core\core.a(Uart.cpp.o)
                0x00002abc                Uart::begin(unsigned long, unsigned short)
 .text._ZN7arduino11RingBufferNILi256EEC2Ev
                0x00002bb4       0x1e Z:\Documents\Git\motoractuatedvalve-controller\build/core\core.a(Uart.cpp.o)
                0x00002bb4                arduino::RingBufferN<256>::RingBufferN()
                0x00002bb4                arduino::RingBufferN<256>::RingBufferN()
 *fill*         0x00002bd2        0x2 
 .text._ZN4UartC2EP6SERCOMhh11SercomRXPad15SercomUartTXPadhh
                0x00002bd4       0x88 Z:\Documents\Git\motoractuatedvalve-controller\build/core\core.a(Uart.cpp.o)
                0x00002bd4                Uart::Uart(SERCOM*, unsigned char, unsigned char, SercomRXPad, SercomUartTXPad, unsigned char, unsigned char)
                0x00002bd4                Uart::Uart(SERCOM*, unsigned char, unsigned char, SercomRXPad, SercomUartTXPad, unsigned char, unsigned char)
 .text._ZN4UartC2EP6SERCOMhh11SercomRXPad15SercomUartTXPad
                0x00002c5c       0x74 Z:\Documents\Git\motoractuatedvalve-controller\build/core\core.a(Uart.cpp.o)
                0x00002c5c                Uart::Uart(SERCOM*, unsigned char, unsigned char, SercomRXPad, SercomUartTXPad)
                0x00002c5c                Uart::Uart(SERCOM*, unsigned char, unsigned char, SercomRXPad, SercomUartTXPad)
 .text._ZN7arduino15SafeRingBufferNILi256EE10store_charEh
                0x00002cd0       0x4a Z:\Documents\Git\motoractuatedvalve-controller\build/core\core.a(Uart.cpp.o)
                0x00002cd0                arduino::SafeRingBufferN<256>::store_char(unsigned char)
 .text._ZN7arduino15SafeRingBufferNILi256EE9read_charEv
                0x00002d1a       0x50 Z:\Documents\Git\motoractuatedvalve-controller\build/core\core.a(Uart.cpp.o)
                0x00002d1a                arduino::SafeRingBufferN<256>::read_char()
 .text._ZN4Uart10IrqHandlerEv
                0x00002d6a       0xa4 Z:\Documents\Git\motoractuatedvalve-controller\build/core\core.a(Uart.cpp.o)
                0x00002d6a                Uart::IrqHandler()
 *fill*         0x00002e0e        0x2 
 .text._ZN4Uart5writeEh
                0x00002e10       0x9c Z:\Documents\Git\motoractuatedvalve-controller\build/core\core.a(Uart.cpp.o)
                0x00002e10                Uart::write(unsigned char)
 .text._ZN4Uart4readEv
                0x00002eac       0x34 Z:\Documents\Git\motoractuatedvalve-controller\build/core\core.a(Uart.cpp.o)
                0x00002eac                Uart::read()
 .text._ZN7arduino5Print5writeEPKhj
                0x00002ee0       0x28 Z:\Documents\Git\motoractuatedvalve-controller\build/core\core.a(Print.cpp.o)
                0x00002ee0                arduino::Print::write(unsigned char const*, unsigned int)
 .text._ZN7arduino5Print5writeEPKc.part.2
                0x00002f08       0x1a Z:\Documents\Git\motoractuatedvalve-controller\build/core\core.a(Print.cpp.o)
 .text._ZN7arduino5Print5writeEPKc
                0x00002f22       0x10 Z:\Documents\Git\motoractuatedvalve-controller\build/core\core.a(Print.cpp.o)
                0x00002f22                arduino::Print::write(char const*)
 .text._ZN7arduino5Print5printEPKc
                0x00002f32        0x8 Z:\Documents\Git\motoractuatedvalve-controller\build/core\core.a(Print.cpp.o)
                0x00002f32                arduino::Print::print(char const*)
 .text._ZN7arduino5Print5printEc
                0x00002f3a        0xa Z:\Documents\Git\motoractuatedvalve-controller\build/core\core.a(Print.cpp.o)
                0x00002f3a                arduino::Print::print(char)
 .text._ZN7arduino5Print7printlnEv
                0x00002f44       0x10 Z:\Documents\Git\motoractuatedvalve-controller\build/core\core.a(Print.cpp.o)
                0x00002f44                arduino::Print::println()
 .text._ZN7arduino5Print11printNumberEmh
                0x00002f54       0x48 Z:\Documents\Git\motoractuatedvalve-controller\build/core\core.a(Print.cpp.o)
                0x00002f54                arduino::Print::printNumber(unsigned long, unsigned char)
 .text._ZN7arduino5Print5printEmi
                0x00002f9c       0x18 Z:\Documents\Git\motoractuatedvalve-controller\build/core\core.a(Print.cpp.o)
                0x00002f9c                arduino::Print::print(unsigned long, int)
 .text.Dummy_Handler
                0x00002fb4        0x2 Z:\Documents\Git\motoractuatedvalve-controller\build/core\core.a(cortex_handlers.c.o)
                0x00002fb4                DMAC_Handler
                0x00002fb4                HardFault_Handler
                0x00002fb4                AC_Handler
                0x00002fb4                PendSV_Handler
                0x00002fb4                NMI_Handler
                0x00002fb4                TC7_Handler
                0x00002fb4                SERCOM1_Handler
                0x00002fb4                ADC_Handler
                0x00002fb4                TCC1_Handler
                0x00002fb4                TCC0_Handler
                0x00002fb4                RTC_Handler
                0x00002fb4                EIC_Handler
                0x00002fb4                TC6_Handler
                0x00002fb4                WDT_Handler
                0x00002fb4                TC4_Handler
                0x00002fb4                TC3_Handler
                0x00002fb4                Dummy_Handler
                0x00002fb4                PM_Handler
                0x00002fb4                SVC_Handler
                0x00002fb4                TCC2_Handler
                0x00002fb4                EVSYS_Handler
                0x00002fb4                SERCOM4_Handler
                0x00002fb4                I2S_Handler
                0x00002fb4                NVMCTRL_Handler
                0x00002fb4                SERCOM0_Handler
                0x00002fb4                DAC_Handler
                0x00002fb4                PTC_Handler
                0x00002fb4                SYSCTRL_Handler
 *fill*         0x00002fb6        0x2 
 .text.USB_Handler
                0x00002fb8       0x14 Z:\Documents\Git\motoractuatedvalve-controller\build/core\core.a(cortex_handlers.c.o)
                0x00002fb8                USB_Handler
 .text.Reset_Handler
                0x00002fcc       0x54 Z:\Documents\Git\motoractuatedvalve-controller\build/core\core.a(cortex_handlers.c.o)
                0x00002fcc                Reset_Handler
 .text.SysTick_Handler
                0x00003020       0x10 Z:\Documents\Git\motoractuatedvalve-controller\build/core\core.a(cortex_handlers.c.o)
                0x00003020                SysTick_Handler
 .text.USB_SetHandler
                0x00003030        0xc Z:\Documents\Git\motoractuatedvalve-controller\build/core\core.a(cortex_handlers.c.o)
                0x00003030                USB_SetHandler
 .text.millis   0x0000303c        0xc Z:\Documents\Git\motoractuatedvalve-controller\build/core\core.a(delay.c.o)
                0x0000303c                millis
 .text.micros   0x00003048       0x60 Z:\Documents\Git\motoractuatedvalve-controller\build/core\core.a(delay.c.o)
                0x00003048                micros
 .text.delay    0x000030a8       0x30 Z:\Documents\Git\motoractuatedvalve-controller\build/core\core.a(delay.c.o)
                0x000030a8                delay
 .text.resetExternalChip
                0x000030d8        0x2 Z:\Documents\Git\motoractuatedvalve-controller\build/core\core.a(delay.c.o)
                0x000030d8                resetExternalChip
 *fill*         0x000030da        0x2 
 .text.SysTick_DefaultHandler
                0x000030dc       0x14 Z:\Documents\Git\motoractuatedvalve-controller\build/core\core.a(delay.c.o)
                0x000030dc                SysTick_DefaultHandler
 .text.__empty  0x000030f0        0x2 Z:\Documents\Git\motoractuatedvalve-controller\build/core\core.a(hooks.c.o)
                0x000030f0                yield
 .text.__false  0x000030f2        0x4 Z:\Documents\Git\motoractuatedvalve-controller\build/core\core.a(hooks.c.o)
                0x000030f2                sysTickHook
 *fill*         0x000030f6        0x2 
 .text.startup.main
                0x000030f8       0x40 Z:\Documents\Git\motoractuatedvalve-controller\build/core\core.a(main.cpp.o)
                0x000030f8                main
 .text._Znwj    0x00003138        0x8 Z:\Documents\Git\motoractuatedvalve-controller\build/core\core.a(new.cpp.o)
                0x00003138                operator new(unsigned int)
 .text._ZdlPv   0x00003140        0x8 Z:\Documents\Git\motoractuatedvalve-controller\build/core\core.a(new.cpp.o)
                0x00003140                operator delete(void*)
 .text.SystemInit
                0x00003148      0x194 Z:\Documents\Git\motoractuatedvalve-controller\build/core\core.a(startup.c.o)
                0x00003148                SystemInit
 .text.init     0x000032dc       0xf0 Z:\Documents\Git\motoractuatedvalve-controller\build/core\core.a(wiring.c.o)
                0x000032dc                init
 .text.analogReference
                0x000033cc       0x64 Z:\Documents\Git\motoractuatedvalve-controller\build/core\core.a(wiring_analog.c.o)
                0x000033cc                analogReference
 .text.pinMode  0x00003430       0x98 Z:\Documents\Git\motoractuatedvalve-controller\build/core\core.a(wiring_digital.c.o)
                0x00003430                pinMode
 .text.digitalWrite
                0x000034c8       0x58 Z:\Documents\Git\motoractuatedvalve-controller\build/core\core.a(wiring_digital.c.o)
                0x000034c8                digitalWrite
 .text.pinPeripheral
                0x00003520       0xc0 Z:\Documents\Git\motoractuatedvalve-controller\build/core\core.a(wiring_private.c.o)
                0x00003520                pinPeripheral
 .text.initiateReset
                0x000035e0       0x14 Z:\Documents\Git\motoractuatedvalve-controller\build/core\core.a(Reset.cpp.o)
                0x000035e0                initiateReset
 .text.cancelReset
                0x000035f4       0x10 Z:\Documents\Git\motoractuatedvalve-controller\build/core\core.a(Reset.cpp.o)
                0x000035f4                cancelReset
 .text.tickReset
                0x00003604       0x78 Z:\Documents\Git\motoractuatedvalve-controller\build/core\core.a(Reset.cpp.o)
                0x00003604                tickReset
 .text._ZN26DoubleBufferedEPOutHandlerD2Ev
                0x0000367c        0x2 Z:\Documents\Git\motoractuatedvalve-controller\build/core\core.a(USBCore.cpp.o)
                0x0000367c                DoubleBufferedEPOutHandler::~DoubleBufferedEPOutHandler()
                0x0000367c                DoubleBufferedEPOutHandler::~DoubleBufferedEPOutHandler()
 .text._ZN26DoubleBufferedEPOutHandlerD0Ev
                0x0000367e        0xc Z:\Documents\Git\motoractuatedvalve-controller\build/core\core.a(USBCore.cpp.o)
                0x0000367e                DoubleBufferedEPOutHandler::~DoubleBufferedEPOutHandler()
 *fill*         0x0000368a        0x2 
 .text._ZN14USBDeviceClass6initEPEmm.part.7
                0x0000368c       0xc4 Z:\Documents\Git\motoractuatedvalve-controller\build/core\core.a(USBCore.cpp.o)
 .text._ZN7__GuardC2Ev
                0x00003750        0xe Z:\Documents\Git\motoractuatedvalve-controller\build/core\core.a(USBCore.cpp.o)
                0x00003750                __Guard::__Guard()
                0x00003750                __Guard::__Guard()
 .text._ZNK26DoubleBufferedEPOutHandler10_availableEv
                0x0000375e       0x70 Z:\Documents\Git\motoractuatedvalve-controller\build/core\core.a(USBCore.cpp.o)
                0x0000375e                DoubleBufferedEPOutHandler::_available() const
 *fill*         0x000037ce        0x2 
 .text._ZN26DoubleBufferedEPOutHandler7releaseEv
                0x000037d0       0x38 Z:\Documents\Git\motoractuatedvalve-controller\build/core\core.a(USBCore.cpp.o)
                0x000037d0                DoubleBufferedEPOutHandler::release()
 .text._ZN26DoubleBufferedEPOutHandler14handleEndpointEv
                0x00003808       0xe2 Z:\Documents\Git\motoractuatedvalve-controller\build/core\core.a(USBCore.cpp.o)
                0x00003808                DoubleBufferedEPOutHandler::handleEndpoint()
 .text._ZN14USBDeviceClass14SendInterfacesEPm
                0x000038ea       0x20 Z:\Documents\Git\motoractuatedvalve-controller\build/core\core.a(USBCore.cpp.o)
                0x000038ea                USBDeviceClass::SendInterfaces(unsigned long*)
 *fill*         0x0000390a        0x2 
 .text._ZN14USBDeviceClass6attachEv
                0x0000390c       0x34 Z:\Documents\Git\motoractuatedvalve-controller\build/core\core.a(USBCore.cpp.o)
                0x0000390c                USBDeviceClass::attach()
 .text._ZN14USBDeviceClass10setAddressEm
                0x00003940       0x48 Z:\Documents\Git\motoractuatedvalve-controller\build/core\core.a(USBCore.cpp.o)
                0x00003940                USBDeviceClass::setAddress(unsigned long)
 .text._ZN14USBDeviceClass25handleClassInterfaceSetupERN7arduino8USBSetupE
                0x00003988       0x24 Z:\Documents\Git\motoractuatedvalve-controller\build/core\core.a(USBCore.cpp.o)
                0x00003988                USBDeviceClass::handleClassInterfaceSetup(arduino::USBSetup&)
 .text._ZN14USBDeviceClass6initEPEmm
                0x000039ac      0x10c Z:\Documents\Git\motoractuatedvalve-controller\build/core\core.a(USBCore.cpp.o)
                0x000039ac                USBDeviceClass::initEP(unsigned long, unsigned long)
 .text._ZN14USBDeviceClass13initEndpointsEv
                0x00003ab8       0x24 Z:\Documents\Git\motoractuatedvalve-controller\build/core\core.a(USBCore.cpp.o)
                0x00003ab8                USBDeviceClass::initEndpoints()
 .text._ZN14USBDeviceClass5clearEm
                0x00003adc       0x38 Z:\Documents\Git\motoractuatedvalve-controller\build/core\core.a(USBCore.cpp.o)
                0x00003adc                USBDeviceClass::clear(unsigned long)
 .text._ZN14USBDeviceClass9availableEm
                0x00003b14       0x2c Z:\Documents\Git\motoractuatedvalve-controller\build/core\core.a(USBCore.cpp.o)
                0x00003b14                USBDeviceClass::available(unsigned long)
 .text._ZN14USBDeviceClass5flushEm
                0x00003b40       0x2c Z:\Documents\Git\motoractuatedvalve-controller\build/core\core.a(USBCore.cpp.o)
                0x00003b40                USBDeviceClass::flush(unsigned long)
 .text._ZN14USBDeviceClass4recvEmPvm
                0x00003b6c       0xc0 Z:\Documents\Git\motoractuatedvalve-controller\build/core\core.a(USBCore.cpp.o)
                0x00003b6c                USBDeviceClass::recv(unsigned long, void*, unsigned long)
 .text._ZN14USBDeviceClass4recvEm
                0x00003c2c       0x1c Z:\Documents\Git\motoractuatedvalve-controller\build/core\core.a(USBCore.cpp.o)
                0x00003c2c                USBDeviceClass::recv(unsigned long)
 .text._ZN14USBDeviceClass14armRecvCtrlOUTEm
                0x00003c48       0x5c Z:\Documents\Git\motoractuatedvalve-controller\build/core\core.a(USBCore.cpp.o)
                0x00003c48                USBDeviceClass::armRecvCtrlOUT(unsigned long)
 .text._ZN14USBDeviceClass11recvControlEPvm
                0x00003ca4       0x28 Z:\Documents\Git\motoractuatedvalve-controller\build/core\core.a(USBCore.cpp.o)
                0x00003ca4                USBDeviceClass::recvControl(void*, unsigned long)
 .text._ZN14USBDeviceClass4sendEmPKvm
                0x00003ccc      0x10c Z:\Documents\Git\motoractuatedvalve-controller\build/core\core.a(USBCore.cpp.o)
                0x00003ccc                USBDeviceClass::send(unsigned long, void const*, unsigned long)
 .text._ZN14USBDeviceClass7armSendEmPKvm
                0x00003dd8       0x48 Z:\Documents\Git\motoractuatedvalve-controller\build/core\core.a(USBCore.cpp.o)
                0x00003dd8                USBDeviceClass::armSend(unsigned long, void const*, unsigned long)
 .text._ZN14USBDeviceClass11sendControlEPKvm
                0x00003e20       0x54 Z:\Documents\Git\motoractuatedvalve-controller\build/core\core.a(USBCore.cpp.o)
                0x00003e20                USBDeviceClass::sendControl(void const*, unsigned long)
 .text._ZN14USBDeviceClass20sendStringDescriptorEPKhm
                0x00003e74       0x64 Z:\Documents\Git\motoractuatedvalve-controller\build/core\core.a(USBCore.cpp.o)
                0x00003e74                USBDeviceClass::sendStringDescriptor(unsigned char const*, unsigned long)
 .text._ZN14USBDeviceClass17sendConfigurationEm
                0x00003ed8       0x80 Z:\Documents\Git\motoractuatedvalve-controller\build/core\core.a(USBCore.cpp.o)
                0x00003ed8                USBDeviceClass::sendConfiguration(unsigned long)
 .text._ZN14USBDeviceClass14sendDescriptorERN7arduino8USBSetupE
                0x00003f58       0xd8 Z:\Documents\Git\motoractuatedvalve-controller\build/core\core.a(USBCore.cpp.o)
                0x00003f58                USBDeviceClass::sendDescriptor(arduino::USBSetup&)
 .text._ZN14USBDeviceClass7sendZlpEm
                0x00004030       0x18 Z:\Documents\Git\motoractuatedvalve-controller\build/core\core.a(USBCore.cpp.o)
                0x00004030                USBDeviceClass::sendZlp(unsigned long)
 .text._ZN14USBDeviceClass19handleStandardSetupERN7arduino8USBSetupE
                0x00004048       0xf0 Z:\Documents\Git\motoractuatedvalve-controller\build/core\core.a(USBCore.cpp.o)
                0x00004048                USBDeviceClass::handleStandardSetup(arduino::USBSetup&)
 .text._ZN14USBDeviceClass10ISRHandlerEv
                0x00004138      0x108 Z:\Documents\Git\motoractuatedvalve-controller\build/core\core.a(USBCore.cpp.o)
                0x00004138                USBDeviceClass::ISRHandler()
 .text.UDD_Handler
                0x00004240       0x10 Z:\Documents\Git\motoractuatedvalve-controller\build/core\core.a(USBCore.cpp.o)
                0x00004240                UDD_Handler
 .text._ZN7arduino13PluggableUSB_C2Ev
                0x00004250       0x10 Z:\Documents\Git\motoractuatedvalve-controller\build/core\core.a(USBCore.cpp.o)
                0x00004250                arduino::PluggableUSB_::PluggableUSB_()
                0x00004250                arduino::PluggableUSB_::PluggableUSB_()
 .text._Z8epBufferj
                0x00004260        0xc Z:\Documents\Git\motoractuatedvalve-controller\build/core\core.a(USBCore.cpp.o)
                0x00004260                epBuffer(unsigned int)
 .text._ZN7arduino11RingBufferNILi64EE10store_charEh
                0x0000426c       0x1c Z:\Documents\Git\motoractuatedvalve-controller\build/core\core.a(USBCore.cpp.o)
                0x0000426c                arduino::RingBufferN<64>::store_char(unsigned char)
 .text._ZN26DoubleBufferedEPOutHandler5_recvEv
                0x00004288      0x15e Z:\Documents\Git\motoractuatedvalve-controller\build/core\core.a(USBCore.cpp.o)
                0x00004288                DoubleBufferedEPOutHandler::_recv()
 .text._ZN26DoubleBufferedEPOutHandler9availableEv
                0x000043e6        0xc Z:\Documents\Git\motoractuatedvalve-controller\build/core\core.a(USBCore.cpp.o)
                0x000043e6                DoubleBufferedEPOutHandler::available()
 .text._ZN26DoubleBufferedEPOutHandler4peekEv
                0x000043f2       0x1c Z:\Documents\Git\motoractuatedvalve-controller\build/core\core.a(USBCore.cpp.o)
                0x000043f2                DoubleBufferedEPOutHandler::peek()
 .text._ZN26DoubleBufferedEPOutHandler4recvEPvm
                0x0000440e       0x60 Z:\Documents\Git\motoractuatedvalve-controller\build/core\core.a(USBCore.cpp.o)
                0x0000440e                DoubleBufferedEPOutHandler::recv(void*, unsigned long)
 *fill*         0x0000446e        0x2 
 .text.startup._GLOBAL__sub_I_usbd
                0x00004470       0x10 Z:\Documents\Git\motoractuatedvalve-controller\build/core\core.a(USBCore.cpp.o)
 .text._ZN14USBDeviceClass4initEv
                0x00004480      0x15c Z:\Documents\Git\motoractuatedvalve-controller\build/core\core.a(USBCore.cpp.o)
                0x00004480                USBDeviceClass::init()
 .text._ZN7arduino13PluggableUSB_12getInterfaceEPh
                0x000045dc       0x28 Z:\Documents\Git\motoractuatedvalve-controller\build/core\core.a(PluggableUSB.cpp.o)
                0x000045dc                arduino::PluggableUSB_::getInterface(unsigned char*)
 .text._ZN7arduino13PluggableUSB_13getDescriptorERNS_8USBSetupE
                0x00004604       0x20 Z:\Documents\Git\motoractuatedvalve-controller\build/core\core.a(PluggableUSB.cpp.o)
                0x00004604                arduino::PluggableUSB_::getDescriptor(arduino::USBSetup&)
 .text._ZN7arduino13PluggableUSB_12getShortNameEPc
                0x00004624       0x1e Z:\Documents\Git\motoractuatedvalve-controller\build/core\core.a(PluggableUSB.cpp.o)
                0x00004624                arduino::PluggableUSB_::getShortName(char*)
 .text._ZN7arduino13PluggableUSB_5setupERNS_8USBSetupE
                0x00004642       0x20 Z:\Documents\Git\motoractuatedvalve-controller\build/core\core.a(PluggableUSB.cpp.o)
                0x00004642                arduino::PluggableUSB_::setup(arduino::USBSetup&)
 .text._ZN7arduino13PluggableUSB_4plugEPNS_18PluggableUSBModuleE
                0x00004662       0x5c Z:\Documents\Git\motoractuatedvalve-controller\build/core\core.a(PluggableUSB.cpp.o)
                0x00004662                arduino::PluggableUSB_::plug(arduino::PluggableUSBModule*)
 *fill*         0x000046be        0x2 
 .text._Z12PluggableUSBv
                0x000046c0       0x24 Z:\Documents\Git\motoractuatedvalve-controller\build/core\core.a(PluggableUSB.cpp.o)
                0x000046c0                PluggableUSB()
 .text._ZN7Serial_13getDescriptorERN7arduino8USBSetupE
                0x000046e4        0x4 Z:\Documents\Git\motoractuatedvalve-controller\build/core\core.a(CDC.cpp.o)
                0x000046e4                Serial_::getDescriptor(arduino::USBSetup&)
 .text._ZL5utox8mPc
                0x000046e8       0x24 Z:\Documents\Git\motoractuatedvalve-controller\build/core\core.a(CDC.cpp.o)
 .text._ZN7Serial_12getShortNameEPc
                0x0000470c       0x44 Z:\Documents\Git\motoractuatedvalve-controller\build/core\core.a(CDC.cpp.o)
                0x0000470c                Serial_::getShortName(char*)
 .text._ZThn16_N7Serial_12getShortNameEPc
                0x00004750       0x10 Z:\Documents\Git\motoractuatedvalve-controller\build/core\core.a(CDC.cpp.o)
                0x00004750                non-virtual thunk to Serial_::getShortName(char*)
 .text._ZN7Serial_5beginEm
                0x00004760        0x2 Z:\Documents\Git\motoractuatedvalve-controller\build/core\core.a(CDC.cpp.o)
                0x00004760                Serial_::begin(unsigned long)
 .text._ZN7Serial_5beginEmt
                0x00004762        0x2 Z:\Documents\Git\motoractuatedvalve-controller\build/core\core.a(CDC.cpp.o)
                0x00004762                Serial_::begin(unsigned long, unsigned short)
 .text._ZN7Serial_17availableForWriteEv
                0x00004764        0x4 Z:\Documents\Git\motoractuatedvalve-controller\build/core\core.a(CDC.cpp.o)
                0x00004764                Serial_::availableForWrite()
 .text._ZN7Serial_5writeEh
                0x00004768       0x14 Z:\Documents\Git\motoractuatedvalve-controller\build/core\core.a(CDC.cpp.o)
                0x00004768                Serial_::write(unsigned char)
 .text._ZN7Serial_12getInterfaceEPh
                0x0000477c      0x11c Z:\Documents\Git\motoractuatedvalve-controller\build/core\core.a(CDC.cpp.o)
                0x0000477c                Serial_::getInterface(unsigned char*)
 .text._ZThn16_N7Serial_12getInterfaceEPh
                0x00004898       0x10 Z:\Documents\Git\motoractuatedvalve-controller\build/core\core.a(CDC.cpp.o)
                0x00004898                non-virtual thunk to Serial_::getInterface(unsigned char*)
 .text._ZN7Serial_5setupERN7arduino8USBSetupE
                0x000048a8       0x98 Z:\Documents\Git\motoractuatedvalve-controller\build/core\core.a(CDC.cpp.o)
                0x000048a8                Serial_::setup(arduino::USBSetup&)
 .text._ZThn16_N7Serial_5setupERN7arduino8USBSetupE
                0x00004940       0x10 Z:\Documents\Git\motoractuatedvalve-controller\build/core\core.a(CDC.cpp.o)
                0x00004940                non-virtual thunk to Serial_::setup(arduino::USBSetup&)
 .text._ZN7Serial_3endEv
                0x00004950       0x14 Z:\Documents\Git\motoractuatedvalve-controller\build/core\core.a(CDC.cpp.o)
                0x00004950                Serial_::end()
 .text._ZN7Serial_9availableEv
                0x00004964       0x20 Z:\Documents\Git\motoractuatedvalve-controller\build/core\core.a(CDC.cpp.o)
                0x00004964                Serial_::available()
 .text._ZN7Serial_5flushEv
                0x00004984        0xe Z:\Documents\Git\motoractuatedvalve-controller\build/core\core.a(CDC.cpp.o)
                0x00004984                Serial_::flush()
 .text._ZN7Serial_5clearEv
                0x00004992        0xe Z:\Documents\Git\motoractuatedvalve-controller\build/core\core.a(CDC.cpp.o)
                0x00004992                Serial_::clear()
 .text._ZN7Serial_5writeEPKhj
                0x000049a0       0x1e Z:\Documents\Git\motoractuatedvalve-controller\build/core\core.a(CDC.cpp.o)
                0x000049a0                Serial_::write(unsigned char const*, unsigned int)
 *fill*         0x000049be        0x2 
 .text._ZN7Serial_4peekEv
                0x000049c0       0x1c Z:\Documents\Git\motoractuatedvalve-controller\build/core\core.a(CDC.cpp.o)
                0x000049c0                Serial_::peek()
 .text._ZN7Serial_4readEv
                0x000049dc       0x24 Z:\Documents\Git\motoractuatedvalve-controller\build/core\core.a(CDC.cpp.o)
                0x000049dc                Serial_::read()
 .text._ZN7Serial_cvbEv
                0x00004a00       0x28 Z:\Documents\Git\motoractuatedvalve-controller\build/core\core.a(CDC.cpp.o)
                0x00004a00                Serial_::operator bool()
 .text._ZThn16_N7Serial_13getDescriptorERN7arduino8USBSetupE
                0x00004a28        0x4 Z:\Documents\Git\motoractuatedvalve-controller\build/core\core.a(CDC.cpp.o)
                0x00004a28                non-virtual thunk to Serial_::getDescriptor(arduino::USBSetup&)
 .text._ZN7Serial_14handleEndpointEi
                0x00004a2c        0x2 Z:\Documents\Git\motoractuatedvalve-controller\build/core\core.a(CDC.cpp.o)
                0x00004a2c                Serial_::handleEndpoint(int)
 *fill*         0x00004a2e        0x2 
 .text._ZN7Serial_C2ER14USBDeviceClass
                0x00004a30       0x50 Z:\Documents\Git\motoractuatedvalve-controller\build/core\core.a(CDC.cpp.o)
                0x00004a30                Serial_::Serial_(USBDeviceClass&)
                0x00004a30                Serial_::Serial_(USBDeviceClass&)
 .text._ZN7Serial_15enableInterruptEv
                0x00004a80       0x30 Z:\Documents\Git\motoractuatedvalve-controller\build/core\core.a(CDC.cpp.o)
                0x00004a80                Serial_::enableInterrupt()
 .text.startup._GLOBAL__sub_I__ZN7Serial_12getInterfaceEPh
                0x00004ab0       0x14 Z:\Documents\Git\motoractuatedvalve-controller\build/core\core.a(CDC.cpp.o)
 .text.__aeabi_atexit
                0x00004ac4        0xe c:/users/xsegg/appdata/local/arduino15/packages/arduino/tools/arm-none-eabi-gcc/7-2017q4/bin/../lib/gcc/arm-none-eabi/7.2.1/../../../../arm-none-eabi/lib/thumb/v6-m\libstdc++_nano.a(atexit_arm.o)
                0x00004ac4                __aeabi_atexit
 *fill*         0x00004ad2        0x2 
 .text          0x00004ad4       0x14 c:/users/xsegg/appdata/local/arduino15/packages/arduino/tools/arm-none-eabi-gcc/7-2017q4/bin/../lib/gcc/arm-none-eabi/7.2.1/thumb/v6-m\libgcc.a(_thumb1_case_uqi.o)
                0x00004ad4                __gnu_thumb1_case_uqi
 .text          0x00004ae8      0x114 c:/users/xsegg/appdata/local/arduino15/packages/arduino/tools/arm-none-eabi-gcc/7-2017q4/bin/../lib/gcc/arm-none-eabi/7.2.1/thumb/v6-m\libgcc.a(_udivsi3.o)
                0x00004ae8                __aeabi_uidiv
                0x00004ae8                __udivsi3
                0x00004bf4                __aeabi_uidivmod
 .text          0x00004bfc        0x4 c:/users/xsegg/appdata/local/arduino15/packages/arduino/tools/arm-none-eabi-gcc/7-2017q4/bin/../lib/gcc/arm-none-eabi/7.2.1/thumb/v6-m\libgcc.a(_dvmd_tls.o)
                0x00004bfc                __aeabi_idiv0
                0x00004bfc                __aeabi_ldiv0
 .text.__assert_func
                0x00004c00       0x3c c:/users/xsegg/appdata/local/arduino15/packages/arduino/tools/arm-none-eabi-gcc/7-2017q4/bin/../lib/gcc/arm-none-eabi/7.2.1/../../../../arm-none-eabi/lib/thumb/v6-m\libc_nano.a(lib_a-assert.o)
                0x00004c00                __assert_func
 .text.__cxa_atexit
                0x00004c3c       0x1c c:/users/xsegg/appdata/local/arduino15/packages/arduino/tools/arm-none-eabi-gcc/7-2017q4/bin/../lib/gcc/arm-none-eabi/7.2.1/../../../../arm-none-eabi/lib/thumb/v6-m\libc_nano.a(lib_a-cxa_atexit.o)
                0x00004c3c                __cxa_atexit
 .text.fprintf  0x00004c58       0x20 c:/users/xsegg/appdata/local/arduino15/packages/arduino/tools/arm-none-eabi-gcc/7-2017q4/bin/../lib/gcc/arm-none-eabi/7.2.1/../../../../arm-none-eabi/lib/thumb/v6-m\libc_nano.a(lib_a-fprintf.o)
                0x00004c58                fiprintf
                0x00004c58                fprintf
 .text.__libc_init_array
                0x00004c78       0x48 c:/users/xsegg/appdata/local/arduino15/packages/arduino/tools/arm-none-eabi-gcc/7-2017q4/bin/../lib/gcc/arm-none-eabi/7.2.1/../../../../arm-none-eabi/lib/thumb/v6-m\libc_nano.a(lib_a-init.o)
                0x00004c78                __libc_init_array
 .text.malloc   0x00004cc0       0x14 c:/users/xsegg/appdata/local/arduino15/packages/arduino/tools/arm-none-eabi-gcc/7-2017q4/bin/../lib/gcc/arm-none-eabi/7.2.1/../../../../arm-none-eabi/lib/thumb/v6-m\libc_nano.a(lib_a-malloc.o)
                0x00004cc0                malloc
 .text.free     0x00004cd4       0x14 c:/users/xsegg/appdata/local/arduino15/packages/arduino/tools/arm-none-eabi-gcc/7-2017q4/bin/../lib/gcc/arm-none-eabi/7.2.1/../../../../arm-none-eabi/lib/thumb/v6-m\libc_nano.a(lib_a-malloc.o)
                0x00004cd4                free
 .text.memcpy   0x00004ce8       0x12 c:/users/xsegg/appdata/local/arduino15/packages/arduino/tools/arm-none-eabi-gcc/7-2017q4/bin/../lib/gcc/arm-none-eabi/7.2.1/../../../../arm-none-eabi/lib/thumb/v6-m\libc_nano.a(lib_a-memcpy-stub.o)
                0x00004ce8                memcpy
 .text.memset   0x00004cfa       0x10 c:/users/xsegg/appdata/local/arduino15/packages/arduino/tools/arm-none-eabi-gcc/7-2017q4/bin/../lib/gcc/arm-none-eabi/7.2.1/../../../../arm-none-eabi/lib/thumb/v6-m\libc_nano.a(lib_a-memset.o)
                0x00004cfa                memset
 *fill*         0x00004d0a        0x2 
 .text._free_r  0x00004d0c       0x94 c:/users/xsegg/appdata/local/arduino15/packages/arduino/tools/arm-none-eabi-gcc/7-2017q4/bin/../lib/gcc/arm-none-eabi/7.2.1/../../../../arm-none-eabi/lib/thumb/v6-m\libc_nano.a(lib_a-nano-freer.o)
                0x00004d0c                _free_r
 .text._malloc_r
                0x00004da0       0xbc c:/users/xsegg/appdata/local/arduino15/packages/arduino/tools/arm-none-eabi-gcc/7-2017q4/bin/../lib/gcc/arm-none-eabi/7.2.1/../../../../arm-none-eabi/lib/thumb/v6-m\libc_nano.a(lib_a-nano-mallocr.o)
                0x00004da0                _malloc_r
 .text.__sfputc_r
                0x00004e5c       0x2a c:/users/xsegg/appdata/local/arduino15/packages/arduino/tools/arm-none-eabi-gcc/7-2017q4/bin/../lib/gcc/arm-none-eabi/7.2.1/../../../../arm-none-eabi/lib/thumb/v6-m\libc_nano.a(lib_a-nano-vfprintf.o)
 .text.__sfputs_r
                0x00004e86       0x24 c:/users/xsegg/appdata/local/arduino15/packages/arduino/tools/arm-none-eabi-gcc/7-2017q4/bin/../lib/gcc/arm-none-eabi/7.2.1/../../../../arm-none-eabi/lib/thumb/v6-m\libc_nano.a(lib_a-nano-vfprintf.o)
                0x00004e86                __sfputs_r
 *fill*         0x00004eaa        0x2 
 .text._vfprintf_r
                0x00004eac      0x22c c:/users/xsegg/appdata/local/arduino15/packages/arduino/tools/arm-none-eabi-gcc/7-2017q4/bin/../lib/gcc/arm-none-eabi/7.2.1/../../../../arm-none-eabi/lib/thumb/v6-m\libc_nano.a(lib_a-nano-vfprintf.o)
                0x00004eac                _vfprintf_r
                0x00004eac                _vfiprintf_r
 .text._printf_common
                0x000050d8       0xda c:/users/xsegg/appdata/local/arduino15/packages/arduino/tools/arm-none-eabi-gcc/7-2017q4/bin/../lib/gcc/arm-none-eabi/7.2.1/../../../../arm-none-eabi/lib/thumb/v6-m\libc_nano.a(lib_a-nano-vfprintf_i.o)
                0x000050d8                _printf_common
 *fill*         0x000051b2        0x2 
 .text._printf_i
                0x000051b4      0x210 c:/users/xsegg/appdata/local/arduino15/packages/arduino/tools/arm-none-eabi-gcc/7-2017q4/bin/../lib/gcc/arm-none-eabi/7.2.1/../../../../arm-none-eabi/lib/thumb/v6-m\libc_nano.a(lib_a-nano-vfprintf_i.o)
                0x000051b4                _printf_i
 .text._sbrk_r  0x000053c4       0x24 c:/users/xsegg/appdata/local/arduino15/packages/arduino/tools/arm-none-eabi-gcc/7-2017q4/bin/../lib/gcc/arm-none-eabi/7.2.1/../../../../arm-none-eabi/lib/thumb/v6-m\libc_nano.a(lib_a-sbrkr.o)
                0x000053c4                _sbrk_r
 .text          0x000053e8        0xe c:/users/xsegg/appdata/local/arduino15/packages/arduino/tools/arm-none-eabi-gcc/7-2017q4/bin/../lib/gcc/arm-none-eabi/7.2.1/../../../../arm-none-eabi/lib/thumb/v6-m\libc_nano.a(lib_a-strlen.o)
                0x000053e8                strlen
 *fill*         0x000053f6        0x2 
 .text.__swbuf_r
                0x000053f8       0xac c:/users/xsegg/appdata/local/arduino15/packages/arduino/tools/arm-none-eabi-gcc/7-2017q4/bin/../lib/gcc/arm-none-eabi/7.2.1/../../../../arm-none-eabi/lib/thumb/v6-m\libc_nano.a(lib_a-wbuf.o)
                0x000053f8                __swbuf_r
 .text.__swsetup_r
                0x000054a4       0xec c:/users/xsegg/appdata/local/arduino15/packages/arduino/tools/arm-none-eabi-gcc/7-2017q4/bin/../lib/gcc/arm-none-eabi/7.2.1/../../../../arm-none-eabi/lib/thumb/v6-m\libc_nano.a(lib_a-wsetup.o)
                0x000054a4                __swsetup_r
 .text.abort    0x00005590        0xe c:/users/xsegg/appdata/local/arduino15/packages/arduino/tools/arm-none-eabi-gcc/7-2017q4/bin/../lib/gcc/arm-none-eabi/7.2.1/../../../../arm-none-eabi/lib/thumb/v6-m\libc_nano.a(lib_a-abort.o)
                0x00005590                abort
 *fill*         0x0000559e        0x2 
 .text.__sflush_r
                0x000055a0      0x114 c:/users/xsegg/appdata/local/arduino15/packages/arduino/tools/arm-none-eabi-gcc/7-2017q4/bin/../lib/gcc/arm-none-eabi/7.2.1/../../../../arm-none-eabi/lib/thumb/v6-m\libc_nano.a(lib_a-fflush.o)
                0x000055a0                __sflush_r
 .text._fflush_r
                0x000056b4       0x58 c:/users/xsegg/appdata/local/arduino15/packages/arduino/tools/arm-none-eabi-gcc/7-2017q4/bin/../lib/gcc/arm-none-eabi/7.2.1/../../../../arm-none-eabi/lib/thumb/v6-m\libc_nano.a(lib_a-fflush.o)
                0x000056b4                _fflush_r
 .text.std      0x0000570c       0x48 c:/users/xsegg/appdata/local/arduino15/packages/arduino/tools/arm-none-eabi-gcc/7-2017q4/bin/../lib/gcc/arm-none-eabi/7.2.1/../../../../arm-none-eabi/lib/thumb/v6-m\libc_nano.a(lib_a-findfp.o)
 .text._cleanup_r
                0x00005754       0x10 c:/users/xsegg/appdata/local/arduino15/packages/arduino/tools/arm-none-eabi-gcc/7-2017q4/bin/../lib/gcc/arm-none-eabi/7.2.1/../../../../arm-none-eabi/lib/thumb/v6-m\libc_nano.a(lib_a-findfp.o)
                0x00005754                _cleanup_r
 .text.__sfmoreglue
                0x00005764       0x2c c:/users/xsegg/appdata/local/arduino15/packages/arduino/tools/arm-none-eabi-gcc/7-2017q4/bin/../lib/gcc/arm-none-eabi/7.2.1/../../../../arm-none-eabi/lib/thumb/v6-m\libc_nano.a(lib_a-findfp.o)
                0x00005764                __sfmoreglue
 .text.__sinit  0x00005790       0x68 c:/users/xsegg/appdata/local/arduino15/packages/arduino/tools/arm-none-eabi-gcc/7-2017q4/bin/../lib/gcc/arm-none-eabi/7.2.1/../../../../arm-none-eabi/lib/thumb/v6-m\libc_nano.a(lib_a-findfp.o)
                0x00005790                __sinit
 .text.__sfp    0x000057f8       0x7c c:/users/xsegg/appdata/local/arduino15/packages/arduino/tools/arm-none-eabi-gcc/7-2017q4/bin/../lib/gcc/arm-none-eabi/7.2.1/../../../../arm-none-eabi/lib/thumb/v6-m\libc_nano.a(lib_a-findfp.o)
                0x000057f8                __sfp
 .text._fwalk_reent
                0x00005874       0x42 c:/users/xsegg/appdata/local/arduino15/packages/arduino/tools/arm-none-eabi-gcc/7-2017q4/bin/../lib/gcc/arm-none-eabi/7.2.1/../../../../arm-none-eabi/lib/thumb/v6-m\libc_nano.a(lib_a-fwalk.o)
                0x00005874                _fwalk_reent
 *fill*         0x000058b6        0x2 
 .text.__swhatbuf_r
                0x000058b8       0x50 c:/users/xsegg/appdata/local/arduino15/packages/arduino/tools/arm-none-eabi-gcc/7-2017q4/bin/../lib/gcc/arm-none-eabi/7.2.1/../../../../arm-none-eabi/lib/thumb/v6-m\libc_nano.a(lib_a-makebuf.o)
                0x000058b8                __swhatbuf_r
 .text.__smakebuf_r
                0x00005908       0x88 c:/users/xsegg/appdata/local/arduino15/packages/arduino/tools/arm-none-eabi-gcc/7-2017q4/bin/../lib/gcc/arm-none-eabi/7.2.1/../../../../arm-none-eabi/lib/thumb/v6-m\libc_nano.a(lib_a-makebuf.o)
                0x00005908                __smakebuf_r
 .text.memchr   0x00005990       0x16 c:/users/xsegg/appdata/local/arduino15/packages/arduino/tools/arm-none-eabi-gcc/7-2017q4/bin/../lib/gcc/arm-none-eabi/7.2.1/../../../../arm-none-eabi/lib/thumb/v6-m\libc_nano.a(lib_a-memchr-stub.o)
                0x00005990                memchr
 .text.__malloc_lock
                0x000059a6        0x2 c:/users/xsegg/appdata/local/arduino15/packages/arduino/tools/arm-none-eabi-gcc/7-2017q4/bin/../lib/gcc/arm-none-eabi/7.2.1/../../../../arm-none-eabi/lib/thumb/v6-m\libc_nano.a(lib_a-mlock.o)
                0x000059a6                __malloc_lock
 .text.__malloc_unlock
                0x000059a8        0x2 c:/users/xsegg/appdata/local/arduino15/packages/arduino/tools/arm-none-eabi-gcc/7-2017q4/bin/../lib/gcc/arm-none-eabi/7.2.1/../../../../arm-none-eabi/lib/thumb/v6-m\libc_nano.a(lib_a-mlock.o)
                0x000059a8                __malloc_unlock
 .text._raise_r
                0x000059aa       0x54 c:/users/xsegg/appdata/local/arduino15/packages/arduino/tools/arm-none-eabi-gcc/7-2017q4/bin/../lib/gcc/arm-none-eabi/7.2.1/../../../../arm-none-eabi/lib/thumb/v6-m\libc_nano.a(lib_a-signal.o)
                0x000059aa                _raise_r
 *fill*         0x000059fe        0x2 
 .text.raise    0x00005a00       0x14 c:/users/xsegg/appdata/local/arduino15/packages/arduino/tools/arm-none-eabi-gcc/7-2017q4/bin/../lib/gcc/arm-none-eabi/7.2.1/../../../../arm-none-eabi/lib/thumb/v6-m\libc_nano.a(lib_a-signal.o)
                0x00005a00                raise
 .text._kill_r  0x00005a14       0x24 c:/users/xsegg/appdata/local/arduino15/packages/arduino/tools/arm-none-eabi-gcc/7-2017q4/bin/../lib/gcc/arm-none-eabi/7.2.1/../../../../arm-none-eabi/lib/thumb/v6-m\libc_nano.a(lib_a-signalr.o)
                0x00005a14                _kill_r
 .text._getpid_r
                0x00005a38        0x8 c:/users/xsegg/appdata/local/arduino15/packages/arduino/tools/arm-none-eabi-gcc/7-2017q4/bin/../lib/gcc/arm-none-eabi/7.2.1/../../../../arm-none-eabi/lib/thumb/v6-m\libc_nano.a(lib_a-signalr.o)
                0x00005a38                _getpid_r
 .text.__sread  0x00005a40       0x28 c:/users/xsegg/appdata/local/arduino15/packages/arduino/tools/arm-none-eabi-gcc/7-2017q4/bin/../lib/gcc/arm-none-eabi/7.2.1/../../../../arm-none-eabi/lib/thumb/v6-m\libc_nano.a(lib_a-stdio.o)
                0x00005a40                __sread
 .text.__swrite
                0x00005a68       0x38 c:/users/xsegg/appdata/local/arduino15/packages/arduino/tools/arm-none-eabi-gcc/7-2017q4/bin/../lib/gcc/arm-none-eabi/7.2.1/../../../../arm-none-eabi/lib/thumb/v6-m\libc_nano.a(lib_a-stdio.o)
                0x00005a68                __swrite
 .text.__sseek  0x00005aa0       0x2c c:/users/xsegg/appdata/local/arduino15/packages/arduino/tools/arm-none-eabi-gcc/7-2017q4/bin/../lib/gcc/arm-none-eabi/7.2.1/../../../../arm-none-eabi/lib/thumb/v6-m\libc_nano.a(lib_a-stdio.o)
                0x00005aa0                __sseek
 .text.__sclose
                0x00005acc        0xc c:/users/xsegg/appdata/local/arduino15/packages/arduino/tools/arm-none-eabi-gcc/7-2017q4/bin/../lib/gcc/arm-none-eabi/7.2.1/../../../../arm-none-eabi/lib/thumb/v6-m\libc_nano.a(lib_a-stdio.o)
                0x00005acc                __sclose
 .text._write_r
                0x00005ad8       0x28 c:/users/xsegg/appdata/local/arduino15/packages/arduino/tools/arm-none-eabi-gcc/7-2017q4/bin/../lib/gcc/arm-none-eabi/7.2.1/../../../../arm-none-eabi/lib/thumb/v6-m\libc_nano.a(lib_a-writer.o)
                0x00005ad8                _write_r
 .text._close_r
                0x00005b00       0x24 c:/users/xsegg/appdata/local/arduino15/packages/arduino/tools/arm-none-eabi-gcc/7-2017q4/bin/../lib/gcc/arm-none-eabi/7.2.1/../../../../arm-none-eabi/lib/thumb/v6-m\libc_nano.a(lib_a-closer.o)
                0x00005b00                _close_r
 .text._fstat_r
                0x00005b24       0x24 c:/users/xsegg/appdata/local/arduino15/packages/arduino/tools/arm-none-eabi-gcc/7-2017q4/bin/../lib/gcc/arm-none-eabi/7.2.1/../../../../arm-none-eabi/lib/thumb/v6-m\libc_nano.a(lib_a-fstatr.o)
                0x00005b24                _fstat_r
 .text._isatty_r
                0x00005b48       0x24 c:/users/xsegg/appdata/local/arduino15/packages/arduino/tools/arm-none-eabi-gcc/7-2017q4/bin/../lib/gcc/arm-none-eabi/7.2.1/../../../../arm-none-eabi/lib/thumb/v6-m\libc_nano.a(lib_a-isattyr.o)
                0x00005b48                _isatty_r
 .text._lseek_r
                0x00005b6c       0x28 c:/users/xsegg/appdata/local/arduino15/packages/arduino/tools/arm-none-eabi-gcc/7-2017q4/bin/../lib/gcc/arm-none-eabi/7.2.1/../../../../arm-none-eabi/lib/thumb/v6-m\libc_nano.a(lib_a-lseekr.o)
                0x00005b6c                _lseek_r
 .text._read_r  0x00005b94       0x28 c:/users/xsegg/appdata/local/arduino15/packages/arduino/tools/arm-none-eabi-gcc/7-2017q4/bin/../lib/gcc/arm-none-eabi/7.2.1/../../../../arm-none-eabi/lib/thumb/v6-m\libc_nano.a(lib_a-readr.o)
                0x00005b94                _read_r
 .text._close   0x00005bbc       0x10 c:/users/xsegg/appdata/local/arduino15/packages/arduino/tools/arm-none-eabi-gcc/7-2017q4/bin/../lib/gcc/arm-none-eabi/7.2.1/../../../../arm-none-eabi/lib/thumb/v6-m\libnosys.a(close.o)
                0x00005bbc                _close
 .text._fstat   0x00005bcc       0x10 c:/users/xsegg/appdata/local/arduino15/packages/arduino/tools/arm-none-eabi-gcc/7-2017q4/bin/../lib/gcc/arm-none-eabi/7.2.1/../../../../arm-none-eabi/lib/thumb/v6-m\libnosys.a(fstat.o)
                0x00005bcc                _fstat
 .text._getpid  0x00005bdc       0x10 c:/users/xsegg/appdata/local/arduino15/packages/arduino/tools/arm-none-eabi-gcc/7-2017q4/bin/../lib/gcc/arm-none-eabi/7.2.1/../../../../arm-none-eabi/lib/thumb/v6-m\libnosys.a(getpid.o)
                0x00005bdc                _getpid
 .text._isatty  0x00005bec       0x10 c:/users/xsegg/appdata/local/arduino15/packages/arduino/tools/arm-none-eabi-gcc/7-2017q4/bin/../lib/gcc/arm-none-eabi/7.2.1/../../../../arm-none-eabi/lib/thumb/v6-m\libnosys.a(isatty.o)
                0x00005bec                _isatty
 .text._kill    0x00005bfc       0x10 c:/users/xsegg/appdata/local/arduino15/packages/arduino/tools/arm-none-eabi-gcc/7-2017q4/bin/../lib/gcc/arm-none-eabi/7.2.1/../../../../arm-none-eabi/lib/thumb/v6-m\libnosys.a(kill.o)
                0x00005bfc                _kill
 .text._lseek   0x00005c0c       0x10 c:/users/xsegg/appdata/local/arduino15/packages/arduino/tools/arm-none-eabi-gcc/7-2017q4/bin/../lib/gcc/arm-none-eabi/7.2.1/../../../../arm-none-eabi/lib/thumb/v6-m\libnosys.a(lseek.o)
                0x00005c0c                _lseek
 .text._read    0x00005c1c       0x10 c:/users/xsegg/appdata/local/arduino15/packages/arduino/tools/arm-none-eabi-gcc/7-2017q4/bin/../lib/gcc/arm-none-eabi/7.2.1/../../../../arm-none-eabi/lib/thumb/v6-m\libnosys.a(read.o)
                0x00005c1c                _read
 .text._sbrk    0x00005c2c       0x1c c:/users/xsegg/appdata/local/arduino15/packages/arduino/tools/arm-none-eabi-gcc/7-2017q4/bin/../lib/gcc/arm-none-eabi/7.2.1/../../../../arm-none-eabi/lib/thumb/v6-m\libnosys.a(sbrk.o)
                0x00005c2c                _sbrk
 .text._write   0x00005c48       0x10 c:/users/xsegg/appdata/local/arduino15/packages/arduino/tools/arm-none-eabi-gcc/7-2017q4/bin/../lib/gcc/arm-none-eabi/7.2.1/../../../../arm-none-eabi/lib/thumb/v6-m\libnosys.a(write.o)
                0x00005c48                _write
 .text._exit    0x00005c58        0x4 c:/users/xsegg/appdata/local/arduino15/packages/arduino/tools/arm-none-eabi-gcc/7-2017q4/bin/../lib/gcc/arm-none-eabi/7.2.1/../../../../arm-none-eabi/lib/thumb/v6-m\libnosys.a(_exit.o)
                0x00005c58                _exit
 *(.init)
 .init          0x00005c5c        0x4 c:/users/xsegg/appdata/local/arduino15/packages/arduino/tools/arm-none-eabi-gcc/7-2017q4/bin/../lib/gcc/arm-none-eabi/7.2.1/thumb/v6-m/crti.o
                0x00005c5c                _init
 .init          0x00005c60        0x8 c:/users/xsegg/appdata/local/arduino15/packages/arduino/tools/arm-none-eabi-gcc/7-2017q4/bin/../lib/gcc/arm-none-eabi/7.2.1/thumb/v6-m/crtn.o
 *(.fini)
 .fini          0x00005c68        0x4 c:/users/xsegg/appdata/local/arduino15/packages/arduino/tools/arm-none-eabi-gcc/7-2017q4/bin/../lib/gcc/arm-none-eabi/7.2.1/thumb/v6-m/crti.o
                0x00005c68                _fini
 .fini          0x00005c6c        0x8 c:/users/xsegg/appdata/local/arduino15/packages/arduino/tools/arm-none-eabi-gcc/7-2017q4/bin/../lib/gcc/arm-none-eabi/7.2.1/thumb/v6-m/crtn.o
 *crtbegin.o(.ctors)
 *crtbegin?.o(.ctors)
 *(EXCLUDE_FILE(*crtend.o *crtend?.o) .ctors)
 *(SORT_BY_NAME(.ctors.*))
 *(.ctors)
 *crtbegin.o(.dtors)
 *crtbegin?.o(.dtors)
 *(EXCLUDE_FILE(*crtend.o *crtend?.o) .dtors)
 *(SORT_BY_NAME(.dtors.*))
 *(.dtors)
 *(.rodata*)
 .rodata.loop.str1.1
                0x00005c74       0x2e Z:\Documents\Git\motoractuatedvalve-controller\build\sketch\Serial1Test.ino.cpp.o
 .rodata.setup.str1.1
                0x00005ca2        0x2 Z:\Documents\Git\motoractuatedvalve-controller\build\sketch\Serial1Test.ino.cpp.o
 .rodata.CSWTCH.24
                0x00005ca4        0x3 Z:\Documents\Git\motoractuatedvalve-controller\build\libraries\SPI\SPI.cpp.o
 .rodata._ZN12SPIClassSAMDC2EP6SERCOMhhh14SercomSpiTXPad11SercomRXPad.str1.1
                0x00005ca7       0x74 Z:\Documents\Git\motoractuatedvalve-controller\build\libraries\SPI\SPI.cpp.o
 *fill*         0x00005d1b        0x1 
 .rodata._ZTV12SPIClassSAMD
                0x00005d1c       0x3c Z:\Documents\Git\motoractuatedvalve-controller\build\libraries\SPI\SPI.cpp.o
                0x00005d1c                vtable for SPIClassSAMD
 .rodata._ZZN12SPIClassSAMDC4EP6SERCOMhhh14SercomSpiTXPad11SercomRXPadE19__PRETTY_FUNCTION__
                0x00005d58       0x5c Z:\Documents\Git\motoractuatedvalve-controller\build\libraries\SPI\SPI.cpp.o
 .rodata.g_APinDescription
                0x00005db4      0x318 Z:\Documents\Git\motoractuatedvalve-controller\build\core\variant.cpp.o
                0x00005db4                g_APinDescription
 .rodata._ZTV4Uart
                0x000060cc       0x34 Z:\Documents\Git\motoractuatedvalve-controller\build/core\core.a(Uart.cpp.o)
                0x000060cc                vtable for Uart
 .rodata._ZN7arduino5Print7printlnEv.str1.1
                0x00006100        0x3 Z:\Documents\Git\motoractuatedvalve-controller\build/core\core.a(Print.cpp.o)
 *fill*         0x00006103        0x1 
 .rodata._ZTV26DoubleBufferedEPOutHandler
                0x00006104       0x24 Z:\Documents\Git\motoractuatedvalve-controller\build/core\core.a(USBCore.cpp.o)
                0x00006104                vtable for DoubleBufferedEPOutHandler
 .rodata._ZL14STRING_PRODUCT
                0x00006128       0x14 Z:\Documents\Git\motoractuatedvalve-controller\build/core\core.a(USBCore.cpp.o)
 .rodata._ZL15STRING_LANGUAGE
                0x0000613c        0x4 Z:\Documents\Git\motoractuatedvalve-controller\build/core\core.a(USBCore.cpp.o)
 .rodata._ZL19STRING_MANUFACTURER
                0x00006140        0xc Z:\Documents\Git\motoractuatedvalve-controller\build/core\core.a(USBCore.cpp.o)
 .rodata._ZL21USB_DeviceDescriptorB
                0x0000614c       0x12 Z:\Documents\Git\motoractuatedvalve-controller\build/core\core.a(USBCore.cpp.o)
 *fill*         0x0000615e        0x2 
 .rodata._ZTV7Serial_
                0x00006160       0x60 Z:\Documents\Git\motoractuatedvalve-controller\build/core\core.a(CDC.cpp.o)
                0x00006160                vtable for Serial_
 .rodata.__assert_func.str1.1
                0x000061c0       0x3c c:/users/xsegg/appdata/local/arduino15/packages/arduino/tools/arm-none-eabi-gcc/7-2017q4/bin/../lib/gcc/arm-none-eabi/7.2.1/../../../../arm-none-eabi/lib/thumb/v6-m\libc_nano.a(lib_a-assert.o)
                                 0x3d (size before relaxing)
 .rodata._global_impure_ptr
                0x000061fc        0x4 c:/users/xsegg/appdata/local/arduino15/packages/arduino/tools/arm-none-eabi-gcc/7-2017q4/bin/../lib/gcc/arm-none-eabi/7.2.1/../../../../arm-none-eabi/lib/thumb/v6-m\libc_nano.a(lib_a-impure.o)
                0x000061fc                _global_impure_ptr
 .rodata._vfprintf_r.str1.1
                0x00006200       0x11 c:/users/xsegg/appdata/local/arduino15/packages/arduino/tools/arm-none-eabi-gcc/7-2017q4/bin/../lib/gcc/arm-none-eabi/7.2.1/../../../../arm-none-eabi/lib/thumb/v6-m\libc_nano.a(lib_a-nano-vfprintf.o)
 .rodata._printf_i.str1.1
                0x00006211       0x22 c:/users/xsegg/appdata/local/arduino15/packages/arduino/tools/arm-none-eabi-gcc/7-2017q4/bin/../lib/gcc/arm-none-eabi/7.2.1/../../../../arm-none-eabi/lib/thumb/v6-m\libc_nano.a(lib_a-nano-vfprintf_i.o)
 *fill*         0x00006233        0x1 
 .rodata.__sf_fake_stderr
                0x00006234       0x20 c:/users/xsegg/appdata/local/arduino15/packages/arduino/tools/arm-none-eabi-gcc/7-2017q4/bin/../lib/gcc/arm-none-eabi/7.2.1/../../../../arm-none-eabi/lib/thumb/v6-m\libc_nano.a(lib_a-findfp.o)
                0x00006234                __sf_fake_stderr
 .rodata.__sf_fake_stdin
                0x00006254       0x20 c:/users/xsegg/appdata/local/arduino15/packages/arduino/tools/arm-none-eabi-gcc/7-2017q4/bin/../lib/gcc/arm-none-eabi/7.2.1/../../../../arm-none-eabi/lib/thumb/v6-m\libc_nano.a(lib_a-findfp.o)
                0x00006254                __sf_fake_stdin
 .rodata.__sf_fake_stdout
                0x00006274       0x20 c:/users/xsegg/appdata/local/arduino15/packages/arduino/tools/arm-none-eabi-gcc/7-2017q4/bin/../lib/gcc/arm-none-eabi/7.2.1/../../../../arm-none-eabi/lib/thumb/v6-m\libc_nano.a(lib_a-findfp.o)
                0x00006274                __sf_fake_stdout
 *(.eh_frame*)
 .eh_frame      0x00006294        0x0 c:/users/xsegg/appdata/local/arduino15/packages/arduino/tools/arm-none-eabi-gcc/7-2017q4/bin/../lib/gcc/arm-none-eabi/7.2.1/thumb/v6-m/crtbegin.o
 .eh_frame      0x00006294        0x4 c:/users/xsegg/appdata/local/arduino15/packages/arduino/tools/arm-none-eabi-gcc/7-2017q4/bin/../lib/gcc/arm-none-eabi/7.2.1/thumb/v6-m/crtend.o

.glue_7         0x00006298        0x0
 .glue_7        0x00006298        0x0 linker stubs

.glue_7t        0x00006298        0x0
 .glue_7t       0x00006298        0x0 linker stubs

.vfp11_veneer   0x00006298        0x0
 .vfp11_veneer  0x00006298        0x0 linker stubs

.v4_bx          0x00006298        0x0
 .v4_bx         0x00006298        0x0 linker stubs

.iplt           0x00006298        0x0
 .iplt          0x00006298        0x0 c:/users/xsegg/appdata/local/arduino15/packages/arduino/tools/arm-none-eabi-gcc/7-2017q4/bin/../lib/gcc/arm-none-eabi/7.2.1/thumb/v6-m/crtbegin.o

.rel.dyn        0x00006298        0x0
 .rel.iplt      0x00006298        0x0 c:/users/xsegg/appdata/local/arduino15/packages/arduino/tools/arm-none-eabi-gcc/7-2017q4/bin/../lib/gcc/arm-none-eabi/7.2.1/thumb/v6-m/crtbegin.o

.ARM.extab
 *(.ARM.extab* .gnu.linkonce.armextab.*)
                0x00006298                __exidx_start = .

.ARM.exidx
 *(.ARM.exidx* .gnu.linkonce.armexidx.*)
                0x00006298                __exidx_end = .
                0x00006298                __etext = .

.data           0x20000000       0x9c load address 0x00006298
                0x20000000                __data_start__ = .
 *(vtable)
 *(.data*)
 .data          0x20000000        0x4 c:/users/xsegg/appdata/local/arduino15/packages/arduino/tools/arm-none-eabi-gcc/7-2017q4/bin/../lib/gcc/arm-none-eabi/7.2.1/thumb/v6-m/crtbegin.o
                0x20000000                __dso_handle
 .data.SystemCoreClock
                0x20000004        0x4 Z:\Documents\Git\motoractuatedvalve-controller\build/core\core.a(wiring.c.o)
                0x20000004                SystemCoreClock
 .data._ZL5ticks
                0x20000008        0x4 Z:\Documents\Git\motoractuatedvalve-controller\build/core\core.a(Reset.cpp.o)
 .data._ZL10breakValue
                0x2000000c        0x4 Z:\Documents\Git\motoractuatedvalve-controller\build/core\core.a(CDC.cpp.o)
 .data._ZL12_usbLineInfo
                0x20000010        0x8 Z:\Documents\Git\motoractuatedvalve-controller\build/core\core.a(CDC.cpp.o)
 .data._serialPeek
                0x20000018        0x4 Z:\Documents\Git\motoractuatedvalve-controller\build/core\core.a(CDC.cpp.o)
                0x20000018                _serialPeek
 .data._impure_ptr
                0x2000001c        0x4 c:/users/xsegg/appdata/local/arduino15/packages/arduino/tools/arm-none-eabi-gcc/7-2017q4/bin/../lib/gcc/arm-none-eabi/7.2.1/../../../../arm-none-eabi/lib/thumb/v6-m\libc_nano.a(lib_a-impure.o)
                0x2000001c                _impure_ptr
 .data.impure_data
                0x20000020       0x60 c:/users/xsegg/appdata/local/arduino15/packages/arduino/tools/arm-none-eabi-gcc/7-2017q4/bin/../lib/gcc/arm-none-eabi/7.2.1/../../../../arm-none-eabi/lib/thumb/v6-m\libc_nano.a(lib_a-impure.o)
                0x20000080                . = ALIGN (0x4)
                0x20000080                PROVIDE (__preinit_array_start, .)
 *(.preinit_array)
                0x20000080                PROVIDE (__preinit_array_end, .)
                0x20000080                . = ALIGN (0x4)
                0x20000080                PROVIDE (__init_array_start, .)
 *(SORT_BY_NAME(.init_array.*))
 *(.init_array)
 .init_array    0x20000080        0x4 c:/users/xsegg/appdata/local/arduino15/packages/arduino/tools/arm-none-eabi-gcc/7-2017q4/bin/../lib/gcc/arm-none-eabi/7.2.1/thumb/v6-m/crtbegin.o
 .init_array    0x20000084        0x4 Z:\Documents\Git\motoractuatedvalve-controller\build\sketch\Serial1Test.ino.cpp.o
 .init_array    0x20000088        0x4 Z:\Documents\Git\motoractuatedvalve-controller\build\libraries\SPI\SPI.cpp.o
 .init_array    0x2000008c        0x4 Z:\Documents\Git\motoractuatedvalve-controller\build\core\variant.cpp.o
 .init_array    0x20000090        0x4 Z:\Documents\Git\motoractuatedvalve-controller\build/core\core.a(USBCore.cpp.o)
 .init_array    0x20000094        0x4 Z:\Documents\Git\motoractuatedvalve-controller\build/core\core.a(CDC.cpp.o)
                0x20000098                PROVIDE (__init_array_end, .)
                0x20000098                . = ALIGN (0x4)
                [!provide]                PROVIDE (__fini_array_start, .)
 *(SORT_BY_NAME(.fini_array.*))
 *(.fini_array)
 .fini_array    0x20000098        0x4 c:/users/xsegg/appdata/local/arduino15/packages/arduino/tools/arm-none-eabi-gcc/7-2017q4/bin/../lib/gcc/arm-none-eabi/7.2.1/thumb/v6-m/crtbegin.o
                [!provide]                PROVIDE (__fini_array_end, .)
 *(.jcr*)
                0x2000009c                . = ALIGN (0x4)
                0x2000009c                __data_end__ = .

.igot.plt       0x2000009c        0x0 load address 0x00006334
 .igot.plt      0x2000009c        0x0 c:/users/xsegg/appdata/local/arduino15/packages/arduino/tools/arm-none-eabi-gcc/7-2017q4/bin/../lib/gcc/arm-none-eabi/7.2.1/thumb/v6-m/crtbegin.o

.bss            0x2000009c      0xdc0 load address 0x00006334
                0x2000009c                . = ALIGN (0x4)
                0x2000009c                __bss_start__ = .
 *(.bss*)
 .bss           0x2000009c       0x1c c:/users/xsegg/appdata/local/arduino15/packages/arduino/tools/arm-none-eabi-gcc/7-2017q4/bin/../lib/gcc/arm-none-eabi/7.2.1/thumb/v6-m/crtbegin.o
 .bss.mySPI     0x200000b8       0x20 Z:\Documents\Git\motoractuatedvalve-controller\build\sketch\Serial1Test.ino.cpp.o
                0x200000b8                mySPI
 .bss.SPI       0x200000d8       0x20 Z:\Documents\Git\motoractuatedvalve-controller\build\libraries\SPI\SPI.cpp.o
                0x200000d8                SPI
 .bss.SPI1      0x200000f8       0x20 Z:\Documents\Git\motoractuatedvalve-controller\build\libraries\SPI\SPI.cpp.o
                0x200000f8                SPI1
 .bss._ZN7arduinoL20DEFAULT_SPI_SETTINGSE
                0x20000118        0x8 Z:\Documents\Git\motoractuatedvalve-controller\build\libraries\SPI\SPI.cpp.o
 .bss.Serial1   0x20000120      0x244 Z:\Documents\Git\motoractuatedvalve-controller\build\core\variant.cpp.o
                0x20000120                Serial1
 .bss.Serial2   0x20000364      0x244 Z:\Documents\Git\motoractuatedvalve-controller\build\core\variant.cpp.o
                0x20000364                Serial2
 .bss.SerialHCI
                0x200005a8      0x244 Z:\Documents\Git\motoractuatedvalve-controller\build\core\variant.cpp.o
                0x200005a8                SerialHCI
 .bss.sercom0   0x200007ec        0x8 Z:\Documents\Git\motoractuatedvalve-controller\build\core\variant.cpp.o
                0x200007ec                sercom0
 .bss.sercom1   0x200007f4        0x8 Z:\Documents\Git\motoractuatedvalve-controller\build\core\variant.cpp.o
                0x200007f4                sercom1
 .bss.sercom2   0x200007fc        0x8 Z:\Documents\Git\motoractuatedvalve-controller\build\core\variant.cpp.o
                0x200007fc                sercom2
 .bss.sercom3   0x20000804        0x8 Z:\Documents\Git\motoractuatedvalve-controller\build\core\variant.cpp.o
                0x20000804                sercom3
 .bss.sercom4   0x2000080c        0x8 Z:\Documents\Git\motoractuatedvalve-controller\build\core\variant.cpp.o
                0x2000080c                sercom4
 .bss.sercom5   0x20000814        0x8 Z:\Documents\Git\motoractuatedvalve-controller\build\core\variant.cpp.o
                0x20000814                sercom5
 .bss.usb_isr   0x2000081c        0x4 Z:\Documents\Git\motoractuatedvalve-controller\build/core\core.a(cortex_handlers.c.o)
 .bss._ulTickCount
                0x20000820        0x4 Z:\Documents\Git\motoractuatedvalve-controller\build/core\core.a(delay.c.o)
 .bss.EndPoints
                0x20000824       0x28 Z:\Documents\Git\motoractuatedvalve-controller\build/core\core.a(USBCore.cpp.o)
                0x20000824                EndPoints
 .bss.USBDevice
                0x2000084c        0x1 Z:\Documents\Git\motoractuatedvalve-controller\build/core\core.a(USBCore.cpp.o)
                0x2000084c                USBDevice
 *fill*         0x2000084d        0x3 
 .bss._ZL10epHandlers
                0x20000850       0x1c Z:\Documents\Git\motoractuatedvalve-controller\build/core\core.a(USBCore.cpp.o)
 .bss._ZL14isEndpointHalt
                0x2000086c        0x1 Z:\Documents\Git\motoractuatedvalve-controller\build/core\core.a(USBCore.cpp.o)
 .bss._ZL20LastTransmitTimedOut
                0x2000086d        0x7 Z:\Documents\Git\motoractuatedvalve-controller\build/core\core.a(USBCore.cpp.o)
 .bss._ZL21isRemoteWakeUpEnabled
                0x20000874        0x1 Z:\Documents\Git\motoractuatedvalve-controller\build/core\core.a(USBCore.cpp.o)
 *fill*         0x20000875        0x3 
 .bss._ZL22udd_ep_in_cache_buffer
                0x20000878      0x1c0 Z:\Documents\Git\motoractuatedvalve-controller\build/core\core.a(USBCore.cpp.o)
 .bss._ZL23udd_ep_out_cache_buffer
                0x20000a38      0x1c0 Z:\Documents\Git\motoractuatedvalve-controller\build/core\core.a(USBCore.cpp.o)
 .bss._dry_run  0x20000bf8        0x1 Z:\Documents\Git\motoractuatedvalve-controller\build/core\core.a(USBCore.cpp.o)
                0x20000bf8                _dry_run
 .bss._pack_buffer
                0x20000bf9      0x100 Z:\Documents\Git\motoractuatedvalve-controller\build/core\core.a(USBCore.cpp.o)
                0x20000bf9                _pack_buffer
 .bss._pack_message
                0x20000cf9        0x1 Z:\Documents\Git\motoractuatedvalve-controller\build/core\core.a(USBCore.cpp.o)
                0x20000cf9                _pack_message
 .bss._pack_size
                0x20000cfa        0x2 Z:\Documents\Git\motoractuatedvalve-controller\build/core\core.a(USBCore.cpp.o)
                0x20000cfa                _pack_size
 .bss._usbConfiguration
                0x20000cfc        0x4 Z:\Documents\Git\motoractuatedvalve-controller\build/core\core.a(USBCore.cpp.o)
                0x20000cfc                _usbConfiguration
 .bss._usbSetInterface
                0x20000d00        0x4 Z:\Documents\Git\motoractuatedvalve-controller\build/core\core.a(USBCore.cpp.o)
                0x20000d00                _usbSetInterface
 .bss.usbd      0x20000d04      0x104 Z:\Documents\Git\motoractuatedvalve-controller\build/core\core.a(USBCore.cpp.o)
                0x20000d04                usbd
 .bss._ZGVZ12PluggableUSBvE3obj
                0x20000e08        0x4 Z:\Documents\Git\motoractuatedvalve-controller\build/core\core.a(PluggableUSB.cpp.o)
 .bss._ZZ12PluggableUSBvE3obj
                0x20000e0c        0xc Z:\Documents\Git\motoractuatedvalve-controller\build/core\core.a(PluggableUSB.cpp.o)
 .bss.SerialUSB
                0x20000e18       0x34 Z:\Documents\Git\motoractuatedvalve-controller\build/core\core.a(CDC.cpp.o)
                0x20000e18                SerialUSB
 .bss.__malloc_free_list
                0x20000e4c        0x4 c:/users/xsegg/appdata/local/arduino15/packages/arduino/tools/arm-none-eabi-gcc/7-2017q4/bin/../lib/gcc/arm-none-eabi/7.2.1/../../../../arm-none-eabi/lib/thumb/v6-m\libc_nano.a(lib_a-nano-mallocr.o)
                0x20000e4c                __malloc_free_list
 .bss.__malloc_sbrk_start
                0x20000e50        0x4 c:/users/xsegg/appdata/local/arduino15/packages/arduino/tools/arm-none-eabi-gcc/7-2017q4/bin/../lib/gcc/arm-none-eabi/7.2.1/../../../../arm-none-eabi/lib/thumb/v6-m\libc_nano.a(lib_a-nano-mallocr.o)
                0x20000e50                __malloc_sbrk_start
 .bss.heap_end.4102
                0x20000e54        0x4 c:/users/xsegg/appdata/local/arduino15/packages/arduino/tools/arm-none-eabi-gcc/7-2017q4/bin/../lib/gcc/arm-none-eabi/7.2.1/../../../../arm-none-eabi/lib/thumb/v6-m\libnosys.a(sbrk.o)
 *(COMMON)
 COMMON         0x20000e58        0x4 c:/users/xsegg/appdata/local/arduino15/packages/arduino/tools/arm-none-eabi-gcc/7-2017q4/bin/../lib/gcc/arm-none-eabi/7.2.1/../../../../arm-none-eabi/lib/thumb/v6-m\libc_nano.a(lib_a-reent.o)
                0x20000e58                errno
                0x20000e5c                . = ALIGN (0x4)
                0x20000e5c                __bss_end__ = .

.heap           0x20000e5c        0x0
                0x20000e5c                __end__ = .
                0x20000e5c                PROVIDE (end, .)
 *(.heap*)
                0x20000e5c                __HeapLimit = .

.stack_dummy    0x20000e5c        0x0
 *(.stack*)
                0x20008000                __StackTop = (ORIGIN (RAM) + LENGTH (RAM))
                0x20008000                __StackLimit = (__StackTop - SIZEOF (.stack_dummy))
                0x20008000                PROVIDE (__stack, __StackTop)
                0x20007fff                __ram_end__ = ((ORIGIN (RAM) + LENGTH (RAM)) - 0x1)
                0x00000001                ASSERT ((__StackLimit >= __HeapLimit), region RAM overflowed with stack)
OUTPUT(Z:\Documents\Git\motoractuatedvalve-controller\build/Serial1Test.ino.elf elf32-littlearm)

.ARM.attributes
                0x00000000       0x28
 .ARM.attributes
                0x00000000       0x1e c:/users/xsegg/appdata/local/arduino15/packages/arduino/tools/arm-none-eabi-gcc/7-2017q4/bin/../lib/gcc/arm-none-eabi/7.2.1/thumb/v6-m/crti.o
 .ARM.attributes
                0x0000001e       0x2c c:/users/xsegg/appdata/local/arduino15/packages/arduino/tools/arm-none-eabi-gcc/7-2017q4/bin/../lib/gcc/arm-none-eabi/7.2.1/thumb/v6-m/crtbegin.o
 .ARM.attributes
                0x0000004a       0x32 Z:\Documents\Git\motoractuatedvalve-controller\build\sketch\Serial1Test.ino.cpp.o
 .ARM.attributes
                0x0000007c       0x32 Z:\Documents\Git\motoractuatedvalve-controller\build\libraries\SPI\SPI.cpp.o
 .ARM.attributes
                0x000000ae       0x32 Z:\Documents\Git\motoractuatedvalve-controller\build\core\variant.cpp.o
 .ARM.attributes
                0x000000e0       0x32 Z:\Documents\Git\motoractuatedvalve-controller\build/core\core.a(SERCOM.cpp.o)
 .ARM.attributes
                0x00000112       0x32 Z:\Documents\Git\motoractuatedvalve-controller\build/core\core.a(Uart.cpp.o)
 .ARM.attributes
                0x00000144       0x32 Z:\Documents\Git\motoractuatedvalve-controller\build/core\core.a(Print.cpp.o)
 .ARM.attributes
                0x00000176       0x32 Z:\Documents\Git\motoractuatedvalve-controller\build/core\core.a(cortex_handlers.c.o)
 .ARM.attributes
                0x000001a8       0x32 Z:\Documents\Git\motoractuatedvalve-controller\build/core\core.a(delay.c.o)
 .ARM.attributes
                0x000001da       0x32 Z:\Documents\Git\motoractuatedvalve-controller\build/core\core.a(hooks.c.o)
 .ARM.attributes
                0x0000020c       0x32 Z:\Documents\Git\motoractuatedvalve-controller\build/core\core.a(main.cpp.o)
 .ARM.attributes
                0x0000023e       0x32 Z:\Documents\Git\motoractuatedvalve-controller\build/core\core.a(new.cpp.o)
 .ARM.attributes
                0x00000270       0x32 Z:\Documents\Git\motoractuatedvalve-controller\build/core\core.a(startup.c.o)
 .ARM.attributes
                0x000002a2       0x32 Z:\Documents\Git\motoractuatedvalve-controller\build/core\core.a(wiring.c.o)
 .ARM.attributes
                0x000002d4       0x32 Z:\Documents\Git\motoractuatedvalve-controller\build/core\core.a(wiring_analog.c.o)
 .ARM.attributes
                0x00000306       0x32 Z:\Documents\Git\motoractuatedvalve-controller\build/core\core.a(wiring_digital.c.o)
 .ARM.attributes
                0x00000338       0x32 Z:\Documents\Git\motoractuatedvalve-controller\build/core\core.a(wiring_private.c.o)
 .ARM.attributes
                0x0000036a       0x32 Z:\Documents\Git\motoractuatedvalve-controller\build/core\core.a(Reset.cpp.o)
 .ARM.attributes
                0x0000039c       0x32 Z:\Documents\Git\motoractuatedvalve-controller\build/core\core.a(USBCore.cpp.o)
 .ARM.attributes
                0x000003ce       0x32 Z:\Documents\Git\motoractuatedvalve-controller\build/core\core.a(PluggableUSB.cpp.o)
 .ARM.attributes
                0x00000400       0x32 Z:\Documents\Git\motoractuatedvalve-controller\build/core\core.a(CDC.cpp.o)
 .ARM.attributes
                0x00000432       0x2c c:/users/xsegg/appdata/local/arduino15/packages/arduino/tools/arm-none-eabi-gcc/7-2017q4/bin/../lib/gcc/arm-none-eabi/7.2.1/../../../../arm-none-eabi/lib/thumb/v6-m\libstdc++_nano.a(atexit_arm.o)
 .ARM.attributes
                0x0000045e       0x1e c:/users/xsegg/appdata/local/arduino15/packages/arduino/tools/arm-none-eabi-gcc/7-2017q4/bin/../lib/gcc/arm-none-eabi/7.2.1/thumb/v6-m\libgcc.a(_thumb1_case_uqi.o)
 .ARM.attributes
                0x0000047c       0x1e c:/users/xsegg/appdata/local/arduino15/packages/arduino/tools/arm-none-eabi-gcc/7-2017q4/bin/../lib/gcc/arm-none-eabi/7.2.1/thumb/v6-m\libgcc.a(_udivsi3.o)
 .ARM.attributes
                0x0000049a       0x1e c:/users/xsegg/appdata/local/arduino15/packages/arduino/tools/arm-none-eabi-gcc/7-2017q4/bin/../lib/gcc/arm-none-eabi/7.2.1/thumb/v6-m\libgcc.a(_dvmd_tls.o)
 .ARM.attributes
                0x000004b8       0x2c c:/users/xsegg/appdata/local/arduino15/packages/arduino/tools/arm-none-eabi-gcc/7-2017q4/bin/../lib/gcc/arm-none-eabi/7.2.1/../../../../arm-none-eabi/lib/thumb/v6-m\libc_nano.a(lib_a-assert.o)
 .ARM.attributes
                0x000004e4       0x2c c:/users/xsegg/appdata/local/arduino15/packages/arduino/tools/arm-none-eabi-gcc/7-2017q4/bin/../lib/gcc/arm-none-eabi/7.2.1/../../../../arm-none-eabi/lib/thumb/v6-m\libc_nano.a(lib_a-cxa_atexit.o)
 .ARM.attributes
                0x00000510       0x2c c:/users/xsegg/appdata/local/arduino15/packages/arduino/tools/arm-none-eabi-gcc/7-2017q4/bin/../lib/gcc/arm-none-eabi/7.2.1/../../../../arm-none-eabi/lib/thumb/v6-m\libc_nano.a(lib_a-fprintf.o)
 .ARM.attributes
                0x0000053c       0x2c c:/users/xsegg/appdata/local/arduino15/packages/arduino/tools/arm-none-eabi-gcc/7-2017q4/bin/../lib/gcc/arm-none-eabi/7.2.1/../../../../arm-none-eabi/lib/thumb/v6-m\libc_nano.a(lib_a-impure.o)
 .ARM.attributes
                0x00000568       0x2c c:/users/xsegg/appdata/local/arduino15/packages/arduino/tools/arm-none-eabi-gcc/7-2017q4/bin/../lib/gcc/arm-none-eabi/7.2.1/../../../../arm-none-eabi/lib/thumb/v6-m\libc_nano.a(lib_a-init.o)
 .ARM.attributes
                0x00000594       0x2c c:/users/xsegg/appdata/local/arduino15/packages/arduino/tools/arm-none-eabi-gcc/7-2017q4/bin/../lib/gcc/arm-none-eabi/7.2.1/../../../../arm-none-eabi/lib/thumb/v6-m\libc_nano.a(lib_a-malloc.o)
 .ARM.attributes
                0x000005c0       0x2c c:/users/xsegg/appdata/local/arduino15/packages/arduino/tools/arm-none-eabi-gcc/7-2017q4/bin/../lib/gcc/arm-none-eabi/7.2.1/../../../../arm-none-eabi/lib/thumb/v6-m\libc_nano.a(lib_a-memcpy-stub.o)
 .ARM.attributes
                0x000005ec       0x2c c:/users/xsegg/appdata/local/arduino15/packages/arduino/tools/arm-none-eabi-gcc/7-2017q4/bin/../lib/gcc/arm-none-eabi/7.2.1/../../../../arm-none-eabi/lib/thumb/v6-m\libc_nano.a(lib_a-memset.o)
 .ARM.attributes
                0x00000618       0x2c c:/users/xsegg/appdata/local/arduino15/packages/arduino/tools/arm-none-eabi-gcc/7-2017q4/bin/../lib/gcc/arm-none-eabi/7.2.1/../../../../arm-none-eabi/lib/thumb/v6-m\libc_nano.a(lib_a-nano-freer.o)
 .ARM.attributes
                0x00000644       0x2c c:/users/xsegg/appdata/local/arduino15/packages/arduino/tools/arm-none-eabi-gcc/7-2017q4/bin/../lib/gcc/arm-none-eabi/7.2.1/../../../../arm-none-eabi/lib/thumb/v6-m\libc_nano.a(lib_a-nano-mallocr.o)
 .ARM.attributes
                0x00000670       0x2c c:/users/xsegg/appdata/local/arduino15/packages/arduino/tools/arm-none-eabi-gcc/7-2017q4/bin/../lib/gcc/arm-none-eabi/7.2.1/../../../../arm-none-eabi/lib/thumb/v6-m\libc_nano.a(lib_a-nano-vfprintf.o)
 .ARM.attributes
                0x0000069c       0x2c c:/users/xsegg/appdata/local/arduino15/packages/arduino/tools/arm-none-eabi-gcc/7-2017q4/bin/../lib/gcc/arm-none-eabi/7.2.1/../../../../arm-none-eabi/lib/thumb/v6-m\libc_nano.a(lib_a-nano-vfprintf_i.o)
 .ARM.attributes
                0x000006c8       0x2c c:/users/xsegg/appdata/local/arduino15/packages/arduino/tools/arm-none-eabi-gcc/7-2017q4/bin/../lib/gcc/arm-none-eabi/7.2.1/../../../../arm-none-eabi/lib/thumb/v6-m\libc_nano.a(lib_a-sbrkr.o)
 .ARM.attributes
                0x000006f4       0x1c c:/users/xsegg/appdata/local/arduino15/packages/arduino/tools/arm-none-eabi-gcc/7-2017q4/bin/../lib/gcc/arm-none-eabi/7.2.1/../../../../arm-none-eabi/lib/thumb/v6-m\libc_nano.a(lib_a-strlen.o)
 .ARM.attributes
                0x00000710       0x2c c:/users/xsegg/appdata/local/arduino15/packages/arduino/tools/arm-none-eabi-gcc/7-2017q4/bin/../lib/gcc/arm-none-eabi/7.2.1/../../../../arm-none-eabi/lib/thumb/v6-m\libc_nano.a(lib_a-wbuf.o)
 .ARM.attributes
                0x0000073c       0x2c c:/users/xsegg/appdata/local/arduino15/packages/arduino/tools/arm-none-eabi-gcc/7-2017q4/bin/../lib/gcc/arm-none-eabi/7.2.1/../../../../arm-none-eabi/lib/thumb/v6-m\libc_nano.a(lib_a-wsetup.o)
 .ARM.attributes
                0x00000768       0x2c c:/users/xsegg/appdata/local/arduino15/packages/arduino/tools/arm-none-eabi-gcc/7-2017q4/bin/../lib/gcc/arm-none-eabi/7.2.1/../../../../arm-none-eabi/lib/thumb/v6-m\libc_nano.a(lib_a-abort.o)
 .ARM.attributes
                0x00000794       0x2c c:/users/xsegg/appdata/local/arduino15/packages/arduino/tools/arm-none-eabi-gcc/7-2017q4/bin/../lib/gcc/arm-none-eabi/7.2.1/../../../../arm-none-eabi/lib/thumb/v6-m\libc_nano.a(lib_a-fflush.o)
 .ARM.attributes
                0x000007c0       0x2c c:/users/xsegg/appdata/local/arduino15/packages/arduino/tools/arm-none-eabi-gcc/7-2017q4/bin/../lib/gcc/arm-none-eabi/7.2.1/../../../../arm-none-eabi/lib/thumb/v6-m\libc_nano.a(lib_a-findfp.o)
 .ARM.attributes
                0x000007ec       0x2c c:/users/xsegg/appdata/local/arduino15/packages/arduino/tools/arm-none-eabi-gcc/7-2017q4/bin/../lib/gcc/arm-none-eabi/7.2.1/../../../../arm-none-eabi/lib/thumb/v6-m\libc_nano.a(lib_a-fwalk.o)
 .ARM.attributes
                0x00000818       0x2c c:/users/xsegg/appdata/local/arduino15/packages/arduino/tools/arm-none-eabi-gcc/7-2017q4/bin/../lib/gcc/arm-none-eabi/7.2.1/../../../../arm-none-eabi/lib/thumb/v6-m\libc_nano.a(lib_a-makebuf.o)
 .ARM.attributes
                0x00000844       0x2c c:/users/xsegg/appdata/local/arduino15/packages/arduino/tools/arm-none-eabi-gcc/7-2017q4/bin/../lib/gcc/arm-none-eabi/7.2.1/../../../../arm-none-eabi/lib/thumb/v6-m\libc_nano.a(lib_a-memchr-stub.o)
 .ARM.attributes
                0x00000870       0x2c c:/users/xsegg/appdata/local/arduino15/packages/arduino/tools/arm-none-eabi-gcc/7-2017q4/bin/../lib/gcc/arm-none-eabi/7.2.1/../../../../arm-none-eabi/lib/thumb/v6-m\libc_nano.a(lib_a-mlock.o)
 .ARM.attributes
                0x0000089c       0x2c c:/users/xsegg/appdata/local/arduino15/packages/arduino/tools/arm-none-eabi-gcc/7-2017q4/bin/../lib/gcc/arm-none-eabi/7.2.1/../../../../arm-none-eabi/lib/thumb/v6-m\libc_nano.a(lib_a-reent.o)
 .ARM.attributes
                0x000008c8       0x2c c:/users/xsegg/appdata/local/arduino15/packages/arduino/tools/arm-none-eabi-gcc/7-2017q4/bin/../lib/gcc/arm-none-eabi/7.2.1/../../../../arm-none-eabi/lib/thumb/v6-m\libc_nano.a(lib_a-signal.o)
 .ARM.attributes
                0x000008f4       0x2c c:/users/xsegg/appdata/local/arduino15/packages/arduino/tools/arm-none-eabi-gcc/7-2017q4/bin/../lib/gcc/arm-none-eabi/7.2.1/../../../../arm-none-eabi/lib/thumb/v6-m\libc_nano.a(lib_a-signalr.o)
 .ARM.attributes
                0x00000920       0x2c c:/users/xsegg/appdata/local/arduino15/packages/arduino/tools/arm-none-eabi-gcc/7-2017q4/bin/../lib/gcc/arm-none-eabi/7.2.1/../../../../arm-none-eabi/lib/thumb/v6-m\libc_nano.a(lib_a-stdio.o)
 .ARM.attributes
                0x0000094c       0x2c c:/users/xsegg/appdata/local/arduino15/packages/arduino/tools/arm-none-eabi-gcc/7-2017q4/bin/../lib/gcc/arm-none-eabi/7.2.1/../../../../arm-none-eabi/lib/thumb/v6-m\libc_nano.a(lib_a-writer.o)
 .ARM.attributes
                0x00000978       0x2c c:/users/xsegg/appdata/local/arduino15/packages/arduino/tools/arm-none-eabi-gcc/7-2017q4/bin/../lib/gcc/arm-none-eabi/7.2.1/../../../../arm-none-eabi/lib/thumb/v6-m\libc_nano.a(lib_a-closer.o)
 .ARM.attributes
                0x000009a4       0x2c c:/users/xsegg/appdata/local/arduino15/packages/arduino/tools/arm-none-eabi-gcc/7-2017q4/bin/../lib/gcc/arm-none-eabi/7.2.1/../../../../arm-none-eabi/lib/thumb/v6-m\libc_nano.a(lib_a-fstatr.o)
 .ARM.attributes